Archive member included to satisfy reference by file (symbol)

platform/libplatform_s.a(e79bfe57.o)
                              .o/7c53e84e/ad80bad0.o (SystemInit)
platform/libplatform_s.a(25effa0b.o)
                              .o/7c53e84e/b6520f50.o (CRACEN_IRQHandler)
platform/libplatform_s.a(1408bb02.o)
                              .o/7c53e84e/c4f91c40.o (store_and_dump_context)
platform/libplatform_s.a(aa953aba.o)
                              platform/libplatform_s.a(1408bb02.o) (tfm_log)
platform/libplatform_s.a(7b43e138.o)
                              platform/libplatform_s.a(aa953aba.o) (stdio_output_string)
platform/libplatform_s.a(0e63cdd9.o)
                              platform/libplatform_s.a(7b43e138.o) (Driver_USART30)
platform/libplatform_s.a(b74b2b8c.o)
                              platform/libplatform_s.a(0e63cdd9.o) (nrfx_uarte_init)
platform/libplatform_s.a(12126d6b.o)
                              platform/libplatform_s.a(b74b2b8c.o) (nrfx_critical_section_enter)
secure_fw/partitions/lib/runtime/libtfm_sprt.a(39aaa239.o)
                              platform/libplatform_s.a(b74b2b8c.o) (memmove)
secure_fw/partitions/lib/runtime/libtfm_sprt.a(c27cd3a7.o)
                              (_exit)
secure_fw/partitions/lib/runtime/libtfm_sprt.a(d195ac4e.o)
                              platform/libplatform_s.a(1408bb02.o) (memcpy)
secure_fw/partitions/lib/runtime/libtfm_sprt.a(db6df9ce.o)
                              platform/libplatform_s.a(b74b2b8c.o) (memset)
secure_fw/partitions/lib/runtime/libtfm_sprt.a(c3806ba3.o)
                              .o/7c53e84e/ad80bad0.o (_start)
secure_fw/partitions/lib/runtime/libtfm_sprt.a(7bb9076b.o)
                              .o/7c53e84e/55e15aed.o (psa_framework_version)
secure_fw/partitions/lib/runtime/libtfm_sprt.a(38f08bc4.o)
                              platform/libplatform_s.a(aa953aba.o) (tfm_vprintf)
secure_fw/partitions/lib/runtime/libtfm_sprt.a(e9f80411.o)
                              secure_fw/partitions/lib/runtime/libtfm_sprt.a(7bb9076b.o) (p_partition_metadata)
secure_fw/spm/libtfm_spm.a(a4f4375c.o)
                              .o/7c53e84e/ad80bad0.o (tfm_core_panic)
secure_fw/spm/libtfm_spm.a(233fb2fa.o)
                              secure_fw/partitions/lib/runtime/libtfm_sprt.a(c3806ba3.o) (main)
secure_fw/spm/libtfm_spm.a(96a08669.o)
                              secure_fw/spm/libtfm_spm.a(233fb2fa.o) (tfm_arch_set_secure_exception_priorities)
secure_fw/spm/libtfm_spm.a(3d8f5fbb.o)
                              .o/7c53e84e/4a17dd73.o (ns_agent_tz_main)
secure_fw/spm/libtfm_spm.a(b402fa3a.o)
                              secure_fw/spm/libtfm_spm.a(233fb2fa.o) (tfm_hal_set_up_static_boundaries)
secure_fw/spm/libtfm_spm.a(7eadf0b9.o)
                              .o/7c53e84e/b6520f50.o (SPU00_IRQHandler)
secure_fw/spm/libtfm_spm.a(24fd5d43.o)
                              secure_fw/spm/libtfm_spm.a(b402fa3a.o) (memory_regions)
secure_fw/spm/libtfm_spm.a(12ad1583.o)
                              secure_fw/spm/libtfm_spm.a(b402fa3a.o) (sau_and_idau_cfg)
secure_fw/spm/libtfm_spm.a(378d46cf.o)
                              secure_fw/spm/libtfm_spm.a(b402fa3a.o) (tfm_peripheral_uarte30)
secure_fw/spm/libtfm_spm.a(e61b613c.o)
                              secure_fw/spm/libtfm_spm.a(233fb2fa.o) (tfm_core_validate_boot_data)
secure_fw/spm/libtfm_spm.a(a2c57787.o)
                              secure_fw/spm/libtfm_spm.a(e61b613c.o) (tfm_spm_partition_get_running_partition_id)
secure_fw/spm/libtfm_spm.a(d493f55c.o)
                              secure_fw/spm/libtfm_spm.a(a2c57787.o) (load_a_partition_assuredly)
secure_fw/spm/libtfm_spm.a(21ba3aac.o)
                              secure_fw/spm/libtfm_spm.a(a2c57787.o) (backend_init_comp_assuredly)
secure_fw/spm/libtfm_spm.a(322c5517.o)
                              secure_fw/spm/libtfm_spm.a(96a08669.o) (spm_svc_handler)
secure_fw/spm/libtfm_spm.a(28ff2e85.o)
                              secure_fw/spm/libtfm_spm.a(21ba3aac.o) (thrd_set_query_callback)
secure_fw/spm/libtfm_spm.a(d1aa4119.o)
                              secure_fw/spm/libtfm_spm.a(21ba3aac.o) (tz_ns_agent_register_client_id_range)
secure_fw/spm/libtfm_spm.a(1885b225.o)
                              secure_fw/spm/libtfm_spm.a(a2c57787.o) (connection_to_handle)
secure_fw/spm/libtfm_spm.a(3d3036fa.o)
                              secure_fw/spm/libtfm_spm.a(d1aa4119.o) (tfm_hal_get_ns_VTOR)
secure_fw/spm/libtfm_spm.a(a1cf36ca.o)
                              secure_fw/spm/libtfm_spm.a(322c5517.o) (tfm_arch_free_msp_and_exc_ret)
secure_fw/spm/libtfm_spm.a(fb97e8e6.o)
                              secure_fw/spm/libtfm_spm.a(21ba3aac.o) (spm_handle_programmer_errors)
secure_fw/spm/libtfm_spm.a(e0c11d75.o)
                              secure_fw/spm/libtfm_spm.a(1885b225.o) (tfm_pool_init)
secure_fw/partitions/crypto/libtfm_psa_rot_partition_crypto.a(c4becccf.o)
[...]
Memory Configuration

Name             Origin             Length             Attributes
FLASH            0x00000000         0x00080000         xr
RAM              0x20000000         0x00040000         rw
*default*        0x00000000         0xffffffff

Linker script and memory map

LOAD .o/7c53e84e/55e15aed.o
LOAD .o/7c53e84e/ad80bad0.o
LOAD .o/7c53e84e/b6520f50.o
LOAD .o/7c53e84e/c4f91c40.o
LOAD .o/7c53e84e/675e6056.o
LOAD .o/7c53e84e/e936d50b.o
LOAD .o/7c53e84e/e9fac25d.o
LOAD .o/7c53e84e/e02f61b2.o
LOAD .o/7c53e84e/7906446f.o
LOAD .o/7c53e84e/4a17dd73.o
LOAD .o/7c53e84e/624bbc15.o
LOAD platform/libplatform_s.a
LOAD secure_fw/partitions/lib/runtime/libtfm_sprt.a
LOAD secure_fw/spm/libtfm_spm.a
LOAD secure_fw/partitions/crypto/libtfm_psa_rot_partition_crypto.a
LOAD platform/libplatform_crypto_keys.a
LOAD secure_fw/partitions/crypto/tfpsacrypto/nrf_security_src/libcrypto_service_tfpsacrypto.a
LOAD secure_fw/partitions/protected_storage/libtfm_app_rot_partition_ps.a
LOAD secure_fw/partitions/internal_trusted_storage/libtfm_psa_rot_partition_its.a
LOAD secure_fw/partitions/platform/libtfm_psa_rot_partition_platform.a
LOAD secure_fw/partitions/crypto/tfpsacrypto/nrf_security_src/libnrf_security_utils.a
LOAD secure_fw/partitions/crypto/tfpsacrypto/nrf_security_src/core/nrf_oberon/libpsa_core.a
LOAD secure_fw/partitions/crypto/tfpsacrypto/nrf_security_src/drivers/cracen/libcracen_psa_driver.a
LOAD platform/libplatform_s.a
LOAD secure_fw/partitions/lib/runtime/libtfm_sprt.a
LOAD secure_fw/spm/libtfm_spm.a
LOAD secure_fw/partitions/crypto/libtfm_psa_rot_partition_crypto.a
LOAD platform/libplatform_crypto_keys.a
LOAD secure_fw/partitions/crypto/tfpsacrypto/nrf_security_src/libcrypto_service_tfpsacrypto.a
LOAD secure_fw/partitions/protected_storage/libtfm_app_rot_partition_ps.a
LOAD secure_fw/partitions/internal_trusted_storage/libtfm_psa_rot_partition_its.a
LOAD secure_fw/partitions/platform/libtfm_psa_rot_partition_platform.a
LOAD secure_fw/partitions/crypto/tfpsacrypto/nrf_security_src/libnrf_security_utils.a
LOAD secure_fw/partitions/crypto/tfpsacrypto/nrf_security_src/core/nrf_oberon/libpsa_core.a
LOAD secure_fw/partitions/crypto/tfpsacrypto/nrf_security_src/drivers/cracen/libcracen_psa_driver.a
LOAD platform/libplatform_s.a
LOAD secure_fw/partitions/lib/runtime/libtfm_sprt.a
LOAD secure_fw/spm/libtfm_spm.a
LOAD secure_fw/partitions/crypto/libtfm_psa_rot_partition_crypto.a
LOAD platform/libplatform_crypto_keys.a
LOAD secure_fw/partitions/crypto/tfpsacrypto/nrf_security_src/libcrypto_service_tfpsacrypto.a
LOAD secure_fw/partitions/protected_storage/libtfm_app_rot_partition_ps.a
LOAD secure_fw/partitions/internal_trusted_storage/libtfm_psa_rot_partition_its.a
LOAD secure_fw/partitions/platform/libtfm_psa_rot_partition_platform.a
LOAD secure_fw/partitions/crypto/tfpsacrypto/nrf_security_src/libnrf_security_utils.a
LOAD secure_fw/partitions/crypto/tfpsacrypto/nrf_security_src/core/nrf_oberon/libpsa_core.a
LOAD secure_fw/partitions/crypto/tfpsacrypto/nrf_security_src/drivers/cracen/libcracen_psa_driver.a
LOAD C:/ncs/toolchains/dcbdc366a1/opt/zephyr-sdk/gnu/arm-zephyr-eabi/bin/../lib/gcc/arm-zephyr-eabi/14.3.0/thumb/v8-m.main/nofp/space\libgcc.a
                0x00000800                        __msp_stack_size__ = 0x800
                0x00000000                        Image$$PT_RO_START$$Base = ADDR (.TFM_VECTORS)

.TFM_VECTORS    0x00000000      0x4c8
                0x00000000                        __vectors_start__ = .
 *(.vectors)
 .vectors       0x00000000      0x4c8 .o/7c53e84e/b6520f50.o
                0x00000000                __Vectors
                0x000004c8                        . = ALIGN (0x4)
                0x000004c8                        __vectors_end__ = .
                0x00000001                        ASSERT ((__vectors_start__ != __vectors_end__), .vectors should not be empty)
                0x00000001                        ASSERT ((. <= (ADDR (.TFM_VECTORS) + 0x4cc)), .TFM_VECTORS section size overflow.)
                0x000004cc                        . = (ADDR (.TFM_VECTORS) + 0x4cc)

.gnu.sgstubs    0x000004e0       0x40
 *(.gnu.sgstubs*)
 .gnu.sgstubs.__stub
                0x000004e0       0x28 linker stubs
                0x000004e0                tfm_psa_framework_version_veneer
                0x000004e8                tfm_psa_version_veneer
                0x000004f0                tfm_psa_close_veneer
                0x000004f8                tfm_psa_connect_veneer
                0x00000500                tfm_psa_call_veneer

.sgstubs_end    0x00000520        0x0

.TFM_SP_LOAD_LIST
                0x00000520      0x19c
 *(.part_load)
 .part_load     0x00000520       0x58 .o/7c53e84e/e936d50b.o
                0x00000520                tfm_sp_crypto_load
 .part_load     0x00000578       0x60 .o/7c53e84e/e9fac25d.o
                0x00000578                tfm_sp_ps_load
 .part_load     0x000005d8       0x54 .o/7c53e84e/e02f61b2.o
                0x000005d8                tfm_sp_its_load
 .part_load     0x0000062c       0x54 .o/7c53e84e/7906446f.o
                0x0000062c                tfm_sp_platform_load
 .part_load     0x00000680       0x3c .o/7c53e84e/4a17dd73.o
                0x00000680                tfm_sp_ns_agent_tz_load
                0x00000520                        Image$$TFM_SP_LOAD_LIST$$RO$$Base = ADDR (.TFM_SP_LOAD_LIST)
                0x000006bc                        Image$$TFM_SP_LOAD_LIST$$RO$$Limit = (ADDR (.TFM_SP_LOAD_LIST) + SIZEOF (.TFM_SP_LOAD_LIST))
                0x000006c0                        . = ALIGN (0x20)
                0x000006c0                        Image$$TFM_PSA_CODE_START$$Base = .

.TFM_PSA_ROT_LINKER
                0x000006c0     0x29c0
 *tfm_psa_rot_partition*:(SORT_BY_ALIGNMENT(.text*))
 .text.tfm_crypto_clear_scratch
                0x000006c0       0x24 secure_fw/partitions/crypto/libtfm_psa_rot_partition_crypto.a(c4becccf.o)
 .text.tfm_crypto_get_caller_id
                0x000006e4       0x10 secure_fw/partitions/crypto/libtfm_psa_rot_partition_crypto.a(c4becccf.o)
                0x000006e4                tfm_crypto_get_caller_id
 .text.tfm_crypto_sfn
                0x000006f4      0x23c secure_fw/partitions/crypto/libtfm_psa_rot_partition_crypto.a(c4becccf.o)
                0x000006f4                tfm_crypto_sfn
 .text.tfm_crypto_init_alloc
                0x00000930       0x18 secure_fw/partitions/crypto/libtfm_psa_rot_partition_crypto.a(b1b58bcf.o)
                0x00000930                tfm_crypto_init_alloc
 .text.tfm_crypto_operation_alloc
                0x00000948       0x68 secure_fw/partitions/crypto/libtfm_psa_rot_partition_crypto.a(b1b58bcf.o)
                0x00000948                tfm_crypto_operation_alloc
 .text.tfm_crypto_operation_release
                0x000009b0       0x5c secure_fw/partitions/crypto/libtfm_psa_rot_partition_crypto.a(b1b58bcf.o)
                0x000009b0                tfm_crypto_operation_release
 .text.tfm_crypto_operation_lookup
                0x00000a0c       0x58 secure_fw/partitions/crypto/libtfm_psa_rot_partition_crypto.a(b1b58bcf.o)
                0x00000a0c                tfm_crypto_operation_lookup
 .text.tfm_crypto_can_do_cipher
                0x00000a64       0x4c secure_fw/partitions/crypto/libtfm_psa_rot_partition_crypto.a(b790a3db.o)
                0x00000a64                tfm_crypto_can_do_cipher
 .text.tfm_crypto_hash_interface
                0x00000ab0      0x1c4 secure_fw/partitions/crypto/libtfm_psa_rot_partition_crypto.a(cc8cdb2d.o)
                0x00000ab0                tfm_crypto_hash_interface
 .text.tfm_crypto_key_derivation_interface
                0x00000c74      0x1b0 secure_fw/partitions/crypto/libtfm_psa_rot_partition_crypto.a(e3f61daf.o)
                0x00000c74                tfm_crypto_key_derivation_interface
 .text.tfm_crypto_library_get_info
                0x00000e24       0x18 secure_fw/partitions/crypto/libtfm_psa_rot_partition_crypto.a(9c32cb59.o)
                0x00000e24                tfm_crypto_library_get_info
 .text.tfm_crypto_core_library_init
                0x00000e3c       0x20 secure_fw/partitions/crypto/libtfm_psa_rot_partition_crypto.a(9c32cb59.o)
                0x00000e3c                tfm_crypto_core_library_init
 .text.tfm_internal_trusted_storage_service_sfn
                0x00000e5c      0x118 secure_fw/partitions/internal_trusted_storage/libtfm_psa_rot_partition_its.a(f5988f36.o)
                0x00000e5c                tfm_internal_trusted_storage_service_sfn
 .text.its_req_mngr_read
                0x00000f74       0x14 secure_fw/partitions/internal_trusted_storage/libtfm_psa_rot_partition_its.a(f5988f36.o)
                0x00000f74                its_req_mngr_read
 .text.its_req_mngr_write
                0x00000f88       0x14 secure_fw/partitions/internal_trusted_storage/libtfm_psa_rot_partition_its.a(f5988f36.o)
                0x00000f88                its_req_mngr_write
 .text.get_file_info
                0x00000f9c       0x60 secure_fw/partitions/internal_trusted_storage/libtfm_psa_rot_partition_its.a(6a31a06d.o)
 .text.tfm_its_init
                0x00000ffc       0xfc secure_fw/partitions/internal_trusted_storage/libtfm_psa_rot_partition_its.a(6a31a06d.o)
                0x00000ffc                tfm_its_init
 .text.tfm_its_set
                0x000010f8       0xf0 secure_fw/partitions/internal_trusted_storage/libtfm_psa_rot_partition_its.a(6a31a06d.o)
                0x000010f8                tfm_its_set
 .text.tfm_its_get
                0x000011e8      0x108 secure_fw/partitions/internal_trusted_storage/libtfm_psa_rot_partition_its.a(6a31a06d.o)
                0x000011e8                tfm_its_get
 .text.tfm_its_get_info
                0x000012f0       0x24 secure_fw/partitions/internal_trusted_storage/libtfm_psa_rot_partition_its.a(6a31a06d.o)
                0x000012f0                tfm_its_get_info
 .text.tfm_its_remove
                0x00001314       0x44 secure_fw/partitions/internal_trusted_storage/libtfm_psa_rot_partition_its.a(6a31a06d.o)
                0x00001314                tfm_its_remove
 .text.its_flash_nor_write
                0x00001358       0x44 secure_fw/partitions/internal_trusted_storage/libtfm_psa_rot_partition_its.a(d458af9f.o)
 .text.its_flash_nor_read
                0x0000139c       0xc4 secure_fw/partitions/internal_trusted_storage/libtfm_psa_rot_partition_its.a(d458af9f.o)
 .text.tfm_crypto_init
                0x00001460       0x1c secure_fw/partitions/crypto/libtfm_psa_rot_partition_crypto.a(c4becccf.o)
                0x00001460                tfm_crypto_init
 .text.tfm_crypto_cipher_interface
                0x0000147c      0x1c0 secure_fw/partitions/crypto/libtfm_psa_rot_partition_crypto.a(b790a3db.o)
                0x0000147c                tfm_crypto_cipher_interface
 .text.tfm_crypto_mac_interface
                0x0000163c      0x16e secure_fw/partitions/crypto/libtfm_psa_rot_partition_crypto.a(7f2d46ff.o)
                0x0000163c                tfm_crypto_mac_interface
 .text.tfm_crypto_aead_interface
                0x000017aa      0x208 secure_fw/partitions/crypto/libtfm_psa_rot_partition_crypto.a(b62f483b.o)
                0x000017aa                tfm_crypto_aead_interface
 .text.tfm_crypto_asymmetric_sign_interface
                0x000019b2        0x6 secure_fw/partitions/crypto/libtfm_psa_rot_partition_crypto.a(0537b5ab.o)
                0x000019b2                tfm_crypto_asymmetric_sign_interface
 .text.tfm_crypto_asymmetric_encrypt_interface
                0x000019b8        0x6 secure_fw/partitions/crypto/libtfm_psa_rot_partition_crypto.a(0537b5ab.o)
                0x000019b8                tfm_crypto_asymmetric_encrypt_interface
 .text.tfm_crypto_key_management_interface
                0x000019be      0x146 secure_fw/partitions/crypto/libtfm_psa_rot_partition_crypto.a(5d6f2413.o)
                0x000019be                tfm_crypto_key_management_interface
 .text.tfm_crypto_random_interface
                0x00001b04        0x8 secure_fw/partitions/crypto/libtfm_psa_rot_partition_crypto.a(7e4e9b7a.o)
                0x00001b04                tfm_crypto_random_interface
 .text.null_printf
                0x00001b0c        0x8 secure_fw/partitions/crypto/libtfm_psa_rot_partition_crypto.a(9c32cb59.o)
 .text.tfm_crypto_library_key_id_init
                0x00001b14        0x6 secure_fw/partitions/crypto/libtfm_psa_rot_partition_crypto.a(9c32cb59.o)
                0x00001b14                tfm_crypto_library_key_id_init
 .text.tfm_crypto_library_get_library_key_id_set_owner
                0x00001b1a        0x4 secure_fw/partitions/crypto/libtfm_psa_rot_partition_crypto.a(9c32cb59.o)
                0x00001b1a                tfm_crypto_library_get_library_key_id_set_owner
 .text.tfm_crypto_pake_interface
                0x00001b1e        0x6 secure_fw/partitions/crypto/libtfm_psa_rot_partition_crypto.a(9f147fcf.o)
                0x00001b1e                tfm_crypto_pake_interface
 .text.tfm_crypto_key_wrapping_interface
                0x00001b24        0x6 secure_fw/partitions/crypto/libtfm_psa_rot_partition_crypto.a(9401ae09.o)
                0x00001b24                tfm_crypto_key_wrapping_interface
 .text.tfm_its_entry
                0x00001b2a        0x4 secure_fw/partitions/internal_trusted_storage/libtfm_psa_rot_partition_its.a(f5988f36.o)
                0x00001b2a                tfm_its_entry
 .text.tfm_its_crypt_file
                0x00001b2e       0xe2 secure_fw/partitions/internal_trusted_storage/libtfm_psa_rot_partition_its.a(1094bb28.o)
                0x00001b2e                tfm_its_crypt_file
 .text.its_flash_nor_init
                0x00001c10       0x14 secure_fw/partitions/internal_trusted_storage/libtfm_psa_rot_partition_its.a(d458af9f.o)
 .text.its_flash_nor_flush
                0x00001c24        0x4 secure_fw/partitions/internal_trusted_storage/libtfm_psa_rot_partition_its.a(d458af9f.o)
 .text.its_flash_nor_erase
                0x00001c28       0x2e secure_fw/partitions/internal_trusted_storage/libtfm_psa_rot_partition_its.a(d458af9f.o)
 .text.its_flash_fs_delete_idx
                0x00001c56       0xe6 secure_fw/partitions/internal_trusted_storage/libtfm_psa_rot_partition_its.a(142a1f41.o)
 .text.its_flash_fs_init_ctx
                0x00001d3c       0x7c secure_fw/partitions/internal_trusted_storage/libtfm_psa_rot_partition_its.a(142a1f41.o)
                0x00001d3c                its_flash_fs_init_ctx
 .text.its_flash_fs_prepare
                0x00001db8       0x34 secure_fw/partitions/internal_trusted_storage/libtfm_psa_rot_partition_its.a(142a1f41.o)
                0x00001db8                its_flash_fs_prepare
 .text.its_flash_fs_wipe_all
                0x00001dec        0x4 secure_fw/partitions/internal_trusted_storage/libtfm_psa_rot_partition_its.a(142a1f41.o)
                0x00001dec                its_flash_fs_wipe_all
 .text.its_flash_fs_file_get_info
                0x00001df0       0x44 secure_fw/partitions/internal_trusted_storage/libtfm_psa_rot_partition_its.a(142a1f41.o)
                0x00001df0                its_flash_fs_file_get_info
 .text.its_flash_fs_file_write
                0x00001e34      0x212 secure_fw/partitions/internal_trusted_storage/libtfm_psa_rot_partition_its.a(142a1f41.o)
                0x00001e34                its_flash_fs_file_write
 .text.its_flash_fs_file_delete
                0x00002046       0x20 secure_fw/partitions/internal_trusted_storage/libtfm_psa_rot_partition_its.a(142a1f41.o)
                0x00002046                its_flash_fs_file_delete
 .text.its_flash_fs_file_read
                0x00002066       0x42 secure_fw/partitions/internal_trusted_storage/libtfm_psa_rot_partition_its.a(142a1f41.o)
                0x00002066                its_flash_fs_file_read
 .text.its_flash_fs_dblock_compact_block
                0x000020a8       0xaa secure_fw/partitions/internal_trusted_storage/libtfm_psa_rot_partition_its.a(35e3c30e.o)
                0x000020a8                its_flash_fs_dblock_compact_block
 .text.its_flash_fs_dblock_read_file
                0x00002152       0x42 secure_fw/partitions/internal_trusted_storage/libtfm_psa_rot_partition_its.a(35e3c30e.o)
                0x00002152                its_flash_fs_dblock_read_file
 .text.its_flash_fs_dblock_write_file
                0x00002194       0x82 secure_fw/partitions/internal_trusted_storage/libtfm_psa_rot_partition_its.a(35e3c30e.o)
                0x00002194                its_flash_fs_dblock_write_file
 .text.its_mblock_update_scratch_block_meta
                0x00002216       0x1a secure_fw/partitions/internal_trusted_storage/libtfm_psa_rot_partition_its.a(4c138677.o)
 .text.its_mblock_erase_scratch_blocks
                0x00002230       0x28 secure_fw/partitions/internal_trusted_storage/libtfm_psa_rot_partition_its.a(4c138677.o)
 .text.its_num_dedicated_dblocks.isra.0
                0x00002258        0xc secure_fw/partitions/internal_trusted_storage/libtfm_psa_rot_partition_its.a(4c138677.o)
 .text.its_mblock_file_meta_offset.isra.0
                0x00002264       0x16 secure_fw/partitions/internal_trusted_storage/libtfm_psa_rot_partition_its.a(4c138677.o)
 .text.its_mblock_calculate_metadata_xor.part.0
                0x0000227a       0xa6 secure_fw/partitions/internal_trusted_storage/libtfm_psa_rot_partition_its.a(4c138677.o)
 .text.its_mblock_write_scratch_meta_header
                0x00002320       0x44 secure_fw/partitions/internal_trusted_storage/libtfm_psa_rot_partition_its.a(4c138677.o)
 .text.its_mblock_validate_header_meta
                0x00002364       0x5c secure_fw/partitions/internal_trusted_storage/libtfm_psa_rot_partition_its.a(4c138677.o)
 .text.its_init_get_active_metablock
                0x000023c0       0xbc secure_fw/partitions/internal_trusted_storage/libtfm_psa_rot_partition_its.a(4c138677.o)
 .text.its_flash_fs_mblock_cur_data_scratch_id
                0x0000247c        0xa secure_fw/partitions/internal_trusted_storage/libtfm_psa_rot_partition_its.a(4c138677.o)
                0x0000247c                its_flash_fs_mblock_cur_data_scratch_id
 .text.its_flash_fs_mblock_meta_update_finalize
                0x00002486       0x2a secure_fw/partitions/internal_trusted_storage/libtfm_psa_rot_partition_its.a(4c138677.o)
                0x00002486                its_flash_fs_mblock_meta_update_finalize
 .text.its_flash_fs_mblock_read_file_meta
                0x000024b0       0x7e secure_fw/partitions/internal_trusted_storage/libtfm_psa_rot_partition_its.a(4c138677.o)
                0x000024b0                its_flash_fs_mblock_read_file_meta
 .text.its_flash_fs_mblock_get_file_idx_meta
                0x0000252e       0x66 secure_fw/partitions/internal_trusted_storage/libtfm_psa_rot_partition_its.a(4c138677.o)
                0x0000252e                its_flash_fs_mblock_get_file_idx_meta
 .text.its_flash_fs_mblock_get_file_idx_flag
                0x00002594       0x3c secure_fw/partitions/internal_trusted_storage/libtfm_psa_rot_partition_its.a(4c138677.o)
                0x00002594                its_flash_fs_mblock_get_file_idx_flag
 .text.its_flash_fs_mblock_read_block_metadata
                0x000025d0       0x58 secure_fw/partitions/internal_trusted_storage/libtfm_psa_rot_partition_its.a(4c138677.o)
                0x000025d0                its_flash_fs_mblock_read_block_metadata
 .text.its_flash_fs_mblock_read_block_metadata_comp
                0x00002628       0x66 secure_fw/partitions/internal_trusted_storage/libtfm_psa_rot_partition_its.a(4c138677.o)
                0x00002628                its_flash_fs_mblock_read_block_metadata_comp
 .text.its_flash_fs_mblock_reserve_file
                0x0000268e       0xc4 secure_fw/partitions/internal_trusted_storage/libtfm_psa_rot_partition_its.a(4c138677.o)
                0x0000268e                its_flash_fs_mblock_reserve_file
 .text.its_flash_fs_mblock_set_data_scratch
                0x00002752        0x6 secure_fw/partitions/internal_trusted_storage/libtfm_psa_rot_partition_its.a(4c138677.o)
                0x00002752                its_flash_fs_mblock_set_data_scratch
 .text.its_flash_fs_mblock_update_scratch_file_meta
                0x00002758       0x24 secure_fw/partitions/internal_trusted_storage/libtfm_psa_rot_partition_its.a(4c138677.o)
                0x00002758                its_flash_fs_mblock_update_scratch_file_meta
 .text.its_flash_fs_mblock_reset_metablock
                0x0000277c      0x130 secure_fw/partitions/internal_trusted_storage/libtfm_psa_rot_partition_its.a(4c138677.o)
                0x0000277c                its_flash_fs_mblock_reset_metablock
 .text.its_flash_fs_block_to_block_move
                0x000028ac       0x5c secure_fw/partitions/internal_trusted_storage/libtfm_psa_rot_partition_its.a(4c138677.o)
                0x000028ac                its_flash_fs_block_to_block_move
 .text.its_flash_fs_mblock_cp_file_meta
                0x00002908       0x2e secure_fw/partitions/internal_trusted_storage/libtfm_psa_rot_partition_its.a(4c138677.o)
                0x00002908                its_flash_fs_mblock_cp_file_meta
 .text.its_flash_fs_mblock_init
                0x00002936       0xb8 secure_fw/partitions/internal_trusted_storage/libtfm_psa_rot_partition_its.a(4c138677.o)
                0x00002936                its_flash_fs_mblock_init
 .text.its_flash_fs_mblock_migrate_lb0_data_to_scratch
                0x000029ee       0x2e secure_fw/partitions/internal_trusted_storage/libtfm_psa_rot_partition_its.a(4c138677.o)
                0x000029ee                its_flash_fs_mblock_migrate_lb0_data_to_scratch
 .text.its_flash_fs_mblock_update_scratch_block_meta
                0x00002a1c       0x84 secure_fw/partitions/internal_trusted_storage/libtfm_psa_rot_partition_its.a(4c138677.o)
                0x00002a1c                its_flash_fs_mblock_update_scratch_block_meta
 .text.its_utils_check_contained_in
                0x00002aa0       0x18 secure_fw/partitions/internal_trusted_storage/libtfm_psa_rot_partition_its.a(81011241.o)
                0x00002aa0                its_utils_check_contained_in
 .text.its_utils_validate_fid
                0x00002ab8       0x18 secure_fw/partitions/internal_trusted_storage/libtfm_psa_rot_partition_its.a(81011241.o)
                0x00002ab8                its_utils_validate_fid
 .text.tfm_platform_service_sfn
                0x00002ad0      0x214 secure_fw/partitions/platform/libtfm_psa_rot_partition_platform.a(61edd302.o)
                0x00002ad0                tfm_platform_service_sfn
 .text.platform_sp_init
                0x00002ce4       0x12 secure_fw/partitions/platform/libtfm_psa_rot_partition_platform.a(61edd302.o)
                0x00002ce4                platform_sp_init
 *tfm_psa_rot_partition*:(SORT_BY_ALIGNMENT(.rodata*))
 *fill*         0x00002cf6        0x2 
 .rodata.its_flash_fs_ops_nor
                0x00002cf8       0x14 secure_fw/partitions/internal_trusted_storage/libtfm_psa_rot_partition_its.a(d458af9f.o)
                0x00002cf8                its_flash_fs_ops_nor
 .rodata.data_width_byte
                0x00002d0c        0xc secure_fw/partitions/internal_trusted_storage/libtfm_psa_rot_partition_its.a(d458af9f.o)
 .rodata.tfm_crypto_sfn.str1.1
                0x00002d18       0x7f secure_fw/partitions/crypto/libtfm_psa_rot_partition_crypto.a(c4becccf.o)
                                 0x20 (size before relaxing)
 .rodata.tfm_crypto_library_get_info.str1.1
                0x00002d97       0x14 secure_fw/partitions/crypto/libtfm_psa_rot_partition_crypto.a(9c32cb59.o)
 .rodata.tfm_its_init.str1.1
                0x00002d97       0x4b secure_fw/partitions/internal_trusted_storage/libtfm_psa_rot_partition_its.a(6a31a06d.o)
 *tfm_*partition_its.*:(SORT_BY_ALIGNMENT(.text*))
 *tfm_*partition_its.*:(SORT_BY_ALIGNMENT(.rodata*))
 *(TFM_SP_ITS_PSA-ROT_ATTR_FN)
 *tfm_*partition_crypto.*:(SORT_BY_ALIGNMENT(.text*))
 *tfm_*partition_crypto.*:(SORT_BY_ALIGNMENT(.rodata*))
 *tfpsacrypto.*:(SORT_BY_ALIGNMENT(.text*))
 *fill*         0x00002d97        0x1 
 .text.verify_header
                0x00002d98       0x40 secure_fw/partitions/crypto/tfpsacrypto/nrf_security_src/libcrypto_service_tfpsacrypto.a(4613c928.o)
 .text.verify_chain
                0x00002dd8       0x40 secure_fw/partitions/crypto/tfpsacrypto/nrf_security_src/libcrypto_service_tfpsacrypto.a(4613c928.o)
 .text.buffer_alloc_calloc
                0x00002e18       0xf4 secure_fw/partitions/crypto/tfpsacrypto/nrf_security_src/libcrypto_service_tfpsacrypto.a(4613c928.o)
 .text.buffer_alloc_free
                0x00002f0c       0xf4 secure_fw/partitions/crypto/tfpsacrypto/nrf_security_src/libcrypto_service_tfpsacrypto.a(4613c928.o)
 .text.mbedtls_memory_buffer_alloc_init
                0x00003000       0x64 secure_fw/partitions/crypto/tfpsacrypto/nrf_security_src/libcrypto_service_tfpsacrypto.a(4613c928.o)
                0x00003000                mbedtls_memory_buffer_alloc_init
 *tfpsacrypto.*:(SORT_BY_ALIGNMENT(.rodata*))
 *tfpsacrypto*acceleration.*:(SORT_BY_ALIGNMENT(.text*))
 *tfpsacrypto*acceleration.*:(SORT_BY_ALIGNMENT(.rodata*))
 *(TFM_SP_CRYPTO_PSA-ROT_ATTR_FN)
 *tfm_*partition_platform.*:(SORT_BY_ALIGNMENT(.text*))
 *tfm_*partition_platform.*:(SORT_BY_ALIGNMENT(.rodata*))
 *(TFM_SP_PLATFORM_PSA-ROT_ATTR_FN)
 *(TFM_*_PSA-ROT_ATTR_FN)
                0x00003080                        . = ALIGN (0x20)
 *fill*         0x00003064       0x1c 
                0x000006c0                        Image$$TFM_PSA_ROT_LINKER$$RO$$Base = ADDR (.TFM_PSA_ROT_LINKER)
                0x00003080                        Image$$TFM_PSA_ROT_LINKER$$RO$$Limit = (ADDR (.TFM_PSA_ROT_LINKER) + SIZEOF (.TFM_PSA_ROT_LINKER))
                0x000006c0                        Image$$TFM_PSA_ROT_LINKER$$Base = ADDR (.TFM_PSA_ROT_LINKER)
                0x00003080                        Image$$TFM_PSA_ROT_LINKER$$Limit = (ADDR (.TFM_PSA_ROT_LINKER) + SIZEOF (.TFM_PSA_ROT_LINKER))
                0x00003080                        Image$$TFM_PSA_CODE_END$$Base = .
                0x00003080                        Image$$TFM_APP_CODE_START$$Base = .

.TFM_APP_ROT_LINKER
                0x00003080      0xda0
 *tfm_app_rot_partition*:(SORT_BY_ALIGNMENT(.text*))
 .text.ps_object_table_create
                0x00003080       0x44 secure_fw/partitions/protected_storage/libtfm_app_rot_partition_ps.a(a761ac2a.o)
                0x00003080                ps_object_table_create
 *fill*         0x000030c4        0x4 
 .text.ps_object_table_init
                0x000030c8      0x13c secure_fw/partitions/protected_storage/libtfm_app_rot_partition_ps.a(a761ac2a.o)
                0x000030c8                ps_object_table_init
 .text.tfm_protected_storage_service_sfn
                0x00003204      0x128 secure_fw/partitions/protected_storage/libtfm_app_rot_partition_ps.a(7d135571.o)
                0x00003204                tfm_protected_storage_service_sfn
 .text.ps_req_mngr_read_asset_data
                0x0000332c       0x24 secure_fw/partitions/protected_storage/libtfm_app_rot_partition_ps.a(7d135571.o)
                0x0000332c                ps_req_mngr_read_asset_data
 .text.ps_req_mngr_write_asset_data
                0x00003350       0x18 secure_fw/partitions/protected_storage/libtfm_app_rot_partition_ps.a(7d135571.o)
                0x00003350                ps_req_mngr_write_asset_data
 .text.tfm_ps_init
                0x00003368       0x28 secure_fw/partitions/protected_storage/libtfm_app_rot_partition_ps.a(8191e0d1.o)
                0x00003368                tfm_ps_init
 .text.ps_update_table
                0x00003390       0x28 secure_fw/partitions/protected_storage/libtfm_app_rot_partition_ps.a(719364a4.o)
 .text.ps_system_prepare
                0x000033b8       0x1c secure_fw/partitions/protected_storage/libtfm_app_rot_partition_ps.a(719364a4.o)
                0x000033b8                ps_system_prepare
 .text.ps_object_read
                0x000033d4       0x78 secure_fw/partitions/protected_storage/libtfm_app_rot_partition_ps.a(719364a4.o)
                0x000033d4                ps_object_read
 .text.ps_object_create
                0x0000344c      0x114 secure_fw/partitions/protected_storage/libtfm_app_rot_partition_ps.a(719364a4.o)
                0x0000344c                ps_object_create
 .text.ps_object_get_info
                0x00003560       0x60 secure_fw/partitions/protected_storage/libtfm_app_rot_partition_ps.a(719364a4.o)
                0x00003560                ps_object_get_info
 .text.ps_object_delete
                0x000035c0       0x7c secure_fw/partitions/protected_storage/libtfm_app_rot_partition_ps.a(719364a4.o)
                0x000035c0                ps_object_delete
 .text.ps_get_object_entry_idx
                0x0000363c       0x34 secure_fw/partitions/protected_storage/libtfm_app_rot_partition_ps.a(a761ac2a.o)
 .text.ps_object_table_save_table.constprop.0
                0x00003670       0xd0 secure_fw/partitions/protected_storage/libtfm_app_rot_partition_ps.a(a761ac2a.o)
 .text.ps_object_table_get_free_fid
                0x00003740       0x58 secure_fw/partitions/protected_storage/libtfm_app_rot_partition_ps.a(a761ac2a.o)
                0x00003740                ps_object_table_get_free_fid
 .text.ps_object_table_set_obj_tbl_info
                0x00003798       0xac secure_fw/partitions/protected_storage/libtfm_app_rot_partition_ps.a(a761ac2a.o)
                0x00003798                ps_object_table_set_obj_tbl_info
 .text.ps_object_table_get_obj_tbl_info
                0x00003844       0x2c secure_fw/partitions/protected_storage/libtfm_app_rot_partition_ps.a(a761ac2a.o)
                0x00003844                ps_object_table_get_obj_tbl_info
 .text.ps_object_table_delete_object
                0x00003870       0x50 secure_fw/partitions/protected_storage/libtfm_app_rot_partition_ps.a(a761ac2a.o)
                0x00003870                ps_object_table_delete_object
 .text.ps_object_table_delete_old_table
                0x000038c0       0x14 secure_fw/partitions/protected_storage/libtfm_app_rot_partition_ps.a(a761ac2a.o)
                0x000038c0                ps_object_table_delete_old_table
 .text.ps_crypto_setkey.constprop.0
                0x000038d4       0x88 secure_fw/partitions/protected_storage/libtfm_app_rot_partition_ps.a(0ba42950.o)
 .text.ps_crypto_set_iv
                0x0000395c       0x10 secure_fw/partitions/protected_storage/libtfm_app_rot_partition_ps.a(0ba42950.o)
                0x0000395c                ps_crypto_set_iv
 .text.ps_crypto_get_iv
                0x0000396c       0x70 secure_fw/partitions/protected_storage/libtfm_app_rot_partition_ps.a(0ba42950.o)
                0x0000396c                ps_crypto_get_iv
 .text.ps_crypto_encrypt_and_tag
                0x000039dc       0x78 secure_fw/partitions/protected_storage/libtfm_app_rot_partition_ps.a(0ba42950.o)
                0x000039dc                ps_crypto_encrypt_and_tag
 .text.ps_crypto_auth_and_decrypt
                0x00003a54       0x78 secure_fw/partitions/protected_storage/libtfm_app_rot_partition_ps.a(0ba42950.o)
                0x00003a54                ps_crypto_auth_and_decrypt
 .text.ps_crypto_generate_auth_tag
                0x00003acc       0x64 secure_fw/partitions/protected_storage/libtfm_app_rot_partition_ps.a(0ba42950.o)
                0x00003acc                ps_crypto_generate_auth_tag
 .text.ps_crypto_authenticate
                0x00003b30       0x68 secure_fw/partitions/protected_storage/libtfm_app_rot_partition_ps.a(0ba42950.o)
                0x00003b30                ps_crypto_authenticate
 .text.tfm_ps_entry
                0x00003b98        0x4 secure_fw/partitions/protected_storage/libtfm_app_rot_partition_ps.a(7d135571.o)
                0x00003b98                tfm_ps_entry
 .text.tfm_ps_set
                0x00003b9c       0x2e secure_fw/partitions/protected_storage/libtfm_app_rot_partition_ps.a(8191e0d1.o)
                0x00003b9c                tfm_ps_set
 .text.tfm_ps_get
                0x00003bca       0x28 secure_fw/partitions/protected_storage/libtfm_app_rot_partition_ps.a(8191e0d1.o)
                0x00003bca                tfm_ps_get
 .text.tfm_ps_get_info
                0x00003bf2       0x20 secure_fw/partitions/protected_storage/libtfm_app_rot_partition_ps.a(8191e0d1.o)
                0x00003bf2                tfm_ps_get_info
 .text.tfm_ps_remove
                0x00003c12       0x26 secure_fw/partitions/protected_storage/libtfm_app_rot_partition_ps.a(8191e0d1.o)
                0x00003c12                tfm_ps_remove
 .text.tfm_ps_get_support
                0x00003c38        0x4 secure_fw/partitions/protected_storage/libtfm_app_rot_partition_ps.a(8191e0d1.o)
                0x00003c38                tfm_ps_get_support
 .text.ps_system_wipe_all
                0x00003c3c        0x4 secure_fw/partitions/protected_storage/libtfm_app_rot_partition_ps.a(719364a4.o)
                0x00003c3c                ps_system_wipe_all
 .text.ps_object_table_authenticate
                0x00003c40       0x58 secure_fw/partitions/protected_storage/libtfm_app_rot_partition_ps.a(a761ac2a.o)
 .text.fill_key_label
                0x00003c98       0x2c secure_fw/partitions/protected_storage/libtfm_app_rot_partition_ps.a(0ba42950.o)
 .text.ps_crypto_to_blocks
                0x00003cc4        0x8 secure_fw/partitions/protected_storage/libtfm_app_rot_partition_ps.a(0ba42950.o)
                0x00003cc4                ps_crypto_to_blocks
 .text.ps_encrypted_object_read
                0x00003ccc       0x6e secure_fw/partitions/protected_storage/libtfm_app_rot_partition_ps.a(523b203d.o)
                0x00003ccc                ps_encrypted_object_read
 .text.ps_encrypted_object_write
                0x00003d3a       0x64 secure_fw/partitions/protected_storage/libtfm_app_rot_partition_ps.a(523b203d.o)
                0x00003d3a                ps_encrypted_object_write
 .text.ps_read_nv_counter
                0x00003d9e       0x18 secure_fw/partitions/protected_storage/libtfm_app_rot_partition_ps.a(de2e41b1.o)
                0x00003d9e                ps_read_nv_counter
 .text.ps_increment_nv_counter
                0x00003db6       0x12 secure_fw/partitions/protected_storage/libtfm_app_rot_partition_ps.a(de2e41b1.o)
                0x00003db6                ps_increment_nv_counter
 *tfm_app_rot_partition*:(SORT_BY_ALIGNMENT(.rodata*))
 .rodata        0x00003dc8       0x20 secure_fw/partitions/protected_storage/libtfm_app_rot_partition_ps.a(a761ac2a.o)
 .rodata.tfm_ps_init.str1.1
                0x00003de8       0x1c secure_fw/partitions/protected_storage/libtfm_app_rot_partition_ps.a(8191e0d1.o)
 *tfm_*partition_ps.*:(SORT_BY_ALIGNMENT(.text*))
 *tfm_*partition_ps.*:(SORT_BY_ALIGNMENT(.rodata*))
 *(TFM_SP_PS_APP-ROT_ATTR_FN)
 *(TFM_*_APP-ROT_ATTR_FN)
                0x00003e20                        . = ALIGN (0x20)
 *fill*         0x00003e04       0x1c 
                0x00003080                        Image$$TFM_APP_ROT_LINKER$$RO$$Base = ADDR (.TFM_APP_ROT_LINKER)
                0x00003e20                        Image$$TFM_APP_ROT_LINKER$$RO$$Limit = (ADDR (.TFM_APP_ROT_LINKER) + SIZEOF (.TFM_APP_ROT_LINKER))
                0x00003080                        Image$$TFM_APP_ROT_LINKER$$Base = ADDR (.TFM_APP_ROT_LINKER)
                0x00003e20                        Image$$TFM_APP_ROT_LINKER$$Limit = (ADDR (.TFM_APP_ROT_LINKER) + SIZEOF (.TFM_APP_ROT_LINKER))
                0x00003e20                        Image$$TFM_APP_CODE_END$$Base = .

.ARM.extab
 *(.ARM.extab* .gnu.linkonce.armextab.*)
                0x00003e20                        __exidx_start = .

.ARM.exidx
 *(.ARM.exidx* .gnu.linkonce.armexidx.*)
                0x00003e20                        __exidx_end = .

.ER_TFM_CODE    0x00003e20     0x4080
                0x00003e20                        . = ALIGN (0x4)
                [!provide]                        PROVIDE (__preinit_array_start = .)
                [!provide]                        PROVIDE (__bothinit_array_start = __preinit_array_start)
 *(.preinit_array)
                [!provide]                        PROVIDE (__preinit_array_end = .)
                0x00003e20                        . = ALIGN (0x4)
                [!provide]                        PROVIDE (__init_array_start = .)
 *(SORT_BY_NAME(.init_array.*))
 *(.init_array)
                [!provide]                        PROVIDE (__init_array_end = .)
                [!provide]                        PROVIDE (__bothinit_array_end = __init_array_end)
                0x00003e20                        . = ALIGN (0x4)
                [!provide]                        PROVIDE (__fini_array_start = .)
 *(SORT_BY_NAME(.fini_array.*))
 *(.fini_array)
                [!provide]                        PROVIDE (__fini_array_end = .)
                0x00003e20                        . = ALIGN (0x4)
                0x00003e20                        __copy_table_start__ = .
                0x00003e20        0x4 LONG 0x12ff8 LOADADDR (.TFM_DATA)
                0x00003e24        0x4 LONG 0x2000ab00 ADDR (.TFM_DATA)
                0x00003e28        0x4 LONG 0x35 (SIZEOF (.TFM_DATA) / 0x4)
                0x00003e2c        0x4 LONG 0x12fc0 LOADADDR (.TFM_PSA_ROT_LINKER_DATA)
                0x00003e30        0x4 LONG 0x20001980 ADDR (.TFM_PSA_ROT_LINKER_DATA)
                0x00003e34        0x4 LONG 0xe (SIZEOF (.TFM_PSA_ROT_LINKER_DATA) / 0x4)
                0x00003e38        0x4 LONG 0x12fc0 LOADADDR (.TFM_APP_ROT_LINKER_DATA)
                0x00003e3c        0x4 LONG 0x20000880 ADDR (.TFM_APP_ROT_LINKER_DATA)
                0x00003e40        0x4 LONG 0x0 (SIZEOF (.TFM_APP_ROT_LINKER_DATA) / 0x4)
                0x00003e44                        __copy_table_end__ = .
                0x00003e44                        . = ALIGN (0x4)
                0x00003e44                        __zero_table_start__ = .
                0x00003e44        0x4 LONG 0x2000abd4 ADDR (.TFM_BSS)
                0x00003e48        0x4 LONG 0x4cc (SIZEOF (.TFM_BSS) / 0x4)
                0x00003e4c        0x4 LONG 0x200019b8 ADDR (.TFM_PSA_ROT_LINKER_BSS)
                0x00003e50        0x4 LONG 0x2452 (SIZEOF (.TFM_PSA_ROT_LINKER_BSS) / 0x4)
                0x00003e54        0x4 LONG 0x20000880 ADDR (.TFM_APP_ROT_LINKER_BSS)
                0x00003e58        0x4 LONG 0x440 (SIZEOF (.TFM_APP_ROT_LINKER_BSS) / 0x4)
                0x00003e5c        0x4 LONG 0x20000860 ADDR (.TFM_SP_META_PTR)
                0x00003e60        0x4 LONG 0x8 (SIZEOF (.TFM_SP_META_PTR) / 0x4)
                0x00003e64                        __zero_table_end__ = .
 *startup*(.text*)
 *libplatform_s*:(SORT_BY_ALIGNMENT(.text*))
 .text.nrf54l_handle_approtect_signal
                0x00003e64       0x34 platform/libplatform_s.a(e79bfe57.o)
 .text.SystemInit
                0x00003e98       0xf0 platform/libplatform_s.a(e79bfe57.o)
                0x00003e98                SystemInit
 .text.tfm_exception_info_get_context
                0x00003f88        0xc platform/libplatform_s.a(1408bb02.o)
                0x00003f88                tfm_exception_info_get_context
 .text.store_and_dump_context
                0x00003f94      0x108 platform/libplatform_s.a(1408bb02.o)
                0x00003f94                store_and_dump_context
 .text.tfm_log  0x0000409c       0x28 platform/libplatform_s.a(aa953aba.o)
                0x0000409c                tfm_log
 .text.stdio_output_string
                0x000040c4       0x34 platform/libplatform_s.a(7b43e138.o)
                0x000040c4                stdio_output_string
 .text.stdio_init
                0x000040f8       0x38 platform/libplatform_s.a(7b43e138.o)
                0x000040f8                stdio_init
 .text.ARM_USART_GetVersion
                0x00004130       0x18 platform/libplatform_s.a(0e63cdd9.o)
 .text.ARM_USART30_GetTxCount
                0x00004148        0xc platform/libplatform_s.a(0e63cdd9.o)
 .text.ARM_USART30_GetRxCount
                0x00004154        0xc platform/libplatform_s.a(0e63cdd9.o)
 .text.ARM_USART30_Uninitialize
                0x00004160       0x10 platform/libplatform_s.a(0e63cdd9.o)
 .text.ARM_USART30_Control
                0x00004170      0x1f8 platform/libplatform_s.a(0e63cdd9.o)
 .text.ARM_USART30_Receive
                0x00004368       0x78 platform/libplatform_s.a(0e63cdd9.o)
 .text.ARM_USARTx_Send.constprop.0
                0x000043e0       0x74 platform/libplatform_s.a(0e63cdd9.o)
 .text.ARM_USART30_Initialize
                0x00004454       0x30 platform/libplatform_s.a(0e63cdd9.o)
 .text.on_rx_disabled
                0x00004484       0x60 platform/libplatform_s.a(b74b2b8c.o)
 .text.nrfx_coredep_delay_us.part.0
                0x000044e4       0x20 platform/libplatform_s.a(b74b2b8c.o)
 .text.nrf_gpio_cfg_input.constprop.0
                0x00004504       0x38 platform/libplatform_s.a(b74b2b8c.o)
 .text.nrf_gpio_pin_set
                0x0000453c       0x24 platform/libplatform_s.a(b74b2b8c.o)
 .text.nrf_gpio_cfg_output
                0x00004560       0x3c platform/libplatform_s.a(b74b2b8c.o)
 .text.uarte_configure
                0x0000459c      0x144 platform/libplatform_s.a(b74b2b8c.o)
 .text.nrf_gpio_cfg_default
                0x000046e0       0x3c platform/libplatform_s.a(b74b2b8c.o)
 .text.rx_abort
                0x0000471c      0x114 platform/libplatform_s.a(b74b2b8c.o)
 .text.nrfx_uarte_init
                0x00004830      0x10c platform/libplatform_s.a(b74b2b8c.o)
                0x00004830                nrfx_uarte_init
 .text.nrfx_uarte_uninit
                0x0000493c       0xbc platform/libplatform_s.a(b74b2b8c.o)
                0x0000493c                nrfx_uarte_uninit
 .text.nrfx_uarte_rx_enable
                0x000049f8      0x100 platform/libplatform_s.a(b74b2b8c.o)
                0x000049f8                nrfx_uarte_rx_enable
 .text.nrfx_critical_section_enter
                0x00004af8       0x10 platform/libplatform_s.a(12126d6b.o)
                0x00004af8                nrfx_critical_section_enter
 .text.nrfx_critical_section_exit
                0x00004b08       0x14 platform/libplatform_s.a(12126d6b.o)
                0x00004b08                nrfx_critical_section_exit
 .text.ARM_Flash_GetInfo
                0x00004b1c        0x8 platform/libplatform_s.a(dcef4e56.o)
 .text.ARM_Flash_Initialize
                0x00004b24       0x3c platform/libplatform_s.a(dcef4e56.o)
 .text.ARM_Flash_ProgramData
                0x00004b60       0x48 platform/libplatform_s.a(dcef4e56.o)
 .text.ARM_Flash_ReadData
                0x00004ba8       0x30 platform/libplatform_s.a(dcef4e56.o)
 .text.rramc_configure.isra.0
                0x00004bd8       0x80 platform/libplatform_s.a(7dbfd0eb.o)
 .text.__nrfy_internal_rramc_config_set.constprop.0.isra.0
                0x00004c58       0x18 platform/libplatform_s.a(7dbfd0eb.o)
 .text.nrfx_rramc_words_write
                0x00004c70       0x50 platform/libplatform_s.a(7dbfd0eb.o)
                0x00004c70                nrfx_rramc_words_write
 .text.nrfx_rramc_init
                0x00004cc0       0x20 platform/libplatform_s.a(7dbfd0eb.o)
                0x00004cc0                nrfx_rramc_init
 .text.mpu_armv8m_enable
                0x00004ce0       0x34 platform/libplatform_s.a(91979781.o)
                0x00004ce0                mpu_armv8m_enable
 .text.spu_enable_interrupts
                0x00004d14       0x28 platform/libplatform_s.a(164ae153.o)
                0x00004d14                spu_enable_interrupts
 .text.spu_events_get
                0x00004d3c       0x44 platform/libplatform_s.a(164ae153.o)
                0x00004d3c                spu_events_get
 .text.mpc_enable_interrupts
                0x00004d80       0x10 platform/libplatform_s.a(164ae153.o)
                0x00004d80                mpc_enable_interrupts
 .text.mpc_events_get
                0x00004d90       0x14 platform/libplatform_s.a(164ae153.o)
                0x00004d90                mpc_events_get
 .text.mpc_clear_events
                0x00004da4       0x14 platform/libplatform_s.a(164ae153.o)
                0x00004da4                mpc_clear_events
 .text.spu_clear_events
                0x00004db8       0x3c platform/libplatform_s.a(164ae153.o)
                0x00004db8                spu_clear_events
 .text.spu_get_peri_addr
                0x00004df4       0x2c platform/libplatform_s.a(164ae153.o)
                0x00004df4                spu_get_peri_addr
 .text.nrf_exception_info_store_context
                0x00004e20       0x48 platform/libplatform_s.a(3dfcff47.o)
                0x00004e20                nrf_exception_info_store_context
 .text.nrf_exception_info_get_context
                0x00004e68        0xc platform/libplatform_s.a(3dfcff47.o)
                0x00004e68                nrf_exception_info_get_context
 .text.tfm_hal_its_aead_generate_nonce
                0x00004e74       0x58 platform/libplatform_s.a(064cd1d8.o)
                0x00004e74                tfm_hal_its_aead_generate_nonce
 .text.tfm_hal_its_get_aead
                0x00004ecc      0x140 platform/libplatform_s.a(064cd1d8.o)
                0x00004ecc                tfm_hal_its_get_aead
 .text.tfm_hal_platform_init
                0x0000500c       0x84 platform/libplatform_s.a(8551ec1a.o)
                0x0000500c                tfm_hal_platform_init
 .text.ns_fault_service_set_handler
                0x00005090       0x14 platform/libplatform_s.a(e5282943.o)
                0x00005090                ns_fault_service_set_handler
 .text.call_ns_callback
                0x000050a4       0xa8 platform/libplatform_s.a(e5282943.o)
                0x000050a4                call_ns_callback
 .text.ns_fault_service_call_handler
                0x0000514c       0x34 platform/libplatform_s.a(e5282943.o)
                0x0000514c                ns_fault_service_call_handler
 .text.tfm_platform_hal_system_reset
                0x00005180       0x24 platform/libplatform_s.a(b4c072b5.o)
                0x00005180                tfm_platform_hal_system_reset
 .text.nordicsemi_nrf54l_init
                0x000051a4       0xb0 platform/libplatform_s.a(ad2b47e1.o)
                0x000051a4                nordicsemi_nrf54l_init
 .text.erase_flash_region
                0x00005254       0x28 platform/libplatform_s.a(380ab270.o)
 .text.copy_flash_region
                0x0000527c       0x70 platform/libplatform_s.a(380ab270.o)
 .text.read_otp_nv_counters_flash
                0x000052ec       0x80 platform/libplatform_s.a(380ab270.o)
                0x000052ec                read_otp_nv_counters_flash
 .text.write_otp_nv_counters_flash
                0x0000536c      0x1a8 platform/libplatform_s.a(380ab270.o)
                0x0000536c                write_otp_nv_counters_flash
 .text.init_otp_nv_counters_flash
                0x00005514      0x14c platform/libplatform_s.a(380ab270.o)
                0x00005514                init_otp_nv_counters_flash
 .text.tfm_plat_otp_get_size
                0x00005660       0x34 platform/libplatform_s.a(c5dae437.o)
                0x00005660                tfm_plat_otp_get_size
 .text.tfm_platform_hal_read_service
                0x00005694       0x70 platform/libplatform_s.a(5093e788.o)
                0x00005694                tfm_platform_hal_read_service
 .text.tfm_platform_hal_write32_service
                0x00005704       0x50 platform/libplatform_s.a(5093e788.o)
                0x00005704                tfm_platform_hal_write32_service
 .text.output_log
                0x00005754        0x8 platform/libplatform_s.a(aa953aba.o)
 .text.ARM_USART_GetCapabilities
                0x0000575c        0x4 platform/libplatform_s.a(0e63cdd9.o)
 .text.ARM_USART_Transfer
                0x00005760        0x6 platform/libplatform_s.a(0e63cdd9.o)
 .text.ARM_USART_GetStatus
                0x00005766        0x4 platform/libplatform_s.a(0e63cdd9.o)
 .text.ARM_USART_SetModemControl
                0x0000576a        0x6 platform/libplatform_s.a(0e63cdd9.o)
 .text.ARM_USART_GetModemStatus
                0x00005770        0x4 platform/libplatform_s.a(0e63cdd9.o)
 .text.ARM_USART30_PowerControl
                0x00005774        0xc platform/libplatform_s.a(0e63cdd9.o)
 .text.ARM_USART30_Send
                0x00005780        0x4 platform/libplatform_s.a(0e63cdd9.o)
 .text.uart_config_set_uart_pins
                0x00005784       0x3e platform/libplatform_s.a(0e63cdd9.o)
                0x00005784                uart_config_set_uart_pins
 .text.is_tx_ready
                0x000057c2       0x1a platform/libplatform_s.a(b74b2b8c.o)
 .text.user_handler
                0x000057dc       0x22 platform/libplatform_s.a(b74b2b8c.o)
 .text.user_handler_on_rx_done
                0x000057fe       0x28 platform/libplatform_s.a(b74b2b8c.o)
 .text.disable_hw_from_rx
                0x00005826       0x24 platform/libplatform_s.a(b74b2b8c.o)
 .text.disable_hw_from_tx
                0x0000584a       0x16 platform/libplatform_s.a(b74b2b8c.o)
 .text.blocking_tx
                0x00005860      0x142 platform/libplatform_s.a(b74b2b8c.o)
 .text.tx_prepare_start.isra.0
                0x000059a2       0x7e platform/libplatform_s.a(b74b2b8c.o)
 .text.nrfx_uarte_reconfigure
                0x00005a20       0x78 platform/libplatform_s.a(b74b2b8c.o)
                0x00005a20                nrfx_uarte_reconfigure
 .text.nrfx_uarte_init_check
                0x00005a98        0xc platform/libplatform_s.a(b74b2b8c.o)
                0x00005a98                nrfx_uarte_init_check
 .text.nrfx_uarte_tx
                0x00005aa4      0x11a platform/libplatform_s.a(b74b2b8c.o)
                0x00005aa4                nrfx_uarte_tx
 .text.nrfx_uarte_tx_abort
                0x00005bbe       0x88 platform/libplatform_s.a(b74b2b8c.o)
                0x00005bbe                nrfx_uarte_tx_abort
 .text.nrfx_uarte_rx_buffer_set
                0x00005c46      0x14e platform/libplatform_s.a(b74b2b8c.o)
                0x00005c46                nrfx_uarte_rx_buffer_set
 .text.nrfx_uarte_rx_abort
                0x00005d94        0x4 platform/libplatform_s.a(b74b2b8c.o)
                0x00005d94                nrfx_uarte_rx_abort
 .text.nrfx_uarte_rx_ready
                0x00005d98       0x3a platform/libplatform_s.a(b74b2b8c.o)
                0x00005d98                nrfx_uarte_rx_ready
 .text.ARM_Flash_GetCapabilities
                0x00005dd2        0x4 platform/libplatform_s.a(dcef4e56.o)
 .text.ARM_Flash_Unitialize
                0x00005dd6        0x4 platform/libplatform_s.a(dcef4e56.o)
 .text.ARM_Flash_EraseSector
                0x00005dda        0x4 platform/libplatform_s.a(dcef4e56.o)
 .text.mpu_armv8m_region_enable
                0x00005dde       0x6a platform/libplatform_s.a(91979781.o)
                0x00005dde                mpu_armv8m_region_enable
 .text.mpu_armv8m_region_disable
                0x00005e48       0x14 platform/libplatform_s.a(91979781.o)
                0x00005e48                mpu_armv8m_region_disable
 .text.mpu_armv8m_clean
                0x00005e5c       0x22 platform/libplatform_s.a(91979781.o)
                0x00005e5c                mpu_armv8m_clean
 .text.spu_peripheral_config_secure
                0x00005e7e       0x3c platform/libplatform_s.a(164ae153.o)
                0x00005e7e                spu_peripheral_config_secure
 .text.tfm_hal_its_aead_encrypt
                0x00005eba       0x24 platform/libplatform_s.a(064cd1d8.o)
                0x00005eba                tfm_hal_its_aead_encrypt
 .text.tfm_hal_its_aead_decrypt
                0x00005ede       0x24 platform/libplatform_s.a(064cd1d8.o)
                0x00005ede                tfm_hal_its_aead_decrypt
 .text.tfm_hal_system_halt
                0x00005f02        0xc platform/libplatform_s.a(e0b01256.o)
                0x00005f02                tfm_hal_system_halt
 .text.tfm_plat_provisioning_is_required
                0x00005f0e       0x10 platform/libplatform_s.a(8c1b54b0.o)
                0x00005f0e                tfm_plat_provisioning_is_required
 .text.tfm_plat_provisioning_perform
                0x00005f1e        0x4 platform/libplatform_s.a(8c1b54b0.o)
                0x00005f1e                tfm_plat_provisioning_perform
 .text.tfm_plat_provisioning_check_for_dummy_keys
                0x00005f22        0x2 platform/libplatform_s.a(8c1b54b0.o)
                0x00005f22                tfm_plat_provisioning_check_for_dummy_keys
 .text.tfm_platform_hal_ioctl
                0x00005f24       0x7c platform/libplatform_s.a(b4c072b5.o)
                0x00005f24                tfm_platform_hal_ioctl
 .text.tfm_hal_ps_fs_info
                0x00005fa0       0x1c platform/libplatform_s.a(723da285.o)
                0x00005fa0                tfm_hal_ps_fs_info
 .text.tfm_hal_its_fs_info
                0x00005fbc       0x1c platform/libplatform_s.a(4cd2e65a.o)
                0x00005fbc                tfm_hal_its_fs_info
 .text.tfm_hal_output_spm_log
                0x00005fd8        0x4 platform/libplatform_s.a(7c2cbb39.o)
                0x00005fd8                tfm_hal_output_spm_log
 .text.set_nv_counter_flash
                0x00005fdc       0x3e platform/libplatform_s.a(a6cb733d.o)
 .text.tfm_plat_init_nv_counter
                0x0000601a        0x4 platform/libplatform_s.a(a6cb733d.o)
                0x0000601a                tfm_plat_init_nv_counter
 .text.tfm_plat_read_nv_counter
                0x0000601e       0x38 platform/libplatform_s.a(a6cb733d.o)
                0x0000601e                tfm_plat_read_nv_counter
 .text.tfm_plat_set_nv_counter
                0x00006056       0x38 platform/libplatform_s.a(a6cb733d.o)
                0x00006056                tfm_plat_set_nv_counter
 .text.tfm_plat_increment_nv_counter
                0x0000608e       0x26 platform/libplatform_s.a(a6cb733d.o)
                0x0000608e                tfm_plat_increment_nv_counter
 .text.tfm_plat_nv_counter_permissions_check
                0x000060b4       0x2a platform/libplatform_s.a(a6cb733d.o)
                0x000060b4                tfm_plat_nv_counter_permissions_check
 .text.tfm_plat_ns_counter_idx_to_nv_counter
                0x000060de       0x14 platform/libplatform_s.a(a6cb733d.o)
                0x000060de                tfm_plat_ns_counter_idx_to_nv_counter
 .text.make_backup
                0x000060f2       0x2a platform/libplatform_s.a(380ab270.o)
 .text.tfm_plat_otp_init
                0x0000611c        0x4 platform/libplatform_s.a(c5dae437.o)
                0x0000611c                tfm_plat_otp_init
 .text.write_to_output
                0x00006120       0x30 platform/libplatform_s.a(c5dae437.o)
 .text.tfm_plat_otp_read
                0x00006150       0x9e platform/libplatform_s.a(c5dae437.o)
                0x00006150                tfm_plat_otp_read
 *libtfm_spm*:(SORT_BY_ALIGNMENT(.text*))
 *fill*         0x000061ee        0x2 
 .text.startup.main
                0x000061f0       0x78 secure_fw/spm/libtfm_spm.a(233fb2fa.o)
                0x000061f0                main
 .text.SVC_Handler
                0x00006268       0x68 secure_fw/spm/libtfm_spm.a(96a08669.o)
                0x00006268                SVC_Handler
 .text.tfm_arch_set_secure_exception_priorities
                0x000062d0       0x28 secure_fw/spm/libtfm_spm.a(96a08669.o)
                0x000062d0                tfm_arch_set_secure_exception_priorities
 .text.ns_agent_tz_main
                0x000062f8       0x30 secure_fw/spm/libtfm_spm.a(3d8f5fbb.o)
                0x000062f8                ns_agent_tz_main
 .text.tfm_hal_bind_boundary
                0x00006328       0x6c secure_fw/spm/libtfm_spm.a(b402fa3a.o)
                0x00006328                tfm_hal_bind_boundary
 .text.mpu_init_cfg
                0x00006394      0x11c secure_fw/spm/libtfm_spm.a(b402fa3a.o)
                0x00006394                mpu_init_cfg
 .text.SPU_Handler
                0x000064b0       0x40 secure_fw/spm/libtfm_spm.a(7eadf0b9.o)
                0x000064b0                SPU_Handler
 .text.MPC_Handler
                0x000064f0       0x30 secure_fw/spm/libtfm_spm.a(7eadf0b9.o)
                0x000064f0                MPC_Handler
 .text.MPC00_IRQHandler
                0x00006520       0x78 secure_fw/spm/libtfm_spm.a(7eadf0b9.o)
                0x00006520                MPC00_IRQHandler
 .text.enable_fault_handlers
                0x00006598       0x14 secure_fw/spm/libtfm_spm.a(24fd5d43.o)
                0x00006598                enable_fault_handlers
 .text.system_reset_cfg
                0x000065ac       0x18 secure_fw/spm/libtfm_spm.a(24fd5d43.o)
                0x000065ac                system_reset_cfg
 .text.nrf_gpio_pin_control_select.constprop.0
                0x000065c4       0x1c secure_fw/spm/libtfm_spm.a(12ad1583.o)
 .text.sau_and_idau_cfg
                0x000065e0       0x6c secure_fw/spm/libtfm_spm.a(12ad1583.o)
                0x000065e0                sau_and_idau_cfg
 .text.nrf_mpc_init_cfg
                0x0000664c       0x80 secure_fw/spm/libtfm_spm.a(12ad1583.o)
                0x0000664c                nrf_mpc_init_cfg
 .text.peripheral_configuration
                0x000066cc       0x68 secure_fw/spm/libtfm_spm.a(12ad1583.o)
                0x000066cc                peripheral_configuration
 .text.spu_periph_init_cfg
                0x00006734      0x10c secure_fw/spm/libtfm_spm.a(12ad1583.o)
                0x00006734                spu_periph_init_cfg
 .text.nvic_interrupt_target_state_cfg
                0x00006840       0x50 secure_fw/spm/libtfm_spm.a(12ad1583.o)
                0x00006840                nvic_interrupt_target_state_cfg
 .text.nvic_interrupt_enable
                0x00006890       0x50 secure_fw/spm/libtfm_spm.a(12ad1583.o)
                0x00006890                nvic_interrupt_enable
 .text.tfm_core_validate_boot_data
                0x000068e0        0xc secure_fw/spm/libtfm_spm.a(e61b613c.o)
                0x000068e0                tfm_core_validate_boot_data
 .text.tfm_core_get_boot_data_handler
                0x000068ec       0x38 secure_fw/spm/libtfm_spm.a(e61b613c.o)
                0x000068ec                tfm_core_get_boot_data_handler
 .text.tfm_spm_get_service_by_sid
                0x00006924       0x2c secure_fw/spm/libtfm_spm.a(a2c57787.o)
                0x00006924                tfm_spm_get_service_by_sid
 .text.tfm_spm_check_authorization
                0x00006950       0x4c secure_fw/spm/libtfm_spm.a(a2c57787.o)
                0x00006950                tfm_spm_check_authorization
 .text.spm_init_idle_connection
                0x0000699c       0x34 secure_fw/spm/libtfm_spm.a(a2c57787.o)
                0x0000699c                spm_init_idle_connection
 .text.tfm_spm_partition_get_running_partition_id
                0x000069d0       0x1c secure_fw/spm/libtfm_spm.a(a2c57787.o)
                0x000069d0                tfm_spm_partition_get_running_partition_id
 .text.tfm_spm_is_ns_caller
                0x000069ec       0x28 secure_fw/spm/libtfm_spm.a(a2c57787.o)
                0x000069ec                tfm_spm_is_ns_caller
 .text.spm_get_idle_connection
                0x00006a14       0x6c secure_fw/spm/libtfm_spm.a(a2c57787.o)
                0x00006a14                spm_get_idle_connection
 .text.tfm_spm_init
                0x00006a80       0x5c secure_fw/spm/libtfm_spm.a(a2c57787.o)
                0x00006a80                tfm_spm_init
 .text.load_a_partition_assuredly
                0x00006adc       0xfc secure_fw/spm/libtfm_spm.a(d493f55c.o)
                0x00006adc                load_a_partition_assuredly
 .text.load_services_assuredly
                0x00006bd8       0xa8 secure_fw/spm/libtfm_spm.a(d493f55c.o)
                0x00006bd8                load_services_assuredly
 .text.partition_init
                0x00006c80       0x20 secure_fw/spm/libtfm_spm.a(21ba3aac.o)
 .text.ns_agent_tz_init
                0x00006ca0       0x2c secure_fw/spm/libtfm_spm.a(21ba3aac.o)
 .text.backend_init_comp_assuredly
                0x00006ccc       0xb4 secure_fw/spm/libtfm_spm.a(21ba3aac.o)
                0x00006ccc                backend_init_comp_assuredly
 .text.backend_system_run
                0x00006d80       0x30 secure_fw/spm/libtfm_spm.a(21ba3aac.o)
                0x00006d80                backend_system_run
 .text.backend_abi_entering_spm
                0x00006db0       0x44 secure_fw/spm/libtfm_spm.a(21ba3aac.o)
                0x00006db0                backend_abi_entering_spm
 .text.ipc_schedule
                0x00006df4       0xa0 secure_fw/spm/libtfm_spm.a(21ba3aac.o)
                0x00006df4                ipc_schedule
 .text.spm_svc_handler
                0x00006e94       0xa8 secure_fw/spm/libtfm_spm.a(322c5517.o)
                0x00006e94                spm_svc_handler
 .text.thrd_set_query_callback
                0x00006f3c        0xc secure_fw/spm/libtfm_spm.a(28ff2e85.o)
                0x00006f3c                thrd_set_query_callback
 .text.thrd_next
                0x00006f48       0x4c secure_fw/spm/libtfm_spm.a(28ff2e85.o)
                0x00006f48                thrd_next
 .text.thrd_set_state
                0x00006f94       0x28 secure_fw/spm/libtfm_spm.a(28ff2e85.o)
                0x00006f94                thrd_set_state
 .text.thrd_start
                0x00006fbc       0x44 secure_fw/spm/libtfm_spm.a(28ff2e85.o)
                0x00006fbc                thrd_start
 .text.tz_ns_agent_register_client_id_range
                0x00007000        0xc secure_fw/spm/libtfm_spm.a(d1aa4119.o)
                0x00007000                tz_ns_agent_register_client_id_range
 .text.tfm_nspm_get_current_client_id
                0x0000700c       0x14 secure_fw/spm/libtfm_spm.a(d1aa4119.o)
                0x0000700c                tfm_nspm_get_current_client_id
 .text.tfm_nspm_ctx_init
                0x00007020       0x18 secure_fw/spm/libtfm_spm.a(d1aa4119.o)
                0x00007020                tfm_nspm_ctx_init
 .text.connection_to_handle
                0x00007038       0x20 secure_fw/spm/libtfm_spm.a(1885b225.o)
                0x00007038                connection_to_handle
 .text.handle_to_connection
                0x00007058       0x10 secure_fw/spm/libtfm_spm.a(1885b225.o)
                0x00007058                handle_to_connection
 .text.spm_init_connection_space
                0x00007068       0x1c secure_fw/spm/libtfm_spm.a(1885b225.o)
                0x00007068                spm_init_connection_space
 .text.spm_allocate_connection
                0x00007084        0xc secure_fw/spm/libtfm_spm.a(1885b225.o)
                0x00007084                spm_allocate_connection
 .text.spm_validate_connection
                0x00007090       0x1c secure_fw/spm/libtfm_spm.a(1885b225.o)
                0x00007090                spm_validate_connection
 .text.spm_free_connection
                0x000070ac        0xc secure_fw/spm/libtfm_spm.a(1885b225.o)
                0x000070ac                spm_free_connection
 .text.tfm_hal_get_ns_VTOR
                0x000070b8        0xc secure_fw/spm/libtfm_spm.a(3d3036fa.o)
                0x000070b8                tfm_hal_get_ns_VTOR
 .text.tfm_hal_get_ns_MSP
                0x000070c4        0xc secure_fw/spm/libtfm_spm.a(3d3036fa.o)
                0x000070c4                tfm_hal_get_ns_MSP
 .text.tfm_hal_get_ns_entry_point
                0x000070d0        0xc secure_fw/spm/libtfm_spm.a(3d3036fa.o)
                0x000070d0                tfm_hal_get_ns_entry_point
 .text.arch_acquire_sched_lock
                0x000070dc       0x10 secure_fw/spm/libtfm_spm.a(a1cf36ca.o)
                0x000070dc                arch_acquire_sched_lock
 .text.arch_release_sched_lock
                0x000070ec       0x14 secure_fw/spm/libtfm_spm.a(a1cf36ca.o)
                0x000070ec                arch_release_sched_lock
 .text.arch_attempt_schedule
                0x00007100       0x2c secure_fw/spm/libtfm_spm.a(a1cf36ca.o)
                0x00007100                arch_attempt_schedule
 .text.tfm_arch_init_context
                0x0000712c       0x58 secure_fw/spm/libtfm_spm.a(a1cf36ca.o)
                0x0000712c                tfm_arch_init_context
 .text.tfm_spm_partition_psa_wait
                0x00007184       0x38 secure_fw/spm/libtfm_spm.a(fb97e8e6.o)
                0x00007184                tfm_spm_partition_psa_wait
 .text.tfm_spm_partition_psa_get
                0x000071bc       0x6c secure_fw/spm/libtfm_spm.a(fb97e8e6.o)
                0x000071bc                tfm_spm_partition_psa_get
 .text.tfm_pool_alloc
                0x00007228       0x20 secure_fw/spm/libtfm_spm.a(e0c11d75.o)
                0x00007228                tfm_pool_alloc
 .text.is_valid_chunk_data_in_pool
                0x00007248       0x38 secure_fw/spm/libtfm_spm.a(e0c11d75.o)
                0x00007248                is_valid_chunk_data_in_pool
 .text.spm_associate_call_params
                0x00007280      0x190 secure_fw/spm/libtfm_spm.a(f7681832.o)
                0x00007280                spm_associate_call_params
 .text.tfm_spm_partition_psa_read
                0x00007410       0x6c secure_fw/spm/libtfm_spm.a(d33c1394.o)
                0x00007410                tfm_spm_partition_psa_read
 .text.tfm_spm_partition_psa_write
                0x0000747c       0x64 secure_fw/spm/libtfm_spm.a(d33c1394.o)
                0x0000747c                tfm_spm_partition_psa_write
 .text.tfm_core_panic
                0x000074e0        0x6 secure_fw/spm/libtfm_spm.a(a4f4375c.o)
                0x000074e0                tfm_core_panic
 .text.tfm_arch_thread_fn_call
                0x000074e6       0x52 secure_fw/spm/libtfm_spm.a(96a08669.o)
                0x000074e6                tfm_arch_thread_fn_call
 .text.PendSV_Handler
                0x00007538       0x54 secure_fw/spm/libtfm_spm.a(96a08669.o)
                0x00007538                PendSV_Handler
 .text.tfm_arch_config_extensions
                0x0000758c        0x2 secure_fw/spm/libtfm_spm.a(96a08669.o)
                0x0000758c                tfm_arch_config_extensions
 .text.tfm_hal_activate_boundary
                0x0000758e       0x1c secure_fw/spm/libtfm_spm.a(b402fa3a.o)
                0x0000758e                tfm_hal_activate_boundary
 .text.tfm_hal_memory_check
                0x000075aa       0x5e secure_fw/spm/libtfm_spm.a(b402fa3a.o)
                0x000075aa                tfm_hal_memory_check
 .text.tfm_hal_set_up_static_boundaries
                0x00007608       0x2a secure_fw/spm/libtfm_spm.a(b402fa3a.o)
                0x00007608                tfm_hal_set_up_static_boundaries
 .text.tfm_hal_boundary_need_switch
                0x00007632       0x1c secure_fw/spm/libtfm_spm.a(b402fa3a.o)
                0x00007632                tfm_hal_boundary_need_switch
 .text.SPU00_IRQHandler
                0x0000764e       0x1c secure_fw/spm/libtfm_spm.a(7eadf0b9.o)
                0x0000764e                SPU00_IRQHandler
 .text.SPU10_IRQHandler
                0x0000766a       0x1c secure_fw/spm/libtfm_spm.a(7eadf0b9.o)
                0x0000766a                SPU10_IRQHandler
 .text.SPU20_IRQHandler
                0x00007686       0x1c secure_fw/spm/libtfm_spm.a(7eadf0b9.o)
                0x00007686                SPU20_IRQHandler
 .text.SPU30_IRQHandler
                0x000076a2       0x1c secure_fw/spm/libtfm_spm.a(7eadf0b9.o)
                0x000076a2                SPU30_IRQHandler
 .text.NVIC_ClearTargetState.isra.0
                0x000076be       0x26 secure_fw/spm/libtfm_spm.a(12ad1583.o)
 .text.init_debug
                0x000076e4        0x4 secure_fw/spm/libtfm_spm.a(12ad1583.o)
                0x000076e4                init_debug
 .text.spm_get_async_replied_handle
                0x000076e8       0x3e secure_fw/spm/libtfm_spm.a(a2c57787.o)
                0x000076e8                spm_get_async_replied_handle
 .text.spm_get_handle_by_signal
                0x00007726       0x58 secure_fw/spm/libtfm_spm.a(a2c57787.o)
                0x00007726                spm_get_handle_by_signal
 .text.tfm_spm_check_client_version
                0x0000777e       0x24 secure_fw/spm/libtfm_spm.a(a2c57787.o)
                0x0000777e                tfm_spm_check_client_version
 .text.spm_msg_handle_to_connection
                0x000077a2       0x28 secure_fw/spm/libtfm_spm.a(a2c57787.o)
                0x000077a2                spm_msg_handle_to_connection
 .text.tfm_spm_get_client_id
                0x000077ca       0x1c secure_fw/spm/libtfm_spm.a(a2c57787.o)
                0x000077ca                tfm_spm_get_client_id
 .text.load_irqs_assuredly
                0x000077e6        0x2 secure_fw/spm/libtfm_spm.a(d493f55c.o)
                0x000077e6                load_irqs_assuredly
 .text.query_state
                0x000077e8       0x58 secure_fw/spm/libtfm_spm.a(21ba3aac.o)
 .text.backend_wait_signals
                0x00007840       0x1e secure_fw/spm/libtfm_spm.a(21ba3aac.o)
                0x00007840                backend_wait_signals
 .text.backend_assert_signal
                0x0000785e       0x28 secure_fw/spm/libtfm_spm.a(21ba3aac.o)
                0x0000785e                backend_assert_signal
 .text.backend_messaging
                0x00007886       0x46 secure_fw/spm/libtfm_spm.a(21ba3aac.o)
                0x00007886                backend_messaging
 .text.backend_replying
                0x000078cc       0x22 secure_fw/spm/libtfm_spm.a(21ba3aac.o)
                0x000078cc                backend_replying
 .text.backend_abi_leaving_spm
                0x000078ee       0x1e secure_fw/spm/libtfm_spm.a(21ba3aac.o)
                0x000078ee                backend_abi_leaving_spm
 .text.thrd_start_scheduler
                0x0000790c       0x1c secure_fw/spm/libtfm_spm.a(28ff2e85.o)
                0x0000790c                thrd_start_scheduler
 .text.tfm_hal_platform_common_init
                0x00007928       0x36 secure_fw/spm/libtfm_spm.a(3d3036fa.o)
                0x00007928                tfm_hal_platform_common_init
 .text.tfm_arch_free_msp_and_exc_ret
                0x0000795e        0x8 secure_fw/spm/libtfm_spm.a(a1cf36ca.o)
                0x0000795e                tfm_arch_free_msp_and_exc_ret
 .text.tfm_arch_set_context_ret_code
                0x00007966        0x6 secure_fw/spm/libtfm_spm.a(a1cf36ca.o)
                0x00007966                tfm_arch_set_context_ret_code
 .text.tfm_arch_refresh_hardware_context
                0x0000796c       0x16 secure_fw/spm/libtfm_spm.a(a1cf36ca.o)
                0x0000796c                tfm_arch_refresh_hardware_context
 .text.spm_handle_programmer_errors
                0x00007982       0x14 secure_fw/spm/libtfm_spm.a(fb97e8e6.o)
                0x00007982                spm_handle_programmer_errors
 .text.tfm_spm_get_lifecycle_state
                0x00007996       0x40 secure_fw/spm/libtfm_spm.a(fb97e8e6.o)
                0x00007996                tfm_spm_get_lifecycle_state
 .text.tfm_spm_partition_psa_reply
                0x000079d6       0x9c secure_fw/spm/libtfm_spm.a(fb97e8e6.o)
                0x000079d6                tfm_spm_partition_psa_reply
 .text.tfm_spm_partition_psa_panic
                0x00007a72        0x6 secure_fw/spm/libtfm_spm.a(fb97e8e6.o)
                0x00007a72                tfm_spm_partition_psa_panic
 .text.tfm_pool_init
                0x00007a78       0x4e secure_fw/spm/libtfm_spm.a(e0c11d75.o)
                0x00007a78                tfm_pool_init
 .text.tfm_pool_free
                0x00007ac6       0x1a secure_fw/spm/libtfm_spm.a(e0c11d75.o)
                0x00007ac6                tfm_pool_free
 .text.tfm_spm_client_psa_call
                0x00007ae0       0x4c secure_fw/spm/libtfm_spm.a(f7681832.o)
                0x00007ae0                tfm_spm_client_psa_call
 .text.tfm_spm_client_psa_framework_version
                0x00007b2c        0x6 secure_fw/spm/libtfm_spm.a(646c9f52.o)
                0x00007b2c                tfm_spm_client_psa_framework_version
 .text.tfm_spm_client_psa_version
                0x00007b32       0x2c secure_fw/spm/libtfm_spm.a(646c9f52.o)
                0x00007b32                tfm_spm_client_psa_version
 .text.tfm_spm_partition_psa_skip
                0x00007b5e       0x34 secure_fw/spm/libtfm_spm.a(d33c1394.o)
                0x00007b5e                tfm_spm_partition_psa_skip
 *libplatform_s*:*(.rodata*)
 .rodata.store_and_dump_context.str1.1
                0x00007b92      0x1da platform/libplatform_s.a(1408bb02.o)
                                 0x9c (size before relaxing)
 .rodata.Driver_USART30
                0x00007d6c       0x38 platform/libplatform_s.a(0e63cdd9.o)
                0x00007d6c                Driver_USART30
 .rodata.UART30_pins
                0x00007da4       0x10 platform/libplatform_s.a(0e63cdd9.o)
 .rodata.DriverVersion
                0x00007db4        0x4 platform/libplatform_s.a(0e63cdd9.o)
 .rodata.CSWTCH.100
                0x00007db8       0x10 platform/libplatform_s.a(b74b2b8c.o)
 *fill*         0x00007dc8        0x8 
 .rodata.delay_machine_code.0
                0x00007dd0        0x6 platform/libplatform_s.a(b74b2b8c.o)
 *fill*         0x00007dd6        0x2 
 .rodata.Driver_FLASH0
                0x00007dd8       0x2c platform/libplatform_s.a(dcef4e56.o)
                0x00007dd8                Driver_FLASH0
 .rodata.FlashInfo
                0x00007e04       0x18 platform/libplatform_s.a(dcef4e56.o)
 .rodata        0x00007e1c        0xa platform/libplatform_s.a(dcef4e56.o)
 *fill*         0x00007e26        0x2 
 .rodata.spu_instances
                0x00007e28       0x10 platform/libplatform_s.a(164ae153.o)
 .rodata.nrf_exception_info_store_context.str1.1
                0x00007e38       0x16 platform/libplatform_s.a(3dfcff47.o)
 .rodata.tfm_hal_platform_init.str1.1
                0x00007e38       0x8a platform/libplatform_s.a(8551ec1a.o)
 .rodata.data_width_byte
                0x00007e38        0xc platform/libplatform_s.a(380ab270.o)
 *libtfm_spm*:*(.rodata*)
 .rodata.main.str1.1
                0x00007e44       0x53 secure_fw/spm/libtfm_spm.a(233fb2fa.o)
 .rodata.memory_regions
                0x00007e44       0x1c secure_fw/spm/libtfm_spm.a(24fd5d43.o)
                0x00007e44                memory_regions
 .rodata.spu_instances
                0x00007e60       0x10 secure_fw/spm/libtfm_spm.a(12ad1583.o)
 .rodata        0x00007e70       0x1a secure_fw/spm/libtfm_spm.a(12ad1583.o)
 *fill*         0x00007e8a        0x2 
 .rodata.serv_pool_ea
                0x00007e8c        0x4 secure_fw/spm/libtfm_spm.a(d493f55c.o)
 .rodata.part_pool_ea
                0x00007e90        0x4 secure_fw/spm/libtfm_spm.a(d493f55c.o)
 .rodata.ldinf_ea
                0x00007e94        0x4 secure_fw/spm/libtfm_spm.a(d493f55c.o)
 .rodata.comp_init_fns
                0x00007e98        0x8 secure_fw/spm/libtfm_spm.a(21ba3aac.o)
 .rodata.spm_svc_handler.str1.1
                0x00007ea0       0x4b secure_fw/spm/libtfm_spm.a(322c5517.o)
                0x00000001                        ASSERT (((SIZEOF (.TFM_DATA) % 0x4) == 0x0), SIZEOF(.TFM_DATA))
                0x00000001                        ASSERT (((SIZEOF (.TFM_PSA_ROT_LINKER_DATA) % 0x4) == 0x0), SIZEOF(.TFM_PSA_ROT_LINKER_DATA))
                0x00000001                        ASSERT (((SIZEOF (.TFM_APP_ROT_LINKER_DATA) % 0x4) == 0x0), SIZEOF(.TFM_APP_ROT_LINKER_DATA))
                0x00000001                        ASSERT (((SIZEOF (.TFM_PSA_ROT_LINKER_BSS) % 0x4) == 0x0), SIZEOF(.TFM_PSA_ROT_LINKER_BSS))
                0x00000001                        ASSERT (((SIZEOF (.TFM_APP_ROT_LINKER_BSS) % 0x4) == 0x0), SIZEOF(.TFM_APP_ROT_LINKER_BSS))
                0x00000001                        ASSERT (((SIZEOF (.TFM_SP_META_PTR) % 0x4) == 0x0), SIZEOF(.TFM_SP_META_PTR))

.TFM_UNPRIV_CODE
                0x00007ea0     0xb120
 *(SORT_BY_ALIGNMENT(.text*))
 .text.Reset_Handler
                0x00007ea0       0x4c .o/7c53e84e/ad80bad0.o
                0x00007ea0                Reset_Handler
 *fill*         0x00007eec        0x4 
 .text.cracen_get_key_slot
                0x00007ef0       0x70 secure_fw/partitions/crypto/tfpsacrypto/nrf_security_src/drivers/cracen/libcracen_psa_driver.a(e644d366.o)
                0x00007ef0                cracen_get_key_slot
 .text.tfm_psa_framework_version_veneer
                0x00007f60       0x24 .o/7c53e84e/55e15aed.o
                0x00007f60                __acle_se_tfm_psa_framework_version_veneer
 .text.tfm_psa_version_veneer
                0x00007f84       0x24 .o/7c53e84e/55e15aed.o
                0x00007f84                __acle_se_tfm_psa_version_veneer
 .text.tfm_psa_call_veneer
                0x00007fa8       0x2c .o/7c53e84e/55e15aed.o
                0x00007fa8                __acle_se_tfm_psa_call_veneer
 .text.tfm_psa_connect_veneer
                0x00007fd4       0x1c .o/7c53e84e/55e15aed.o
                0x00007fd4                __acle_se_tfm_psa_connect_veneer
 .text.tfm_psa_close_veneer
                0x00007ff0       0x14 .o/7c53e84e/55e15aed.o
                0x00007ff0                __acle_se_tfm_psa_close_veneer
 .text._start   0x00008004       0x60 secure_fw/partitions/lib/runtime/libtfm_sprt.a(c3806ba3.o)
                0x00008004                _start
 .text.psa_framework_version
                0x00008064       0x10 secure_fw/partitions/lib/runtime/libtfm_sprt.a(7bb9076b.o)
                0x00008064                psa_framework_version
 .text.psa_version
                0x00008074       0x10 secure_fw/partitions/lib/runtime/libtfm_sprt.a(7bb9076b.o)
                0x00008074                psa_version
 .text.tfm_psa_call_pack
                0x00008084       0x14 secure_fw/partitions/lib/runtime/libtfm_sprt.a(7bb9076b.o)
                0x00008084                tfm_psa_call_pack
 .text.psa_wait
                0x00008098       0x10 secure_fw/partitions/lib/runtime/libtfm_sprt.a(7bb9076b.o)
                0x00008098                psa_wait
 .text.psa_get  0x000080a8       0x10 secure_fw/partitions/lib/runtime/libtfm_sprt.a(7bb9076b.o)
                0x000080a8                psa_get
 .text.psa_read
                0x000080b8       0x14 secure_fw/partitions/lib/runtime/libtfm_sprt.a(7bb9076b.o)
                0x000080b8                psa_read
 .text.psa_write
                0x000080cc       0x14 secure_fw/partitions/lib/runtime/libtfm_sprt.a(7bb9076b.o)
                0x000080cc                psa_write
 .text.psa_reply
                0x000080e0       0x10 secure_fw/partitions/lib/runtime/libtfm_sprt.a(7bb9076b.o)
                0x000080e0                psa_reply
 .text.psa_panic
                0x000080f0       0x10 secure_fw/partitions/lib/runtime/libtfm_sprt.a(7bb9076b.o)
                0x000080f0                psa_panic
 .text.tfm_vprintf
                0x00008100      0x1b4 secure_fw/partitions/lib/runtime/libtfm_sprt.a(38f08bc4.o)
                0x00008100                tfm_vprintf
 .text.mbedtls_calloc
                0x000082b4        0xc secure_fw/partitions/crypto/tfpsacrypto/nrf_security_src/core/nrf_oberon/libpsa_core.a(cb4f0251.o)
                0x000082b4                mbedtls_calloc
 .text.mbedtls_free
                0x000082c0        0xc secure_fw/partitions/crypto/tfpsacrypto/nrf_security_src/core/nrf_oberon/libpsa_core.a(cb4f0251.o)
                0x000082c0                mbedtls_free
 .text.mbedtls_platform_set_calloc_free
                0x000082cc       0x14 secure_fw/partitions/crypto/tfpsacrypto/nrf_security_src/core/nrf_oberon/libpsa_core.a(cb4f0251.o)
                0x000082cc                mbedtls_platform_set_calloc_free
 .text.mbedtls_platform_set_printf
                0x000082e0        0xc secure_fw/partitions/crypto/tfpsacrypto/nrf_security_src/core/nrf_oberon/libpsa_core.a(cb4f0251.o)
                0x000082e0                mbedtls_platform_set_printf
 .text.mbedtls_platform_zeroize
                0x000082ec       0x18 secure_fw/partitions/crypto/tfpsacrypto/nrf_security_src/core/nrf_oberon/libpsa_core.a(7b6a5523.o)
                0x000082ec                mbedtls_platform_zeroize
 .text.psa_get_initialized
                0x00008304       0x1c secure_fw/partitions/crypto/tfpsacrypto/nrf_security_src/core/nrf_oberon/libpsa_core.a(7f6de76a.o)
 .text.psa_mac_key_can_do
                0x00008320       0x40 secure_fw/partitions/crypto/tfpsacrypto/nrf_security_src/core/nrf_oberon/libpsa_core.a(7f6de76a.o)
 .text.psa_key_policy_algorithm_intersection
                0x00008360      0x248 secure_fw/partitions/crypto/tfpsacrypto/nrf_security_src/core/nrf_oberon/libpsa_core.a(7f6de76a.o)
 .text.psa_key_algorithm_permits
                0x000085a8      0x264 secure_fw/partitions/crypto/tfpsacrypto/nrf_security_src/core/nrf_oberon/libpsa_core.a(7f6de76a.o)
 .text.psa_aead_get_base_algorithm
                0x0000880c       0x58 secure_fw/partitions/crypto/tfpsacrypto/nrf_security_src/core/nrf_oberon/libpsa_core.a(7f6de76a.o)
 .text.psa_aead_check_algorithm
                0x00008864       0x80 secure_fw/partitions/crypto/tfpsacrypto/nrf_security_src/core/nrf_oberon/libpsa_core.a(7f6de76a.o)
 .text.psa_key_derivation_check_state
                0x000088e4       0xe8 secure_fw/partitions/crypto/tfpsacrypto/nrf_security_src/core/nrf_oberon/libpsa_core.a(7f6de76a.o)
 .text.psa_finish_key_creation
                0x000089cc       0x4c secure_fw/partitions/crypto/tfpsacrypto/nrf_security_src/core/nrf_oberon/libpsa_core.a(7f6de76a.o)
 .text.psa_aead_check_nonce_length
                0x00008a18       0x44 secure_fw/partitions/crypto/tfpsacrypto/nrf_security_src/core/nrf_oberon/libpsa_core.a(7f6de76a.o)
 .text.psa_get_and_lock_key_slot_with_policy
                0x00008a5c      0x100 secure_fw/partitions/crypto/tfpsacrypto/nrf_security_src/core/nrf_oberon/libpsa_core.a(7f6de76a.o)
 .text.psa_mac_finalize_alg_and_key_validation.isra.0
                0x00008b5c       0xc4 secure_fw/partitions/crypto/tfpsacrypto/nrf_security_src/core/nrf_oberon/libpsa_core.a(7f6de76a.o)
 .text.tfpsacrypto__psa_destroy_key
                0x00008c20       0x88 secure_fw/partitions/crypto/tfpsacrypto/nrf_security_src/core/nrf_oberon/libpsa_core.a(7f6de76a.o)
                0x00008c20                tfpsacrypto__psa_destroy_key
 .text.tfpsacrypto__psa_import_key
                0x00008ca8      0x15c secure_fw/partitions/crypto/tfpsacrypto/nrf_security_src/core/nrf_oberon/libpsa_core.a(7f6de76a.o)
                0x00008ca8                tfpsacrypto__psa_import_key
 .text.psa_cipher_setup
                0x00008e04      0x124 secure_fw/partitions/crypto/tfpsacrypto/nrf_security_src/core/nrf_oberon/libpsa_core.a(7f6de76a.o)
 .text.tfpsacrypto__psa_cipher_decrypt
                0x00008f28       0xf8 secure_fw/partitions/crypto/tfpsacrypto/nrf_security_src/core/nrf_oberon/libpsa_core.a(7f6de76a.o)
                0x00008f28                tfpsacrypto__psa_cipher_decrypt
 .text.psa_aead_setup
                0x00009020       0xf0 secure_fw/partitions/crypto/tfpsacrypto/nrf_security_src/core/nrf_oberon/libpsa_core.a(7f6de76a.o)
 .text.psa_key_derivation_input_internal
                0x00009110      0x124 secure_fw/partitions/crypto/tfpsacrypto/nrf_security_src/core/nrf_oberon/libpsa_core.a(7f6de76a.o)
 .text.tfpsacrypto__psa_key_derivation_setup
                0x00009234       0xb4 secure_fw/partitions/crypto/tfpsacrypto/nrf_security_src/core/nrf_oberon/libpsa_core.a(7f6de76a.o)
                0x00009234                tfpsacrypto__psa_key_derivation_setup
 .text.tfpsacrypto__psa_key_derivation_input_integer
                0x000092e8       0x64 secure_fw/partitions/crypto/tfpsacrypto/nrf_security_src/core/nrf_oberon/libpsa_core.a(7f6de76a.o)
                0x000092e8                tfpsacrypto__psa_key_derivation_input_integer
 .text.tfpsacrypto__psa_key_derivation_key_agreement
                0x0000934c       0xb0 secure_fw/partitions/crypto/tfpsacrypto/nrf_security_src/core/nrf_oberon/libpsa_core.a(7f6de76a.o)
                0x0000934c                tfpsacrypto__psa_key_derivation_key_agreement
 .text.tfpsacrypto__psa_generate_random
                0x000093fc       0x24 secure_fw/partitions/crypto/tfpsacrypto/nrf_security_src/core/nrf_oberon/libpsa_core.a(7f6de76a.o)
                0x000093fc                tfpsacrypto__psa_generate_random
 .text.tfpsacrypto__psa_cipher_encrypt
                0x00009420      0x160 secure_fw/partitions/crypto/tfpsacrypto/nrf_security_src/core/nrf_oberon/libpsa_core.a(7f6de76a.o)
                0x00009420                tfpsacrypto__psa_cipher_encrypt
 .text.tfpsacrypto__psa_generate_key
                0x00009580      0x204 secure_fw/partitions/crypto/tfpsacrypto/nrf_security_src/core/nrf_oberon/libpsa_core.a(7f6de76a.o)
                0x00009580                tfpsacrypto__psa_generate_key
 .text.mbedtls_psa_crypto_free
                0x00009784       0x54 secure_fw/partitions/crypto/tfpsacrypto/nrf_security_src/core/nrf_oberon/libpsa_core.a(7f6de76a.o)
                0x00009784                mbedtls_psa_crypto_free
 .text.tfpsacrypto__psa_crypto_init
                0x000097d8       0x6c secure_fw/partitions/crypto/tfpsacrypto/nrf_security_src/core/nrf_oberon/libpsa_core.a(7f6de76a.o)
                0x000097d8                tfpsacrypto__psa_crypto_init
 .text.psa_get_and_lock_key_slot_in_memory
                0x00009844       0x98 secure_fw/partitions/crypto/tfpsacrypto/nrf_security_src/core/nrf_oberon/libpsa_core.a(c99aa247.o)
 .text.psa_initialize_key_slots
                0x000098dc       0x10 secure_fw/partitions/crypto/tfpsacrypto/nrf_security_src/core/nrf_oberon/libpsa_core.a(c99aa247.o)
                0x000098dc                psa_initialize_key_slots
 .text.psa_wipe_all_key_slots
                0x000098ec       0x34 secure_fw/partitions/crypto/tfpsacrypto/nrf_security_src/core/nrf_oberon/libpsa_core.a(c99aa247.o)
                0x000098ec                psa_wipe_all_key_slots
 .text.psa_reserve_free_key_slot
                0x00009920       0x84 secure_fw/partitions/crypto/tfpsacrypto/nrf_security_src/core/nrf_oberon/libpsa_core.a(c99aa247.o)
                0x00009920                psa_reserve_free_key_slot
 .text.psa_get_and_lock_key_slot
                0x000099a4      0x1b0 secure_fw/partitions/crypto/tfpsacrypto/nrf_security_src/core/nrf_oberon/libpsa_core.a(c99aa247.o)
                0x000099a4                psa_get_and_lock_key_slot
 .text.psa_format_key_data_for_storage
                0x00009b54       0xb8 secure_fw/partitions/crypto/tfpsacrypto/nrf_security_src/core/nrf_oberon/libpsa_core.a(1e0fd30e.o)
                0x00009b54                psa_format_key_data_for_storage
 .text.psa_parse_key_data_from_storage
                0x00009c0c       0xfc secure_fw/partitions/crypto/tfpsacrypto/nrf_security_src/core/nrf_oberon/libpsa_core.a(1e0fd30e.o)
                0x00009c0c                psa_parse_key_data_from_storage
 .text.psa_driver_wrapper_get_key_buffer_size_from_key_data
                0x00009d08       0x30 secure_fw/partitions/crypto/tfpsacrypto/nrf_security_src/core/nrf_oberon/libpsa_core.a(d65ee733.o)
                0x00009d08                psa_driver_wrapper_get_key_buffer_size_from_key_data
 .text.psa_driver_wrapper_get_key_buffer_size
                0x00009d38       0x30 secure_fw/partitions/crypto/tfpsacrypto/nrf_security_src/core/nrf_oberon/libpsa_core.a(d65ee733.o)
                0x00009d38                psa_driver_wrapper_get_key_buffer_size
 .text.psa_driver_wrapper_generate_key
                0x00009d68       0x50 secure_fw/partitions/crypto/tfpsacrypto/nrf_security_src/core/nrf_oberon/libpsa_core.a(d65ee733.o)
                0x00009d68                psa_driver_wrapper_generate_key
 .text.psa_driver_wrapper_import_key
                0x00009db8       0x90 secure_fw/partitions/crypto/tfpsacrypto/nrf_security_src/core/nrf_oberon/libpsa_core.a(d65ee733.o)
                0x00009db8                psa_driver_wrapper_import_key
 .text.psa_driver_wrapper_export_key
                0x00009e48       0x34 secure_fw/partitions/crypto/tfpsacrypto/nrf_security_src/core/nrf_oberon/libpsa_core.a(d65ee733.o)
                0x00009e48                psa_driver_wrapper_export_key
 .text.psa_driver_wrapper_export_public_key
                0x00009e7c       0x64 secure_fw/partitions/crypto/tfpsacrypto/nrf_security_src/core/nrf_oberon/libpsa_core.a(d65ee733.o)
                0x00009e7c                psa_driver_wrapper_export_public_key
 .text.psa_driver_wrapper_get_builtin_key
                0x00009ee0       0x38 secure_fw/partitions/crypto/tfpsacrypto/nrf_security_src/core/nrf_oberon/libpsa_core.a(d65ee733.o)
                0x00009ee0                psa_driver_wrapper_get_builtin_key
 .text.psa_driver_wrapper_copy_key
                0x00009f18       0x28 secure_fw/partitions/crypto/tfpsacrypto/nrf_security_src/core/nrf_oberon/libpsa_core.a(d65ee733.o)
                0x00009f18                psa_driver_wrapper_copy_key
 .text.psa_driver_wrapper_cipher_encrypt
                0x00009f40       0x44 secure_fw/partitions/crypto/tfpsacrypto/nrf_security_src/core/nrf_oberon/libpsa_core.a(d65ee733.o)
                0x00009f40                psa_driver_wrapper_cipher_encrypt
 .text.psa_driver_wrapper_cipher_decrypt
                0x00009f84       0x4c secure_fw/partitions/crypto/tfpsacrypto/nrf_security_src/core/nrf_oberon/libpsa_core.a(d65ee733.o)
                0x00009f84                psa_driver_wrapper_cipher_decrypt
 .text.psa_driver_wrapper_cipher_encrypt_setup
                0x00009fd0       0x30 secure_fw/partitions/crypto/tfpsacrypto/nrf_security_src/core/nrf_oberon/libpsa_core.a(d65ee733.o)
                0x00009fd0                psa_driver_wrapper_cipher_encrypt_setup
 .text.psa_driver_wrapper_cipher_decrypt_setup
                0x0000a000       0x30 secure_fw/partitions/crypto/tfpsacrypto/nrf_security_src/core/nrf_oberon/libpsa_core.a(d65ee733.o)
                0x0000a000                psa_driver_wrapper_cipher_decrypt_setup
 .text.psa_driver_wrapper_hash_compute
                0x0000a030       0x24 secure_fw/partitions/crypto/tfpsacrypto/nrf_security_src/core/nrf_oberon/libpsa_core.a(d65ee733.o)
                0x0000a030                psa_driver_wrapper_hash_compute
 .text.psa_driver_wrapper_hash_setup
                0x0000a054       0x24 secure_fw/partitions/crypto/tfpsacrypto/nrf_security_src/core/nrf_oberon/libpsa_core.a(d65ee733.o)
                0x0000a054                psa_driver_wrapper_hash_setup
 .text.psa_driver_wrapper_aead_encrypt
                0x0000a078       0x54 secure_fw/partitions/crypto/tfpsacrypto/nrf_security_src/core/nrf_oberon/libpsa_core.a(d65ee733.o)
                0x0000a078                psa_driver_wrapper_aead_encrypt
 .text.psa_driver_wrapper_aead_decrypt
                0x0000a0cc       0x68 secure_fw/partitions/crypto/tfpsacrypto/nrf_security_src/core/nrf_oberon/libpsa_core.a(d65ee733.o)
                0x0000a0cc                psa_driver_wrapper_aead_decrypt
 .text.psa_driver_wrapper_aead_encrypt_setup
                0x0000a134       0x2c secure_fw/partitions/crypto/tfpsacrypto/nrf_security_src/core/nrf_oberon/libpsa_core.a(d65ee733.o)
                0x0000a134                psa_driver_wrapper_aead_encrypt_setup
 .text.psa_driver_wrapper_aead_decrypt_setup
                0x0000a160       0x2c secure_fw/partitions/crypto/tfpsacrypto/nrf_security_src/core/nrf_oberon/libpsa_core.a(d65ee733.o)
                0x0000a160                psa_driver_wrapper_aead_decrypt_setup
 .text.psa_driver_wrapper_mac_compute
                0x0000a18c       0x54 secure_fw/partitions/crypto/tfpsacrypto/nrf_security_src/core/nrf_oberon/libpsa_core.a(d65ee733.o)
                0x0000a18c                psa_driver_wrapper_mac_compute
 .text.psa_driver_wrapper_mac_sign_setup
                0x0000a1e0       0x48 secure_fw/partitions/crypto/tfpsacrypto/nrf_security_src/core/nrf_oberon/libpsa_core.a(d65ee733.o)
                0x0000a1e0                psa_driver_wrapper_mac_sign_setup
 .text.psa_driver_wrapper_mac_verify_setup
                0x0000a228       0x48 secure_fw/partitions/crypto/tfpsacrypto/nrf_security_src/core/nrf_oberon/libpsa_core.a(d65ee733.o)
                0x0000a228                psa_driver_wrapper_mac_verify_setup
 .text.psa_driver_wrapper_destroy_builtin_key
                0x0000a270       0x18 secure_fw/partitions/crypto/tfpsacrypto/nrf_security_src/core/nrf_oberon/libpsa_core.a(d65ee733.o)
                0x0000a270                psa_driver_wrapper_destroy_builtin_key
 .text.cracen_acquire
                0x0000a288       0x48 secure_fw/partitions/crypto/tfpsacrypto/nrf_security_src/drivers/cracen/libcracen_psa_driver.a(d711bff3.o)
                0x0000a288                cracen_acquire
 .text.cracen_release
                0x0000a2d0       0x70 secure_fw/partitions/crypto/tfpsacrypto/nrf_security_src/drivers/cracen/libcracen_psa_driver.a(d711bff3.o)
                0x0000a2d0                cracen_release
 .text.cracen_init
                0x0000a340       0x4c secure_fw/partitions/crypto/tfpsacrypto/nrf_security_src/drivers/cracen/libcracen_psa_driver.a(d711bff3.o)
                0x0000a340                cracen_init
 .text.cracen_prepare_ik_key
                0x0000a38c       0x4c secure_fw/partitions/crypto/tfpsacrypto/nrf_security_src/drivers/cracen/libcracen_psa_driver.a(0f2087de.o)
                0x0000a38c                cracen_prepare_ik_key
 .text.hash_get_algo
                0x0000a3d8       0x54 secure_fw/partitions/crypto/tfpsacrypto/nrf_security_src/drivers/cracen/libcracen_psa_driver.a(0f2087de.o)
                0x0000a3d8                hash_get_algo
 .text.cracen_load_keyref
                0x0000a42c       0xf0 secure_fw/partitions/crypto/tfpsacrypto/nrf_security_src/drivers/cracen/libcracen_psa_driver.a(0f2087de.o)
                0x0000a42c                cracen_load_keyref
 .text.lib_kmu_clear_all_events
                0x0000a51c       0x24 secure_fw/partitions/crypto/tfpsacrypto/nrf_security_src/drivers/cracen/libcracen_psa_driver.a(f5afa572.o)
                0x0000a51c                lib_kmu_clear_all_events
 .text.trigger_task_and_wait_for_event_or_error
                0x0000a540       0x54 secure_fw/partitions/crypto/tfpsacrypto/nrf_security_src/drivers/cracen/libcracen_psa_driver.a(f5afa572.o)
 .text.lib_kmu_provision_slot
                0x0000a594       0x64 secure_fw/partitions/crypto/tfpsacrypto/nrf_security_src/drivers/cracen/libcracen_psa_driver.a(f5afa572.o)
                0x0000a594                lib_kmu_provision_slot
 .text.lib_kmu_push_slot