Archive member included to satisfy reference by file (symbol)

app/libapp.a(main.c.obj)      (--whole-archive)
zephyr/libzephyr.a(validate_libc.c.obj)
                              (--whole-archive)
zephyr/libzephyr.a(heap.c.obj)
                              (--whole-archive)
zephyr/libzephyr.a(cbprintf_packaged.c.obj)
                              (--whole-archive)
zephyr/libzephyr.a(clock.c.obj)
                              (--whole-archive)
zephyr/libzephyr.a(printk.c.obj)
                              (--whole-archive)
zephyr/libzephyr.a(sem.c.obj)
                              (--whole-archive)
zephyr/libzephyr.a(thread_entry.c.obj)
                              (--whole-archive)
zephyr/libzephyr.a(cbprintf_complete.c.obj)
                              (--whole-archive)
zephyr/libzephyr.a(assert.c.obj)
                              (--whole-archive)
zephyr/libzephyr.a(mpsc_pbuf.c.obj)
                              (--whole-archive)
zephyr/libzephyr.a(dec.c.obj)
                              (--whole-archive)
zephyr/libzephyr.a(hex.c.obj)
                              (--whole-archive)
zephyr/libzephyr.a(rb.c.obj)  (--whole-archive)
zephyr/libzephyr.a(set.c.obj)
                              (--whole-archive)
zephyr/libzephyr.a(timeutil.c.obj)
                              (--whole-archive)
zephyr/libzephyr.a(bitarray.c.obj)
                              (--whole-archive)
zephyr/libzephyr.a(bitmask.c.obj)
                              (--whole-archive)
zephyr/libzephyr.a(getopt.c.obj)
                              (--whole-archive)
zephyr/libzephyr.a(getopt_common.c.obj)
                              (--whole-archive)
zephyr/libzephyr.a(onoff.c.obj)
                              (--whole-archive)
zephyr/libzephyr.a(notify.c.obj)
                              (--whole-archive)
zephyr/libzephyr.a(ring_buffer.c.obj)
                              (--whole-archive)
zephyr/libzephyr.a(last_section_id.c.obj)
                              (--whole-archive)
zephyr/libzephyr.a(uuid.c.obj)
                              (--whole-archive)
zephyr/libzephyr.a(configs.c.obj)
                              (--whole-archive)
zephyr/libzephyr.a(thread_info.c.obj)
                              (--whole-archive)
zephyr/libzephyr.a(log_core.c.obj)
                              (--whole-archive)
zephyr/libzephyr.a(log_mgmt.c.obj)
                              (--whole-archive)
zephyr/libzephyr.a(log_cache.c.obj)
                              (--whole-archive)
zephyr/libzephyr.a(log_msg.c.obj)
                              (--whole-archive)
zephyr/libzephyr.a(log_output.c.obj)
                              (--whole-archive)
zephyr/libzephyr.a(log_backend_uart.c.obj)
                              (--whole-archive)
zephyr/libzephyr.a(mem_attr.c.obj)
                              (--whole-archive)
zephyr/libzephyr.a(tracing_none.c.obj)
                              (--whole-archive)
zephyr/libzephyr.a(gap_svc.c.obj)
                              (--whole-archive)
zephyr/libzephyr.a(banner.c.obj)
                              (--whole-archive)
zephyr/libzephyr.a(hci_vs_sdc.c.obj)
                              (--whole-archive)
zephyr/libzephyr.a(host_extensions.c.obj)
                              (--whole-archive)
zephyr/arch/common/libarch__common.a(sw_isr_common.c.obj)
                              (--whole-archive)
zephyr/arch/common/libarch__common.a(init.c.obj)
                              (--whole-archive)
zephyr/arch/common/libarch__common.a(xip.c.obj)
                              (--whole-archive)
zephyr/arch/arch/arm/core/libarch__arm__core.a(fatal.c.obj)
                              (--whole-archive)
zephyr/arch/arch/arm/core/libarch__arm__core.a(nmi.c.obj)
                              (--whole-archive)
zephyr/arch/arch/arm/core/libarch__arm__core.a(nmi_on_reset.S.obj)
                              (--whole-archive)
zephyr/arch/arch/arm/core/libarch__arm__core.a(tls.c.obj)
                              (--whole-archive)
zephyr/arch/arch/arm/core/cortex_m/libarch__arm__core__cortex_m.a(fault.c.obj)
                              (--whole-archive)
zephyr/arch/arch/arm/core/cortex_m/libarch__arm__core__cortex_m.a(fault_s.S.obj)
                              (--whole-archive)
zephyr/arch/arch/arm/core/cortex_m/libarch__arm__core__cortex_m.a(fpu.c.obj)
                              (--whole-archive)
zephyr/arch/arch/arm/core/cortex_m/libarch__arm__core__cortex_m.a(reset.S.obj)
                              (--whole-archive)
zephyr/arch/arch/arm/core/cortex_m/libarch__arm__core__cortex_m.a(scb.c.obj)
                              (--whole-archive)
zephyr/arch/arch/arm/core/cortex_m/libarch__arm__core__cortex_m.a(vector_table.S.obj)
                              (--whole-archive)
zephyr/arch/arch/arm/core/cortex_m/libarch__arm__core__cortex_m.a(svc.S.obj)
                              (--whole-archive)
zephyr/arch/arch/arm/core/cortex_m/libarch__arm__core__cortex_m.a(irq_manage.c.obj)
[...]
Memory Configuration

Name             Origin             Length             Attributes
FLASH            0x0008a000         0x0016b000         xr
RAM              0x20040000         0x0003f000         xw
IDT_LIST         0xffff7fff         0x00008000         xw
*default*        0x00000000         0xffffffff

Linker script and memory map

                0x000a21f0                        vfprintf = __l_vfprintf
                0x00000000                        vfscanf = __l_vfscanf
LOAD zephyr/CMakeFiles/zephyr_final.dir/misc/empty_file.c.obj
LOAD zephyr/CMakeFiles/zephyr_final.dir/isr_tables.c.obj
LOAD zephyr/CMakeFiles/offsets.dir/./arch/arm/core/offsets/offsets.c.obj
LOAD tfm/api_ns/interface/lib/s_veneers.o
LOAD app/libapp.a
LOAD zephyr/libzephyr.a
LOAD zephyr/arch/common/libarch__common.a
LOAD zephyr/arch/arch/arm/core/libarch__arm__core.a
LOAD zephyr/arch/arch/arm/core/cortex_m/libarch__arm__core__cortex_m.a
LOAD zephyr/arch/arch/arm/core/cortex_m/cmse/libarch__arm__core__cortex_m__cmse.a
LOAD zephyr/arch/arch/arm/core/mpu/libarch__arm__core__mpu.a
LOAD zephyr/lib/libc/picolibc/liblib__libc__picolibc.a
LOAD zephyr/lib/libc/common/liblib__libc__common.a
LOAD zephyr/lib/posix/c_lib_ext/liblib__posix__c_lib_ext.a
LOAD zephyr/lib/net_buf/liblib__net_buf.a
LOAD zephyr/soc/soc/nrf54lm20a/libsoc__nordic.a
LOAD zephyr/subsys/random/libsubsys__random.a
LOAD zephyr/subsys/bluetooth/common/libsubsys__bluetooth__common.a
LOAD zephyr/subsys/bluetooth/host/libsubsys__bluetooth__host.a
LOAD zephyr/drivers/audio/libdrivers__audio.a
LOAD zephyr/drivers/clock_control/libdrivers__clock_control.a
LOAD zephyr/drivers/console/libdrivers__console.a
LOAD zephyr/drivers/entropy/libdrivers__entropy.a
LOAD zephyr/drivers/gpio/libdrivers__gpio.a
LOAD zephyr/drivers/pinctrl/libdrivers__pinctrl.a
LOAD zephyr/drivers/serial/libdrivers__serial.a
LOAD zephyr/drivers/timer/libdrivers__timer.a
LOAD modules/nrf/lib/multithreading_lock/lib..__nrf__lib__multithreading_lock.a
LOAD modules/nrf/subsys/bluetooth/controller/lib..__nrf__subsys__bluetooth__controller.a
LOAD modules/nrf/subsys/nrf_security/src/zephyr/libmbedtls_zephyr.a
LOAD modules/nrf/subsys/mpsl/init/lib..__nrf__subsys__mpsl__init.a
LOAD modules/nrf/subsys/mpsl/fem/lib..__nrf__subsys__mpsl__fem.a
LOAD modules/nrf/subsys/mpsl/hwres/lib..__nrf__subsys__mpsl__hwres.a
LOAD modules/nrf/modules/trusted-firmware-m/lib..__nrf__modules__trusted-firmware-m.a
LOAD modules/nrf/modules/trusted-firmware-m/libtfm_api_nrf.a
LOAD modules/nrf/drivers/mpsl/clock_control/lib..__nrf__drivers__mpsl__clock_control.a
LOAD modules/mbedtls/mbedtls/library/libmbedtls.a
LOAD modules/trusted-firmware-m/libtfm_api.a
LOAD modules/hal_nordic/modules/hal_nordic/nrfx/libnrfx.a
LOAD zephyr/kernel/libkernel.a
LOAD zephyr/arch/common/libisr_tables.a
LOAD modules/mbedtls/mbedtls/library/libmbedx509.a
LOAD modules/nrf/subsys/nrf_security/src/libmbedcrypto.a
LOAD modules/nrf/subsys/nrf_security/src/libnrf_security_utils.a
LOAD zephyr/kernel/libkernel.a
LOAD C:/ncs/v3.4.0/nrfxlib/softdevice_controller/lib/nrf54lm_ns/soft-float/libsoftdevice_controller_peripheral.a
LOAD C:/ncs/v3.4.0/nrfxlib/mpsl/fem/common/lib/nrf54lm_ns/soft-float/libmpsl_fem_common.a
LOAD C:/ncs/v3.4.0/nrfxlib/mpsl/fem/nrf21540_gpio/lib/nrf54lm_ns/soft-float/libmpsl_fem_nrf21540_gpio.a
LOAD C:/ncs/v3.4.0/nrfxlib/mpsl/fem/nrf21540_gpio_spi/lib/nrf54lm_ns/soft-float/libmpsl_fem_nrf21540_gpio_spi.a
LOAD C:/ncs/v3.4.0/nrfxlib/mpsl/fem/nrf2220/lib/nrf54lm_ns/soft-float/libmpsl_fem_nrf2220.a
LOAD C:/ncs/v3.4.0/nrfxlib/mpsl/fem/nrf2240/lib/nrf54lm_ns/soft-float/libmpsl_fem_nrf2240.a
LOAD C:/ncs/v3.4.0/nrfxlib/mpsl/fem/nrf22xx/lib/nrf54lm_ns/soft-float/libmpsl_fem_nrf22xx.a
LOAD C:/ncs/v3.4.0/nrfxlib/mpsl/fem/simple_gpio/lib/nrf54lm_ns/soft-float/libmpsl_fem_simple_gpio.a
LOAD C:/ncs/v3.4.0/nrfxlib/mpsl/lib/nrf54lm_ns/soft-float/libmpsl.a
LOAD C:/ncs/toolchains/dcbdc366a1/opt/zephyr-sdk/gnu/arm-zephyr-eabi/bin/../lib/gcc/arm-zephyr-eabi/14.3.0/../../../../arm-zephyr-eabi/lib/thumb/v8-m.main/nofp/space\libc.a
LOAD C:/ncs/toolchains/dcbdc366a1/opt/zephyr-sdk/gnu/arm-zephyr-eabi/bin/../lib/gcc/arm-zephyr-eabi/14.3.0/thumb/v8-m.main/nofp/space\libgcc.a
                0x00000020                        _region_min_align = 0x20

.rel.plt        0x0008a000        0x0
 *(SORT_BY_ALIGNMENT(.rel.plt))
                [!provide]                        PROVIDE (__rel_iplt_start = .)
 *(SORT_BY_ALIGNMENT(.rel.iplt))
 .rel.iplt      0x0008a000        0x0 zephyr/CMakeFiles/zephyr_final.dir/isr_tables.c.obj
                [!provide]                        PROVIDE (__rel_iplt_end = .)

.rela.plt       0x00000000        0x0
 *(SORT_BY_ALIGNMENT(.rela.plt))
                [!provide]                        PROVIDE (__rela_iplt_start = .)
 *(SORT_BY_ALIGNMENT(.rela.iplt))
                [!provide]                        PROVIDE (__rela_iplt_end = .)

.rel.dyn
 *(SORT_BY_ALIGNMENT(.rel.*))

.rela.dyn
 *(SORT_BY_ALIGNMENT(.rela.*))

/DISCARD/
 *(SORT_BY_ALIGNMENT(.plt))

/DISCARD/
 *(SORT_BY_ALIGNMENT(.iplt))
                0x0008a000                        __rom_region_start = 0x8a000

rom_start       0x0008a000      0x4c8
                0x0008a000                        __rom_start_address = .
 FILL mask 0x00
                0x0008a000                        . = (. + (0x0 - (. - __rom_start_address)))
                0x0008a000                        . = ALIGN (0x4)
                0x0008a000                        . = ALIGN (0x80)
                0x0008a000                        . = ALIGN (0x800)
                0x0008a000                        _vector_start = .
 *(SORT_BY_ALIGNMENT(.exc_vector_table))
 *(SORT_BY_ALIGNMENT(.exc_vector_table.*))
 .exc_vector_table._vector_table_section
                0x0008a000       0x40 zephyr/arch/arch/arm/core/cortex_m/libarch__arm__core__cortex_m.a(vector_table.S.obj)
                0x0008a000                _vector_table
 *(SORT_BY_ALIGNMENT(.vectors))
                0x0008a4c8                        _vector_end = .
                0x0008a040                        . = ALIGN (0x4)
 *(SORT_BY_ALIGNMENT(.gnu.linkonce.irq_vector_table*))
 .gnu.linkonce.irq_vector_table
                0x0008a040      0x488 zephyr/CMakeFiles/zephyr_final.dir/isr_tables.c.obj
                0x0008a040                _irq_vector_table
                0x0008a4c8                        _vector_end = .

text            0x0008a4c8    0x1bbd8
                0x0008a4c8                        __text_region_start = .
 *(SORT_BY_ALIGNMENT(.text))
 .text          0x0008a4c8       0x24 C:/ncs/v3.4.0/nrfxlib/softdevice_controller/lib/nrf54lm_ns/soft-float/libsoftdevice_controller_peripheral.a(libsoftdevice_controller_s112_debug_soft__obfuscated.elf)
 .text          0x0008a4ec       0x24 C:/ncs/v3.4.0/nrfxlib/softdevice_controller/lib/nrf54lm_ns/soft-float/libsoftdevice_controller_peripheral.a(libsoftdevice_controller_s112_debug_soft__obfuscated.elf)
 .text          0x0008a510       0xbc C:/ncs/v3.4.0/nrfxlib/softdevice_controller/lib/nrf54lm_ns/soft-float/libsoftdevice_controller_peripheral.a(libsoftdevice_controller_s112_debug_soft__obfuscated.elf)
 .text          0x0008a5cc       0x78 C:/ncs/v3.4.0/nrfxlib/softdevice_controller/lib/nrf54lm_ns/soft-float/libsoftdevice_controller_peripheral.a(libsoftdevice_controller_s112_debug_soft__obfuscated.elf)
                0x0008a5cc                sym_476LRB5XNUARAHCHHC7ZAIGPFC5VZ4W2N4467LI
 .text          0x0008a644       0x30 C:/ncs/v3.4.0/nrfxlib/softdevice_controller/lib/nrf54lm_ns/soft-float/libsoftdevice_controller_peripheral.a(libsoftdevice_controller_s112_debug_soft__obfuscated.elf)
 .text          0x0008a674       0x5c C:/ncs/v3.4.0/nrfxlib/softdevice_controller/lib/nrf54lm_ns/soft-float/libsoftdevice_controller_peripheral.a(libsoftdevice_controller_s112_debug_soft__obfuscated.elf)
                0x0008a674                sdc_init
 .text          0x0008a6d0       0x9c C:/ncs/v3.4.0/nrfxlib/softdevice_controller/lib/nrf54lm_ns/soft-float/libsoftdevice_controller_peripheral.a(libsoftdevice_controller_s112_debug_soft__obfuscated.elf)
                0x0008a6d0                sdc_cfg_set
 .text          0x0008a76c       0x5c C:/ncs/v3.4.0/nrfxlib/softdevice_controller/lib/nrf54lm_ns/soft-float/libsoftdevice_controller_peripheral.a(libsoftdevice_controller_s112_debug_soft__obfuscated.elf)
                0x0008a76c                sdc_enable
 .text          0x0008a7c8       0x20 C:/ncs/v3.4.0/nrfxlib/softdevice_controller/lib/nrf54lm_ns/soft-float/libsoftdevice_controller_peripheral.a(libsoftdevice_controller_s112_debug_soft__obfuscated.elf)
                0x0008a7c8                sdc_disable
 .text          0x0008a7e8       0x18 C:/ncs/v3.4.0/nrfxlib/softdevice_controller/lib/nrf54lm_ns/soft-float/libsoftdevice_controller_peripheral.a(libsoftdevice_controller_s112_debug_soft__obfuscated.elf)
                0x0008a7e8                sdc_support_adv
 .text          0x0008a800       0x18 C:/ncs/v3.4.0/nrfxlib/softdevice_controller/lib/nrf54lm_ns/soft-float/libsoftdevice_controller_peripheral.a(libsoftdevice_controller_s112_debug_soft__obfuscated.elf)
                0x0008a800                sdc_support_peripheral
 .text          0x0008a818       0x28 C:/ncs/v3.4.0/nrfxlib/softdevice_controller/lib/nrf54lm_ns/soft-float/libsoftdevice_controller_peripheral.a(libsoftdevice_controller_s112_debug_soft__obfuscated.elf)
                0x0008a818                sym_TG7NSIC2UKHCUBZWZ4K4EMD5QRI2QVSKVKV6CFQ
 .text          0x0008a840       0x3c C:/ncs/v3.4.0/nrfxlib/softdevice_controller/lib/nrf54lm_ns/soft-float/libsoftdevice_controller_peripheral.a(libsoftdevice_controller_s112_debug_soft__obfuscated.elf)
                0x0008a840                sym_Z7NJGBYWCKFTEHRYWAIDKWPEUN45273QSWUA5CY
 .text          0x0008a87c       0x24 C:/ncs/v3.4.0/nrfxlib/softdevice_controller/lib/nrf54lm_ns/soft-float/libsoftdevice_controller_peripheral.a(libsoftdevice_controller_s112_debug_soft__obfuscated.elf)
                0x0008a87c                sdc_hci_cmd_cb_set_event_mask
 .text          0x0008a8a0       0x14 C:/ncs/v3.4.0/nrfxlib/softdevice_controller/lib/nrf54lm_ns/soft-float/libsoftdevice_controller_peripheral.a(libsoftdevice_controller_s112_debug_soft__obfuscated.elf)
                0x0008a8a0                sdc_hci_cmd_cb_set_event_mask_page_2
 .text          0x0008a8b4       0x14 C:/ncs/v3.4.0/nrfxlib/softdevice_controller/lib/nrf54lm_ns/soft-float/libsoftdevice_controller_peripheral.a(libsoftdevice_controller_s112_debug_soft__obfuscated.elf)
                0x0008a8b4                sdc_hci_cmd_le_set_event_mask
 .text          0x0008a8c8       0x20 C:/ncs/v3.4.0/nrfxlib/softdevice_controller/lib/nrf54lm_ns/soft-float/libsoftdevice_controller_peripheral.a(libsoftdevice_controller_s112_debug_soft__obfuscated.elf)
                0x0008a8c8                sym_CEENVC5DZRUT7MGF5LABXKT4NV7YUL5F6EX6TEQ
 .text          0x0008a8e8       0x44 C:/ncs/v3.4.0/nrfxlib/softdevice_controller/lib/nrf54lm_ns/soft-float/libsoftdevice_controller_peripheral.a(libsoftdevice_controller_s112_debug_soft__obfuscated.elf)
 .text          0x0008a92c       0x40 C:/ncs/v3.4.0/nrfxlib/softdevice_controller/lib/nrf54lm_ns/soft-float/libsoftdevice_controller_peripheral.a(libsoftdevice_controller_s112_debug_soft__obfuscated.elf)
                0x0008a92c                sym_T2KVJXUKBW7E6DZMIXB2ENUQYG6P2TBYLXO3PAY
 .text          0x0008a96c       0x4c C:/ncs/v3.4.0/nrfxlib/softdevice_controller/lib/nrf54lm_ns/soft-float/libsoftdevice_controller_peripheral.a(libsoftdevice_controller_s112_debug_soft__obfuscated.elf)
 .text          0x0008a9b8       0x10 C:/ncs/v3.4.0/nrfxlib/softdevice_controller/lib/nrf54lm_ns/soft-float/libsoftdevice_controller_peripheral.a(libsoftdevice_controller_s112_debug_soft__obfuscated.elf)
                0x0008a9b8                sym_QFMUQVSA2RVLCOVZ24CAF3TBH45MAZ6DL5HLWKY
 .text          0x0008a9c8      0x16c C:/ncs/v3.4.0/nrfxlib/softdevice_controller/lib/nrf54lm_ns/soft-float/libsoftdevice_controller_peripheral.a(libsoftdevice_controller_s112_debug_soft__obfuscated.elf)
                0x0008a9c8                sym_EQ53CEL7EDVHMFMHMFPRRQU46C5YKKFEBAACFOA
 .text          0x0008ab34       0x70 C:/ncs/v3.4.0/nrfxlib/softdevice_controller/lib/nrf54lm_ns/soft-float/libsoftdevice_controller_peripheral.a(libsoftdevice_controller_s112_debug_soft__obfuscated.elf)
                0x0008ab34                sym_DMJHGENWVWA7ILXIIOOHU6SYMMXUDCUFUUBACLQ
 .text          0x0008aba4       0x78 C:/ncs/v3.4.0/nrfxlib/softdevice_controller/lib/nrf54lm_ns/soft-float/libsoftdevice_controller_peripheral.a(libsoftdevice_controller_s112_debug_soft__obfuscated.elf)
                0x0008aba4                sym_7JFC7IFAJQVPYCQHAIUKZ626ISM3VUWBEEXY7WI
 .text          0x0008ac1c       0x2c C:/ncs/v3.4.0/nrfxlib/softdevice_controller/lib/nrf54lm_ns/soft-float/libsoftdevice_controller_peripheral.a(libsoftdevice_controller_s112_debug_soft__obfuscated.elf)
                0x0008ac1c                sym_5X75WALYYBUWN4XT5LYOZBIGSZHVNFKF5J4CSQI
 .text          0x0008ac48       0x48 C:/ncs/v3.4.0/nrfxlib/softdevice_controller/lib/nrf54lm_ns/soft-float/libsoftdevice_controller_peripheral.a(libsoftdevice_controller_s112_debug_soft__obfuscated.elf)
                0x0008ac48                sym_4AWF7EXI3MMHUULTY73E756U3IY5DEXOZ265MZY
 .text          0x0008ac90       0x40 C:/ncs/v3.4.0/nrfxlib/softdevice_controller/lib/nrf54lm_ns/soft-float/libsoftdevice_controller_peripheral.a(libsoftdevice_controller_s112_debug_soft__obfuscated.elf)
                0x0008ac90                sym_6I4XEOIW7LI2E3Z53L54ZHQQHYICXR4H4JQWXLA
 .text          0x0008acd0       0x30 C:/ncs/v3.4.0/nrfxlib/softdevice_controller/lib/nrf54lm_ns/soft-float/libsoftdevice_controller_peripheral.a(libsoftdevice_controller_s112_debug_soft__obfuscated.elf)
                0x0008acd0                sym_6DYG6C6ROXZA67GZINNB2XIQHL3KE2RCKK4QFXA
 .text          0x0008ad00       0x7c C:/ncs/v3.4.0/nrfxlib/softdevice_controller/lib/nrf54lm_ns/soft-float/libsoftdevice_controller_peripheral.a(libsoftdevice_controller_s112_debug_soft__obfuscated.elf)
                0x0008ad00                sym_24NU2MJKHN4R2Z7HXHMPDWTTDYSB32VL6HEQPZA
 .text          0x0008ad7c       0x28 C:/ncs/v3.4.0/nrfxlib/softdevice_controller/lib/nrf54lm_ns/soft-float/libsoftdevice_controller_peripheral.a(libsoftdevice_controller_s112_debug_soft__obfuscated.elf)
                0x0008ad7c                sym_3QFBRH4ZSIA64QP2I3K547Y5WIALGQTCBP5Y5SQ
 .text          0x0008ada4       0x10 C:/ncs/v3.4.0/nrfxlib/softdevice_controller/lib/nrf54lm_ns/soft-float/libsoftdevice_controller_peripheral.a(libsoftdevice_controller_s112_debug_soft__obfuscated.elf)
                0x0008ada4                sym_NOQRMQ5IH6SQFJEPI5A3UBMITO54HG4WO4DTTXA
 .text          0x0008adb4       0x5c C:/ncs/v3.4.0/nrfxlib/softdevice_controller/lib/nrf54lm_ns/soft-float/libsoftdevice_controller_peripheral.a(libsoftdevice_controller_s112_debug_soft__obfuscated.elf)
                0x0008adb4                sym_YL4RMM7WH2QQSRTLJX7L5Q2F5KYIEZ5IWMCN3UQ
 .text          0x0008ae10       0x5c C:/ncs/v3.4.0/nrfxlib/softdevice_controller/lib/nrf54lm_ns/soft-float/libsoftdevice_controller_peripheral.a(libsoftdevice_controller_s112_debug_soft__obfuscated.elf)
                0x0008ae10                sym_47U6MZ7GC5PU2CVEGYFSZO6JE3OMJD4DVLRAUZQ
 .text          0x0008ae6c       0x54 C:/ncs/v3.4.0/nrfxlib/softdevice_controller/lib/nrf54lm_ns/soft-float/libsoftdevice_controller_peripheral.a(libsoftdevice_controller_s112_debug_soft__obfuscated.elf)
                0x0008ae6c                sym_E5WZNPP2DINHF6K4PHXLYLX5AXTYBQYGQESRSGQ
 .text          0x0008aec0       0x10 C:/ncs/v3.4.0/nrfxlib/softdevice_controller/lib/nrf54lm_ns/soft-float/libsoftdevice_controller_peripheral.a(libsoftdevice_controller_s112_debug_soft__obfuscated.elf)
                0x0008aec0                sdc_rand_source_register
 .text          0x0008aed0        0xc C:/ncs/v3.4.0/nrfxlib/softdevice_controller/lib/nrf54lm_ns/soft-float/libsoftdevice_controller_peripheral.a(libsoftdevice_controller_s112_debug_soft__obfuscated.elf)
                0x0008aed0                sym_CVMXQJYKHZVHIOMGOYEICPLVAIQNUBL6USVNZSA
 .text          0x0008aedc       0x10 C:/ncs/v3.4.0/nrfxlib/softdevice_controller/lib/nrf54lm_ns/soft-float/libsoftdevice_controller_peripheral.a(libsoftdevice_controller_s112_debug_soft__obfuscated.elf)
                0x0008aedc                sym_EZ7BAEZZMYJFIJAONX254JF3WPGEXUT4NMP2WJQ
 .text          0x0008aeec       0x20 C:/ncs/v3.4.0/nrfxlib/softdevice_controller/lib/nrf54lm_ns/soft-float/libsoftdevice_controller_peripheral.a(libsoftdevice_controller_s112_debug_soft__obfuscated.elf)
 .text          0x0008af0c       0x10 C:/ncs/v3.4.0/nrfxlib/softdevice_controller/lib/nrf54lm_ns/soft-float/libsoftdevice_controller_peripheral.a(libsoftdevice_controller_s112_debug_soft__obfuscated.elf)
 .text          0x0008af1c        0xc C:/ncs/v3.4.0/nrfxlib/softdevice_controller/lib/nrf54lm_ns/soft-float/libsoftdevice_controller_peripheral.a(libsoftdevice_controller_s112_debug_soft__obfuscated.elf)
 .text          0x0008af28       0x60 C:/ncs/v3.4.0/nrfxlib/softdevice_controller/lib/nrf54lm_ns/soft-float/libsoftdevice_controller_peripheral.a(libsoftdevice_controller_s112_debug_soft__obfuscated.elf)
 .text          0x0008af88       0x14 C:/ncs/v3.4.0/nrfxlib/softdevice_controller/lib/nrf54lm_ns/soft-float/libsoftdevice_controller_peripheral.a(libsoftdevice_controller_s112_debug_soft__obfuscated.elf)
 .text          0x0008af9c       0x68 C:/ncs/v3.4.0/nrfxlib/softdevice_controller/lib/nrf54lm_ns/soft-float/libsoftdevice_controller_peripheral.a(libsoftdevice_controller_s112_debug_soft__obfuscated.elf)
 .text          0x0008b004       0x2c C:/ncs/v3.4.0/nrfxlib/softdevice_controller/lib/nrf54lm_ns/soft-float/libsoftdevice_controller_peripheral.a(libsoftdevice_controller_s112_debug_soft__obfuscated.elf)
 .text          0x0008b030       0x44 C:/ncs/v3.4.0/nrfxlib/softdevice_controller/lib/nrf54lm_ns/soft-float/libsoftdevice_controller_peripheral.a(libsoftdevice_controller_s112_debug_soft__obfuscated.elf)
 .text          0x0008b074       0x34 C:/ncs/v3.4.0/nrfxlib/softdevice_controller/lib/nrf54lm_ns/soft-float/libsoftdevice_controller_peripheral.a(libsoftdevice_controller_s112_debug_soft__obfuscated.elf)
 .text          0x0008b0a8       0x68 C:/ncs/v3.4.0/nrfxlib/softdevice_controller/lib/nrf54lm_ns/soft-float/libsoftdevice_controller_peripheral.a(libsoftdevice_controller_s112_debug_soft__obfuscated.elf)
 .text          0x0008b110       0xbc C:/ncs/v3.4.0/nrfxlib/softdevice_controller/lib/nrf54lm_ns/soft-float/libsoftdevice_controller_peripheral.a(libsoftdevice_controller_s112_debug_soft__obfuscated.elf)
 .text          0x0008b1cc      0x52c C:/ncs/v3.4.0/nrfxlib/softdevice_controller/lib/nrf54lm_ns/soft-float/libsoftdevice_controller_peripheral.a(libsoftdevice_controller_s112_debug_soft__obfuscated.elf)
 .text          0x0008b6f8       0x20 C:/ncs/v3.4.0/nrfxlib/softdevice_controller/lib/nrf54lm_ns/soft-float/libsoftdevice_controller_peripheral.a(libsoftdevice_controller_s112_debug_soft__obfuscated.elf)
                0x0008b6f8                sym_DOZBRJLK4YK3UIAPC27JGEBDCH5Y2BCX3XMRURY
 .text          0x0008b718       0x34 C:/ncs/v3.4.0/nrfxlib/softdevice_controller/lib/nrf54lm_ns/soft-float/libsoftdevice_controller_peripheral.a(libsoftdevice_controller_s112_debug_soft__obfuscated.elf)
                0x0008b718                sym_7TCX7VR3LQDB2G4LYUM4YUKX3ZVIO33J3JZVMKY
 .text          0x0008b74c      0x16c C:/ncs/v3.4.0/nrfxlib/softdevice_controller/lib/nrf54lm_ns/soft-float/libsoftdevice_controller_peripheral.a(libsoftdevice_controller_s112_debug_soft__obfuscated.elf)
                0x0008b74c                sym_EXF7QYQZRNDSXD5BXX5JHASOOMIXFF6ILEF5NVA
 .text          0x0008b8b8        0xc C:/ncs/v3.4.0/nrfxlib/softdevice_controller/lib/nrf54lm_ns/soft-float/libsoftdevice_controller_peripheral.a(libsoftdevice_controller_s112_debug_soft__obfuscated.elf)
                0x0008b8b8                sym_R2K72KVDRFDRB7INCDL2G5SJCI6KNYCIUBETXWY
 .text          0x0008b8c4       0x10 C:/ncs/v3.4.0/nrfxlib/softdevice_controller/lib/nrf54lm_ns/soft-float/libsoftdevice_controller_peripheral.a(libsoftdevice_controller_s112_debug_soft__obfuscated.elf)
                0x0008b8c4                sym_HMWMSCLS2E7KO3CEVZ6FUZGM6YUJ4GDX4JETJTI
 .text          0x0008b8d4        0xc C:/ncs/v3.4.0/nrfxlib/softdevice_controller/lib/nrf54lm_ns/soft-float/libsoftdevice_controller_peripheral.a(libsoftdevice_controller_s112_debug_soft__obfuscated.elf)
                0x0008b8d4                sym_57CDLB7NR4I66F4XUEVXWWEJBBBXGSJ37LGPUXA
 .text          0x0008b8e0       0x10 C:/ncs/v3.4.0/nrfxlib/softdevice_controller/lib/nrf54lm_ns/soft-float/libsoftdevice_controller_peripheral.a(libsoftdevice_controller_s112_debug_soft__obfuscated.elf)
 .text          0x0008b8f0       0x34 C:/ncs/v3.4.0/nrfxlib/softdevice_controller/lib/nrf54lm_ns/soft-float/libsoftdevice_controller_peripheral.a(libsoftdevice_controller_s112_debug_soft__obfuscated.elf)
                0x0008b8f0                sym_APXCWAGUBVOVC7H47YUQ2L4IAV2DPJETCDCHIVA
 .text          0x0008b924        0xc C:/ncs/v3.4.0/nrfxlib/softdevice_controller/lib/nrf54lm_ns/soft-float/libsoftdevice_controller_peripheral.a(libsoftdevice_controller_s112_debug_soft__obfuscated.elf)
                0x0008b924                sym_XV5BXO36JYHRYWWC2Z33R43AV4MEIVV3W2JQCCQ
 .text          0x0008b930       0x48 C:/ncs/v3.4.0/nrfxlib/softdevice_controller/lib/nrf54lm_ns/soft-float/libsoftdevice_controller_peripheral.a(libsoftdevice_controller_s112_debug_soft__obfuscated.elf)
                0x0008b930                sym_RGKYP5TXYS27EGT6ZHZS5EDDAZK5QGTWLBOBJEA
 .text          0x0008b978       0x14 C:/ncs/v3.4.0/nrfxlib/softdevice_controller/lib/nrf54lm_ns/soft-float/libsoftdevice_controller_peripheral.a(libsoftdevice_controller_s112_debug_soft__obfuscated.elf)
                0x0008b978                sym_5EMU3BEOS6JCQEXTZ5M5LP72YGJNCV3W3R43AOI
 .text          0x0008b98c       0xb0 C:/ncs/v3.4.0/nrfxlib/softdevice_controller/lib/nrf54lm_ns/soft-float/libsoftdevice_controller_peripheral.a(libsoftdevice_controller_s112_debug_soft__obfuscated.elf)
                0x0008b98c                sym_DVO2EX3JGPIV6FVT5SJBVRKA5UGS2QSHNQOVQ2A
 .text          0x0008ba3c       0x10 C:/ncs/v3.4.0/nrfxlib/softdevice_controller/lib/nrf54lm_ns/soft-float/libsoftdevice_controller_peripheral.a(libsoftdevice_controller_s112_debug_soft__obfuscated.elf)
                0x0008ba3c                sdc_hci_cmd_cb_host_number_of_completed_packets
 .text          0x0008ba4c       0x14 C:/ncs/v3.4.0/nrfxlib/softdevice_controller/lib/nrf54lm_ns/soft-float/libsoftdevice_controller_peripheral.a(libsoftdevice_controller_s112_debug_soft__obfuscated.elf)
                0x0008ba4c                sdc_hci_cmd_le_read_buffer_size
 .text          0x0008ba60       0x64 C:/ncs/v3.4.0/nrfxlib/softdevice_controller/lib/nrf54lm_ns/soft-float/libsoftdevice_controller_peripheral.a(libsoftdevice_controller_s112_debug_soft__obfuscated.elf)
                0x0008ba60                sdc_hci_cmd_lc_disconnect
 .text          0x0008bac4       0x58 C:/ncs/v3.4.0/nrfxlib/softdevice_controller/lib/nrf54lm_ns/soft-float/libsoftdevice_controller_peripheral.a(libsoftdevice_controller_s112_debug_soft__obfuscated.elf)
                0x0008bac4                sdc_hci_cmd_le_set_default_phy
 .text          0x0008bb1c       0x50 C:/ncs/v3.4.0/nrfxlib/softdevice_controller/lib/nrf54lm_ns/soft-float/libsoftdevice_controller_peripheral.a(libsoftdevice_controller_s112_debug_soft__obfuscated.elf)
                0x0008bb1c                sdc_hci_cmd_lc_read_remote_version_information
 .text          0x0008bb6c      0x168 C:/ncs/v3.4.0/nrfxlib/softdevice_controller/lib/nrf54lm_ns/soft-float/libsoftdevice_controller_peripheral.a(libsoftdevice_controller_s112_debug_soft__obfuscated.elf)
                0x0008bb6c                sym_A32XXMQ5QRPQRH3R656RZXETZB6Y54SG45FSCYI
 .text          0x0008bcd4       0xb4 C:/ncs/v3.4.0/nrfxlib/softdevice_controller/lib/nrf54lm_ns/soft-float/libsoftdevice_controller_peripheral.a(libsoftdevice_controller_s112_debug_soft__obfuscated.elf)
                0x0008bcd4                sdc_hci_cmd_le_set_adv_params
 .text          0x0008bd88      0x120 C:/ncs/v3.4.0/nrfxlib/softdevice_controller/lib/nrf54lm_ns/soft-float/libsoftdevice_controller_peripheral.a(libsoftdevice_controller_s112_debug_soft__obfuscated.elf)
                0x0008bd88                sdc_hci_cmd_le_set_adv_enable
 .text          0x0008bea8       0x2c C:/ncs/v3.4.0/nrfxlib/softdevice_controller/lib/nrf54lm_ns/soft-float/libsoftdevice_controller_peripheral.a(libsoftdevice_controller_s112_debug_soft__obfuscated.elf)
                0x0008bea8                sym_XQWU4MX22DPQIRRYTXBNWTH2DBYK7MH33FME7FI
 .text          0x0008bed4       0x10 C:/ncs/v3.4.0/nrfxlib/softdevice_controller/lib/nrf54lm_ns/soft-float/libsoftdevice_controller_peripheral.a(libsoftdevice_controller_s112_debug_soft__obfuscated.elf)
                0x0008bed4                sdc_hci_cmd_vs_event_length_set
 .text          0x0008bee4       0x18 C:/ncs/v3.4.0/nrfxlib/softdevice_controller/lib/nrf54lm_ns/soft-float/libsoftdevice_controller_peripheral.a(libsoftdevice_controller_s112_debug_soft__obfuscated.elf)
                0x0008bee4                sdc_hci_cmd_vs_min_val_of_max_acl_tx_payload_set
 .text          0x0008befc       0x2c C:/ncs/v3.4.0/nrfxlib/softdevice_controller/lib/nrf54lm_ns/soft-float/libsoftdevice_controller_peripheral.a(libsoftdevice_controller_s112_debug_soft__obfuscated.elf)
 .text          0x0008bf28       0x28 C:/ncs/v3.4.0/nrfxlib/softdevice_controller/lib/nrf54lm_ns/soft-float/libsoftdevice_controller_peripheral.a(libsoftdevice_controller_s112_debug_soft__obfuscated.elf)
                0x0008bf28                sym_EANB2LFFCPDZUHTPF7SNNYVWVGG3AE7JVOONSTY
 .text          0x0008bf50       0x34 C:/ncs/v3.4.0/nrfxlib/softdevice_controller/lib/nrf54lm_ns/soft-float/libsoftdevice_controller_peripheral.a(libsoftdevice_controller_s112_debug_soft__obfuscated.elf)
                0x0008bf50                sym_BFBDHRTPYGNRMJSAT7WCAPOXBGIVSWF4E5GFHOA
 .text          0x0008bf84        0xc C:/ncs/v3.4.0/nrfxlib/softdevice_controller/lib/nrf54lm_ns/soft-float/libsoftdevice_controller_peripheral.a(libsoftdevice_controller_s112_debug_soft__obfuscated.elf)
                0x0008bf84                sym_PRWTRTI5GPQHIT26MFBSSOCWTUYYRLQLJWD2ZOI
 .text          0x0008bf90       0x20 C:/ncs/v3.4.0/nrfxlib/softdevice_controller/lib/nrf54lm_ns/soft-float/libsoftdevice_controller_peripheral.a(libsoftdevice_controller_s112_debug_soft__obfuscated.elf)
                0x0008bf90                sym_G4TIIR7KO3GHFF45HCHTIL3RIPRK2LVDQADUYJQ
 .text          0x0008bfb0        0xc C:/ncs/v3.4.0/nrfxlib/softdevice_controller/lib/nrf54lm_ns/soft-float/libsoftdevice_controller_peripheral.a(libsoftdevice_controller_s112_debug_soft__obfuscated.elf)
                0x0008bfb0                sym_HG37ZAHWDO2P65KBJXRLV5PVSG5TCUWPMKZOZLQ
 .text          0x0008bfbc       0x20 C:/ncs/v3.4.0/nrfxlib/softdevice_controller/lib/nrf54lm_ns/soft-float/libsoftdevice_controller_peripheral.a(libsoftdevice_controller_s112_debug_soft__obfuscated.elf)
                0x0008bfbc                sym_4W26TPGCKOCVVRKXQDBKGXGC2Y5LMZXNKS2QITA
 .text          0x0008bfdc        0x8 C:/ncs/v3.4.0/nrfxlib/softdevice_controller/lib/nrf54lm_ns/soft-float/libsoftdevice_controller_peripheral.a(libsoftdevice_controller_s112_debug_soft__obfuscated.elf)
                0x0008bfdc                sym_7LJ5ZOVGW4HVLCIBFPRDZHVGAEUMXZL2NQEWSPA
 .text          0x0008bfe4        0x8 C:/ncs/v3.4.0/nrfxlib/softdevice_controller/lib/nrf54lm_ns/soft-float/libsoftdevice_controller_peripheral.a(libsoftdevice_controller_s112_debug_soft__obfuscated.elf)
                0x0008bfe4                sym_WPMPLIQ2CLUGQDJNOO2POJJZZ26EUTXAQT6I3BQ
 .text          0x0008bfec       0x18 C:/ncs/v3.4.0/nrfxlib/softdevice_controller/lib/nrf54lm_ns/soft-float/libsoftdevice_controller_peripheral.a(libsoftdevice_controller_s112_debug_soft__obfuscated.elf)
                0x0008bfec                sym_N6TOG3AODPPFNS6LXFKKIADNGIMUMBS5BXPEFOY
 .text          0x0008c004        0xc C:/ncs/v3.4.0/nrfxlib/softdevice_controller/lib/nrf54lm_ns/soft-float/libsoftdevice_controller_peripheral.a(libsoftdevice_controller_s112_debug_soft__obfuscated.elf)
                0x0008c004                sym_BWOH6AZ6T4WLRA7IVWYARAF5KSHS6SUPQAKZW4A
 .text          0x0008c010       0x14 C:/ncs/v3.4.0/nrfxlib/softdevice_controller/lib/nrf54lm_ns/soft-float/libsoftdevice_controller_peripheral.a(libsoftdevice_controller_s112_debug_soft__obfuscated.elf)
                0x0008c010                sym_HA7EOSELAQYVMG5UXMJGQLLFEIRQPB7MNOSYOXQ
 .text          0x0008c024       0x30 C:/ncs/v3.4.0/nrfxlib/softdevice_controller/lib/nrf54lm_ns/soft-float/libsoftdevice_controller_peripheral.a(libsoftdevice_controller_s112_debug_soft__obfuscated.elf)
                0x0008c024                sym_MJMICEV3AHUJUDNI6JLXYNXCJNL4PTPUQLXISYA
 .text          0x0008c054       0x4c C:/ncs/v3.4.0/nrfxlib/softdevice_controller/lib/nrf54lm_ns/soft-float/libsoftdevice_controller_peripheral.a(libsoftdevice_controller_s112_debug_soft__obfuscated.elf)
                0x0008c054                sym_GECJUMXC7GX4QNB2JHCJHLFH72UPMJZW6VAQVRA
 .text          0x0008c0a0       0x10 C:/ncs/v3.4.0/nrfxlib/softdevice_controller/lib/nrf54lm_ns/soft-float/libsoftdevice_controller_peripheral.a(libsoftdevice_controller_s112_debug_soft__obfuscated.elf)
                0x0008c0a0                sym_MJCF2WRL4I323V23HKVENOJWV5IXH54R5X6LJRY
 .text          0x0008c0b0       0x18 C:/ncs/v3.4.0/nrfxlib/softdevice_controller/lib/nrf54lm_ns/soft-float/libsoftdevice_controller_peripheral.a(libsoftdevice_controller_s112_debug_soft__obfuscated.elf)
                0x0008c0b0                sym_65LA7GM3MU7DDFQKTB75BYTZMPMROSWKS3VXCNI
 .text          0x0008c0c8       0x1c C:/ncs/v3.4.0/nrfxlib/softdevice_controller/lib/nrf54lm_ns/soft-float/libsoftdevice_controller_peripheral.a(libsoftdevice_controller_s112_debug_soft__obfuscated.elf)
                0x0008c0c8                sym_AGWGY6I3YKHHV6TMAWL24HN4IKGOB7PZYXPWBRA
 .text          0x0008c0e4       0x1c C:/ncs/v3.4.0/nrfxlib/softdevice_controller/lib/nrf54lm_ns/soft-float/libsoftdevice_controller_peripheral.a(libsoftdevice_controller_s112_debug_soft__obfuscated.elf)
                0x0008c0e4                sym_JHXS4T25BAYOMDDZMWPX3HMPENRV73GSV2RYHAI
 .text          0x0008c100       0x18 C:/ncs/v3.4.0/nrfxlib/softdevice_controller/lib/nrf54lm_ns/soft-float/libsoftdevice_controller_peripheral.a(libsoftdevice_controller_s112_debug_soft__obfuscated.elf)
                0x0008c100                sym_54CHYGRI3UHSVLN5ZOGJESXNRISJW5CS4IYBN7Y
 .text          0x0008c118       0x14 C:/ncs/v3.4.0/nrfxlib/softdevice_controller/lib/nrf54lm_ns/soft-float/libsoftdevice_controller_peripheral.a(libsoftdevice_controller_s112_debug_soft__obfuscated.elf)
                0x0008c118                sym_V7MOOXL5SOLISKFFGWJC7M3XDITU574WBQOXGWY
 .text          0x0008c12c       0x30 C:/ncs/v3.4.0/nrfxlib/softdevice_controller/lib/nrf54lm_ns/soft-float/libsoftdevice_controller_peripheral.a(libsoftdevice_controller_s112_debug_soft__obfuscated.elf)
                0x0008c12c                sym_QKSVBALUN2V4XT4OCC56LE75IAYLDFRRIVLBZ2Q
 .text          0x0008c15c       0x34 C:/ncs/v3.4.0/nrfxlib/softdevice_controller/lib/nrf54lm_ns/soft-float/libsoftdevice_controller_peripheral.a(libsoftdevice_controller_s112_debug_soft__obfuscated.elf)
                0x0008c15c                sym_WCOWXKSKBH7DOKKKINFZAPWXKW4NYAUCJWTUKBI
 .text          0x0008c190       0x18 C:/ncs/v3.4.0/nrfxlib/softdevice_controller/lib/nrf54lm_ns/soft-float/libsoftdevice_controller_peripheral.a(libsoftdevice_controller_s112_debug_soft__obfuscated.elf)
                0x0008c190                sym_AO3U45UEGFLUPMT565ZR5UWUQUONF5AKILLCT3A
 .text          0x0008c1a8       0x44 C:/ncs/v3.4.0/nrfxlib/softdevice_controller/lib/nrf54lm_ns/soft-float/libsoftdevice_controller_peripheral.a(libsoftdevice_controller_s112_debug_soft__obfuscated.elf)
 .text          0x0008c1ec       0x28 C:/ncs/v3.4.0/nrfxlib/softdevice_controller/lib/nrf54lm_ns/soft-float/libsoftdevice_controller_peripheral.a(libsoftdevice_controller_s112_debug_soft__obfuscated.elf)
 .text          0x0008c214       0x9c C:/ncs/v3.4.0/nrfxlib/softdevice_controller/lib/nrf54lm_ns/soft-float/libsoftdevice_controller_peripheral.a(libsoftdevice_controller_s112_debug_soft__obfuscated.elf)
 .text          0x0008c2b0       0xbc C:/ncs/v3.4.0/nrfxlib/softdevice_controller/lib/nrf54lm_ns/soft-float/libsoftdevice_controller_peripheral.a(libsoftdevice_controller_s112_debug_soft__obfuscated.elf)
 .text          0x0008c36c       0x18 C:/ncs/v3.4.0/nrfxlib/softdevice_controller/lib/nrf54lm_ns/soft-float/libsoftdevice_controller_peripheral.a(libsoftdevice_controller_s112_debug_soft__obfuscated.elf)
                0x0008c36c                sym_BEUFSWAQKCWS5CDGVZRIC3BRKSTHGOKRJJDB32I
 .text          0x0008c384       0x18 C:/ncs/v3.4.0/nrfxlib/softdevice_controller/lib/nrf54lm_ns/soft-float/libsoftdevice_controller_peripheral.a(libsoftdevice_controller_s112_debug_soft__obfuscated.elf)
                0x0008c384                sym_BAUTABQSJLBAZ6GNH7KOF4MJMAA6NF7CDAZNOEQ
 .text          0x0008c39c       0x20 C:/ncs/v3.4.0/nrfxlib/softdevice_controller/lib/nrf54lm_ns/soft-float/libsoftdevice_controller_peripheral.a(libsoftdevice_controller_s112_debug_soft__obfuscated.elf)
                0x0008c39c                sym_62DUXM4M5AM4URNPP7IKDX3NCPAODBT4BMADGAY
 .text          0x0008c3bc        0xc C:/ncs/v3.4.0/nrfxlib/softdevice_controller/lib/nrf54lm_ns/soft-float/libsoftdevice_controller_peripheral.a(libsoftdevice_controller_s112_debug_soft__obfuscated.elf)
                0x0008c3bc                sym_RHRHCWPUPZHCOID576WBS7QZ2KAUT2GASS2T3QY
 .text          0x0008c3c8       0x30 C:/ncs/v3.4.0/nrfxlib/softdevice_controller/lib/nrf54lm_ns/soft-float/libsoftdevice_controller_peripheral.a(libsoftdevice_controller_s112_debug_soft__obfuscated.elf)
                0x0008c3c8                sym_YAOI5BW7G2C6EUUY2B4S7A3CWX63A6MP2T3O5KA
 .text          0x0008c3f8       0x24 C:/ncs/v3.4.0/nrfxlib/softdevice_controller/lib/nrf54lm_ns/soft-float/libsoftdevice_controller_peripheral.a(libsoftdevice_controller_s112_debug_soft__obfuscated.elf)
                0x0008c3f8                sym_2X6ZBBHQKFJV27I6OQZLD4IRAL5JANEGA5N34WA
 .text          0x0008c41c       0xc8 C:/ncs/v3.4.0/nrfxlib/softdevice_controller/lib/nrf54lm_ns/soft-float/libsoftdevice_controller_peripheral.a(libsoftdevice_controller_s112_debug_soft__obfuscated.elf)
                0x0008c41c                sym_ZBPJ22BXDBC3S7A4QI6WOFWFQMYIGT2P4GNU3XA
 .text          0x0008c4e4       0x24 C:/ncs/v3.4.0/nrfxlib/softdevice_controller/lib/nrf54lm_ns/soft-float/libsoftdevice_controller_peripheral.a(libsoftdevice_controller_s112_debug_soft__obfuscated.elf)
                0x0008c4e4                sym_DHR6XELGSD2MHYS7JWGEPSKXD43VLKKJDN33HMA
 .text          0x0008c508       0x20 C:/ncs/v3.4.0/nrfxlib/softdevice_controller/lib/nrf54lm_ns/soft-float/libsoftdevice_controller_peripheral.a(libsoftdevice_controller_s112_debug_soft__obfuscated.elf)
                0x0008c508                sym_QEQGMTIGG3AOZQY7JM4T2FY2O3KM2UFUMT6Q7PI
 .text          0x0008c528       0x14 C:/ncs/v3.4.0/nrfxlib/softdevice_controller/lib/nrf54lm_ns/soft-float/libsoftdevice_controller_peripheral.a(libsoftdevice_controller_s112_debug_soft__obfuscated.elf)
                0x0008c528                sym_AIEQYZJFZQBQ5LEMJNMQV56TMLIGCBAC63QLHGI
 .text          0x0008c53c       0x1c C:/ncs/v3.4.0/nrfxlib/softdevice_controller/lib/nrf54lm_ns/soft-float/libsoftdevice_controller_peripheral.a(libsoftdevice_controller_s112_debug_soft__obfuscated.elf)
                0x0008c53c                sym_X4BJXGE5YMMDVCD7UITV5VC77BPMS3T24YB4VZA
 .text          0x0008c558       0x58 C:/ncs/v3.4.0/nrfxlib/softdevice_controller/lib/nrf54lm_ns/soft-float/libsoftdevice_controller_peripheral.a(libsoftdevice_controller_s112_debug_soft__obfuscated.elf)
                0x0008c558                sym_GJ3ILQRIJG2QUTUCQL7NXAZGAIP3QDHZO52KQLI
 .text          0x0008c5b0       0x2c C:/ncs/v3.4.0/nrfxlib/softdevice_controller/lib/nrf54lm_ns/soft-float/libsoftdevice_controller_peripheral.a(libsoftdevice_controller_s112_debug_soft__obfuscated.elf)
                0x0008c5b0                sym_3S3ZPZTS3JKT3LR3P6QZ3KOW4P72YQZEIQOYGSA
 .text          0x0008c5dc       0x18 C:/ncs/v3.4.0/nrfxlib/softdevice_controller/lib/nrf54lm_ns/soft-float/libsoftdevice_controller_peripheral.a(libsoftdevice_controller_s112_debug_soft__obfuscated.elf)
 .text          0x0008c5f4       0xcc C:/ncs/v3.4.0/nrfxlib/softdevice_controller/lib/nrf54lm_ns/soft-float/libsoftdevice_controller_peripheral.a(libsoftdevice_controller_s112_debug_soft__obfuscated.elf)
 .text          0x0008c6c0       0x58 C:/ncs/v3.4.0/nrfxlib/softdevice_controller/lib/nrf54lm_ns/soft-float/libsoftdevice_controller_peripheral.a(libsoftdevice_controller_s112_debug_soft__obfuscated.elf)
 .text          0x0008c718       0x28 C:/ncs/v3.4.0/nrfxlib/softdevice_controller/lib/nrf54lm_ns/soft-float/libsoftdevice_controller_peripheral.a(libsoftdevice_controller_s112_debug_soft__obfuscated.elf)
                0x0008c718                sym_VKBDHCW5KWYFAEZJJBKQNHH4JDURIHHEJCK4SOA
 .text          0x0008c740       0x14 C:/ncs/v3.4.0/nrfxlib/softdevice_controller/lib/nrf54lm_ns/soft-float/libsoftdevice_controller_peripheral.a(libsoftdevice_controller_s112_debug_soft__obfuscated.elf)
                0x0008c740                sym_JKMI2SFC2N7KXC6XI6ZEAONO7SV2US6LWEISHOY
 .text          0x0008c754        0xc C:/ncs/v3.4.0/nrfxlib/softdevice_controller/lib/nrf54lm_ns/soft-float/libsoftdevice_controller_peripheral.a(libsoftdevice_controller_s112_debug_soft__obfuscated.elf)
                0x0008c754                sym_LZWMHZYOCOZFEZM63EFTHCONDNYRE5YDAMU6QDQ
 .text          0x0008c760       0x10 C:/ncs/v3.4.0/nrfxlib/softdevice_controller/lib/nrf54lm_ns/soft-float/libsoftdevice_controller_peripheral.a(libsoftdevice_controller_s112_debug_soft__obfuscated.elf)
                0x0008c760                sym_FHMOSTDS4FAIPN4GDRMMMBPMBOTEQ5DLCM2A23Q
 .text          0x0008c770      0x17c C:/ncs/v3.4.0/nrfxlib/softdevice_controller/lib/nrf54lm_ns/soft-float/libsoftdevice_controller_peripheral.a(libsoftdevice_controller_s112_debug_soft__obfuscated.elf)
                0x0008c770                sym_XOOTGCSEAKA3PUKZW3QYB4DCVC2FKUP2TS5AZ5Q
 .text          0x0008c8ec       0x24 C:/ncs/v3.4.0/nrfxlib/softdevice_controller/lib/nrf54lm_ns/soft-float/libsoftdevice_controller_peripheral.a(libsoftdevice_controller_s112_debug_soft__obfuscated.elf)
                0x0008c8ec                sym_XYMSM3YEXEOTUFIX3SPRBT27O44DJZKZVLNHELY
 .text          0x0008c910       0x1c C:/ncs/v3.4.0/nrfxlib/softdevice_controller/lib/nrf54lm_ns/soft-float/libsoftdevice_controller_peripheral.a(libsoftdevice_controller_s112_debug_soft__obfuscated.elf)
                0x0008c910                sym_HHT5YV37VWRBGUMO4AOJUKOJARZKAH2OUWPZF7Q
 .text          0x0008c92c       0x24 C:/ncs/v3.4.0/nrfxlib/softdevice_controller/lib/nrf54lm_ns/soft-float/libsoftdevice_controller_peripheral.a(libsoftdevice_controller_s112_debug_soft__obfuscated.elf)
                0x0008c92c                sym_NJ23GB56DKRDWNC3A6OFPLEADGH3SOLDHUUSOYQ
 .text          0x0008c950       0x24 C:/ncs/v3.4.0/nrfxlib/softdevice_controller/lib/nrf54lm_ns/soft-float/libsoftdevice_controller_peripheral.a(libsoftdevice_controller_s112_debug_soft__obfuscated.elf)
                0x0008c950                sym_ZWMGPE3QKJAQI4HTKIFMREKNKAUYHMAALNVM2QI
 .text          0x0008c974       0x18 C:/ncs/v3.4.0/nrfxlib/softdevice_controller/lib/nrf54lm_ns/soft-float/libsoftdevice_controller_peripheral.a(libsoftdevice_controller_s112_debug_soft__obfuscated.elf)
                0x0008c974                sym_MWHYECJZLQQJKLQZGDI66SVA3IIWYKXL7G5FMHY
 .text          0x0008c98c       0x2c C:/ncs/v3.4.0/nrfxlib/softdevice_controller/lib/nrf54lm_ns/soft-float/libsoftdevice_controller_peripheral.a(libsoftdevice_controller_s112_debug_soft__obfuscated.elf)
                0x0008c98c                sym_43VAZS4NQXUMOPHD7W7SYFZ3WJ6KGQYQH6UOYPQ
 .text          0x0008c9b8        0xc C:/ncs/v3.4.0/nrfxlib/softdevice_controller/lib/nrf54lm_ns/soft-float/libsoftdevice_controller_peripheral.a(libsoftdevice_controller_s112_debug_soft__obfuscated.elf)
                0x0008c9b8                sym_AF3JRBCZ7PPPC2OIPGWR52CQ5D7FSYRIUWXTLSA
 .text          0x0008c9c4       0x30 C:/ncs/v3.4.0/nrfxlib/softdevice_controller/lib/nrf54lm_ns/soft-float/libsoftdevice_controller_peripheral.a(libsoftdevice_controller_s112_debug_soft__obfuscated.elf)
                0x0008c9c4                sym_K5GMJMBHBYPRCUIWKNEXGPSNQEZKEMBAP4JWHBQ
 .text          0x0008c9f4       0x30 C:/ncs/v3.4.0/nrfxlib/softdevice_controller/lib/nrf54lm_ns/soft-float/libsoftdevice_controller_peripheral.a(libsoftdevice_controller_s112_debug_soft__obfuscated.elf)
                0x0008c9f4                sym_7LZ5OF5UTH4WGXV6IKS6GUUHKYRIWQTTIJXNBEY
 .text          0x0008ca24       0x34 C:/ncs/v3.4.0/nrfxlib/softdevice_controller/lib/nrf54lm_ns/soft-float/libsoftdevice_controller_peripheral.a(libsoftdevice_controller_s112_debug_soft__obfuscated.elf)
                0x0008ca24                sym_77ICNIHY2R2L3JRP4ZLMOWZSS3UZRKJXJOBWTWI
 .text          0x0008ca58       0xc0 C:/ncs/v3.4.0/nrfxlib/softdevice_controller/lib/nrf54lm_ns/soft-float/libsoftdevice_controller_peripheral.a(libsoftdevice_controller_s112_debug_soft__obfuscated.elf)
                0x0008ca58                sym_O4OEFTDQOHR27DXSKIP2NTPPTRMSYXD4NWCXJCY
 .text          0x0008cb18       0x30 C:/ncs/v3.4.0/nrfxlib/softdevice_controller/lib/nrf54lm_ns/soft-float/libsoftdevice_controller_peripheral.a(libsoftdevice_controller_s112_debug_soft__obfuscated.elf)
                0x0008cb18                sym_IXYRVGMAX4SRXA2W5Z6EII6E55G3FBKT7HXOFRA
 .text          0x0008cb48      0x158 C:/ncs/v3.4.0/nrfxlib/softdevice_controller/lib/nrf54lm_ns/soft-float/libsoftdevice_controller_peripheral.a(libsoftdevice_controller_s112_debug_soft__obfuscated.elf)
                0x0008cb48                sym_CSIN2TPOFUQE2IY2MBBINVJ54FZNLPSYHTWOCVI
 .text          0x0008cca0       0x14 C:/ncs/v3.4.0/nrfxlib/softdevice_controller/lib/nrf54lm_ns/soft-float/libsoftdevice_controller_peripheral.a(libsoftdevice_controller_s112_debug_soft__obfuscated.elf)
                0x0008cca0                sym_R3OVSIK4NXKOTUBI3IUCWAF5GBSLNFLFQGOT2YA
 .text          0x0008ccb4       0x14 C:/ncs/v3.4.0/nrfxlib/softdevice_controller/lib/nrf54lm_ns/soft-float/libsoftdevice_controller_peripheral.a(libsoftdevice_controller_s112_debug_soft__obfuscated.elf)
                0x0008ccb4                sym_JOD4HBACYVOMP3CDGJCWGWOV76FFL6T5SRSXLJA
 .text          0x0008ccc8       0x54 C:/ncs/v3.4.0/nrfxlib/softdevice_controller/lib/nrf54lm_ns/soft-float/libsoftdevice_controller_peripheral.a(libsoftdevice_controller_s112_debug_soft__obfuscated.elf)
                0x0008ccc8                sym_IM3N55HLVRFQYD25P6A2DK6S6UPAUWTY4RZRVZY
 .text          0x0008cd1c       0x78 C:/ncs/v3.4.0/nrfxlib/softdevice_controller/lib/nrf54lm_ns/soft-float/libsoftdevice_controller_peripheral.a(libsoftdevice_controller_s112_debug_soft__obfuscated.elf)
 .text          0x0008cd94       0x1c C:/ncs/v3.4.0/nrfxlib/softdevice_controller/lib/nrf54lm_ns/soft-float/libsoftdevice_controller_peripheral.a(libsoftdevice_controller_s112_debug_soft__obfuscated.elf)
                0x0008cd94                sym_VFOLPFPCBUBOWLD5S5NLUE2HEG4YIVT4AHJSRAA
 .text          0x0008cdb0       0x40 C:/ncs/v3.4.0/nrfxlib/softdevice_controller/lib/nrf54lm_ns/soft-float/libsoftdevice_controller_peripheral.a(libsoftdevice_controller_s112_debug_soft__obfuscated.elf)
                0x0008cdb0                sym_72MKWSQ4IBIQLDXWKLPZYWWIXADQ6TTGOUW7T4Q
 .text          0x0008cdf0       0x8c C:/ncs/v3.4.0/nrfxlib/softdevice_controller/lib/nrf54lm_ns/soft-float/libsoftdevice_controller_peripheral.a(libsoftdevice_controller_s112_debug_soft__obfuscated.elf)
                0x0008cdf0                sym_37NODBYTBKFFSSK63VRMJNBJWPSLOW2TI6JJ5VA
 .text          0x0008ce7c       0x70 C:/ncs/v3.4.0/nrfxlib/softdevice_controller/lib/nrf54lm_ns/soft-float/libsoftdevice_controller_peripheral.a(libsoftdevice_controller_s112_debug_soft__obfuscated.elf)
                0x0008ce7c                sym_5PX46PPXISSLTQOT7WU7ULFUTTIKTAFVIDYCAVY
 .text          0x0008ceec       0x4c C:/ncs/v3.4.0/nrfxlib/softdevice_controller/lib/nrf54lm_ns/soft-float/libsoftdevice_controller_peripheral.a(libsoftdevice_controller_s112_debug_soft__obfuscated.elf)
                0x0008ceec                sym_7ABLLIXUF3HMINU3DLWXJDVBNAU7RSUXPXZ3RFQ
 .text          0x0008cf38       0x64 C:/ncs/v3.4.0/nrfxlib/softdevice_controller/lib/nrf54lm_ns/soft-float/libsoftdevice_controller_peripheral.a(libsoftdevice_controller_s112_debug_soft__obfuscated.elf)
                0x0008cf38                sym_RHE23VLW3YS5P4HRDMPTVWIHXVLEGJ7BJEAEEUI
 .text          0x0008cf9c       0x24 C:/ncs/v3.4.0/nrfxlib/softdevice_controller/lib/nrf54lm_ns/soft-float/libsoftdevice_controller_peripheral.a(libsoftdevice_controller_s112_debug_soft__obfuscated.elf)
                0x0008cf9c                sym_KH2TZBL3IC4Q72SOWRZYKXJYTC66QUG36J2D64Q
 .text          0x0008cfc0       0x24 C:/ncs/v3.4.0/nrfxlib/softdevice_controller/lib/nrf54lm_ns/soft-float/libsoftdevice_controller_peripheral.a(libsoftdevice_controller_s112_debug_soft__obfuscated.elf)
                0x0008cfc0                sym_CYYZ5DA5UWAE37FM7XP643I473QUSWWZ2MS7OLY
 .text          0x0008cfe4       0x3c C:/ncs/v3.4.0/nrfxlib/softdevice_controller/lib/nrf54lm_ns/soft-float/libsoftdevice_controller_peripheral.a(libsoftdevice_controller_s112_debug_soft__obfuscated.elf)
                0x0008cfe4                sym_KQ4RAL3HW3LUBE4EKZDESO77BJMQRXFGP63ANLQ
 .text          0x0008d020       0x38 C:/ncs/v3.4.0/nrfxlib/softdevice_controller/lib/nrf54lm_ns/soft-float/libsoftdevice_controller_peripheral.a(libsoftdevice_controller_s112_debug_soft__obfuscated.elf)
                0x0008d020                sym_56UVHHES3DVKQZWKPD4W2O56B6Q35VFE7VP3FTY
 .text          0x0008d058       0x8c C:/ncs/v3.4.0/nrfxlib/softdevice_controller/lib/nrf54lm_ns/soft-float/libsoftdevice_controller_peripheral.a(libsoftdevice_controller_s112_debug_soft__obfuscated.elf)
                0x0008d058                sym_365Y77DXDRWJHR4QPTXJM46KZ7L557J533F2SNY
 .text          0x0008d0e4       0x24 C:/ncs/v3.4.0/nrfxlib/softdevice_controller/lib/nrf54lm_ns/soft-float/libsoftdevice_controller_peripheral.a(libsoftdevice_controller_s112_debug_soft__obfuscated.elf)
                0x0008d0e4                sym_MKU2XEL6QB4MO4JU3HW4P3NALUM7PALQ3OF2VGA
 .text          0x0008d108       0x10 C:/ncs/v3.4.0/nrfxlib/softdevice_controller/lib/nrf54lm_ns/soft-float/libsoftdevice_controller_peripheral.a(libsoftdevice_controller_s112_debug_soft__obfuscated.elf)
                0x0008d108                sym_3LKWZEY2K7UEF3M7QI5VCO43HM3TH6VAPJSZJBY
 .text          0x0008d118       0x84 C:/ncs/v3.4.0/nrfxlib/softdevice_controller/lib/nrf54lm_ns/soft-float/libsoftdevice_controller_peripheral.a(libsoftdevice_controller_s112_debug_soft__obfuscated.elf)
 .text          0x0008d19c       0x24 C:/ncs/v3.4.0/nrfxlib/softdevice_controller/lib/nrf54lm_ns/soft-float/libsoftdevice_controller_peripheral.a(libsoftdevice_controller_s112_debug_soft__obfuscated.elf)
                0x0008d19c                sym_ECAFXV3NMZ2THIWY27PTYY6WSGFWQJNAJOG5HIY
 .text          0x0008d1c0        0xc C:/ncs/v3.4.0/nrfxlib/softdevice_controller/lib/nrf54lm_ns/soft-float/libsoftdevice_controller_peripheral.a(libsoftdevice_controller_s112_debug_soft__obfuscated.elf)
                0x0008d1c0                sym_FKU5SDIGNJ3CUR3VYEELCK5CK3EK42NLF7KQXSQ
 .text          0x0008d1cc       0x28 C:/ncs/v3.4.0/nrfxlib/softdevice_controller/lib/nrf54lm_ns/soft-float/libsoftdevice_controller_peripheral.a(libsoftdevice_controller_s112_debug_soft__obfuscated.elf)
 .text          0x0008d1f4       0x10 C:/ncs/v3.4.0/nrfxlib/softdevice_controller/lib/nrf54lm_ns/soft-float/libsoftdevice_controller_peripheral.a(libsoftdevice_controller_s112_debug_soft__obfuscated.elf)
                0x0008d1f4                sym_QCAWKLQF54ZUVQEUZYI3LS3CAU7N52INENNQS4A
 .text          0x0008d204       0x38 C:/ncs/v3.4.0/nrfxlib/softdevice_controller/lib/nrf54lm_ns/soft-float/libsoftdevice_controller_peripheral.a(libsoftdevice_controller_s112_debug_soft__obfuscated.elf)
                0x0008d204                sym_DTBEJNW7A7JHG4MN52YFYEA2GZJHMHF7KQIBYHA
 .text          0x0008d23c       0x2c C:/ncs/v3.4.0/nrfxlib/softdevice_controller/lib/nrf54lm_ns/soft-float/libsoftdevice_controller_peripheral.a(libsoftdevice_controller_s112_debug_soft__obfuscated.elf)
 .text          0x0008d268      0x43c C:/ncs/v3.4.0/nrfxlib/softdevice_controller/lib/nrf54lm_ns/soft-float/libsoftdevice_controller_peripheral.a(libsoftdevice_controller_s112_debug_soft__obfuscated.elf)
 .text          0x0008d6a4      0x170 C:/ncs/v3.4.0/nrfxlib/softdevice_controller/lib/nrf54lm_ns/soft-float/libsoftdevice_controller_peripheral.a(libsoftdevice_controller_s112_debug_soft__obfuscated.elf)
 .text          0x0008d814      0x150 C:/ncs/v3.4.0/nrfxlib/softdevice_controller/lib/nrf54lm_ns/soft-float/libsoftdevice_controller_peripheral.a(libsoftdevice_controller_s112_debug_soft__obfuscated.elf)
                0x0008d814                sym_U3OFHSWAAHECAZEDHWSQTU63SOSYAQR6QI45AFY
 .text          0x0008d964       0x60 C:/ncs/v3.4.0/nrfxlib/softdevice_controller/lib/nrf54lm_ns/soft-float/libsoftdevice_controller_peripheral.a(libsoftdevice_controller_s112_debug_soft__obfuscated.elf)
                0x0008d964                sym_3LXCSEW4O4NZFGMXLMWXSJJVGEQV4VDRFCVRV4Q
 .text          0x0008d9c4       0x18 C:/ncs/v3.4.0/nrfxlib/softdevice_controller/lib/nrf54lm_ns/soft-float/libsoftdevice_controller_peripheral.a(libsoftdevice_controller_s112_debug_soft__obfuscated.elf)
                0x0008d9c4                sym_4O3EP57XWWWRY57PVJMDKXNE25ZWFBDV6LLBFQQ
 .text          0x0008d9dc        0xc C:/ncs/v3.4.0/nrfxlib/softdevice_controller/lib/nrf54lm_ns/soft-float/libsoftdevice_controller_peripheral.a(libsoftdevice_controller_s112_debug_soft__obfuscated.elf)
                0x0008d9dc                sym_O6J3MUC4KJEDMNJLCC5Z3G5LTC5IHVL4PW7F6QI
 .text          0x0008d9e8       0x1c C:/ncs/v3.4.0/nrfxlib/softdevice_controller/lib/nrf54lm_ns/soft-float/libsoftdevice_controller_peripheral.a(libsoftdevice_controller_s112_debug_soft__obfuscated.elf)
                0x0008d9e8                sym_FQCHK2QLF7THGK7G4A4OWWNXI3K2TVYTTB4U4GY
 .text          0x0008da04      0x10c C:/ncs/v3.4.0/nrfxlib/softdevice_controller/lib/nrf54lm_ns/soft-float/libsoftdevice_controller_peripheral.a(libsoftdevice_controller_s112_debug_soft__obfuscated.elf)
                0x0008da04                sym_EXAZKO22MNOFNIXIFHQ2Z4GAYMKBCE2UPJ6JSVI
 .text          0x0008db10        0xc C:/ncs/v3.4.0/nrfxlib/softdevice_controller/lib/nrf54lm_ns/soft-float/libsoftdevice_controller_peripheral.a(libsoftdevice_controller_s112_debug_soft__obfuscated.elf)
                0x0008db10                sym_YZMCMF2VDK5EZ5GH5K4G77V4XY7KHBJNPGELPVQ
 .text          0x0008db1c       0x24 C:/ncs/v3.4.0/nrfxlib/softdevice_controller/lib/nrf54lm_ns/soft-float/libsoftdevice_controller_peripheral.a(libsoftdevice_controller_s112_debug_soft__obfuscated.elf)
 .text          0x0008db40       0x70 C:/ncs/v3.4.0/nrfxlib/softdevice_controller/lib/nrf54lm_ns/soft-float/libsoftdevice_controller_peripheral.a(libsoftdevice_controller_s112_debug_soft__obfuscated.elf)
 .text          0x0008dbb0       0x48 C:/ncs/v3.4.0/nrfxlib/softdevice_controller/lib/nrf54lm_ns/soft-float/libsoftdevice_controller_peripheral.a(libsoftdevice_controller_s112_debug_soft__obfuscated.elf)
 .text          0x0008dbf8       0x24 C:/ncs/v3.4.0/nrfxlib/softdevice_controller/lib/nrf54lm_ns/soft-float/libsoftdevice_controller_peripheral.a(libsoftdevice_controller_s112_debug_soft__obfuscated.elf)
 .text          0x0008dc1c       0x9c C:/ncs/v3.4.0/nrfxlib/softdevice_controller/lib/nrf54lm_ns/soft-float/libsoftdevice_controller_peripheral.a(libsoftdevice_controller_s112_debug_soft__obfuscated.elf)
 .text          0x0008dcb8       0x24 C:/ncs/v3.4.0/nrfxlib/softdevice_controller/lib/nrf54lm_ns/soft-float/libsoftdevice_controller_peripheral.a(libsoftdevice_controller_s112_debug_soft__obfuscated.elf)
 .text          0x0008dcdc      0x10c C:/ncs/v3.4.0/nrfxlib/softdevice_controller/lib/nrf54lm_ns/soft-float/libsoftdevice_controller_peripheral.a(libsoftdevice_controller_s112_debug_soft__obfuscated.elf)
 .text          0x0008dde8      0x218 C:/ncs/v3.4.0/nrfxlib/softdevice_controller/lib/nrf54lm_ns/soft-float/libsoftdevice_controller_peripheral.a(libsoftdevice_controller_s112_debug_soft__obfuscated.elf)
 .text          0x0008e000       0xdc C:/ncs/v3.4.0/nrfxlib/softdevice_controller/lib/nrf54lm_ns/soft-float/libsoftdevice_controller_peripheral.a(libsoftdevice_controller_s112_debug_soft__obfuscated.elf)
 .text          0x0008e0dc      0x15c C:/ncs/v3.4.0/nrfxlib/softdevice_controller/lib/nrf54lm_ns/soft-float/libsoftdevice_controller_peripheral.a(libsoftdevice_controller_s112_debug_soft__obfuscated.elf)
 .text          0x0008e238       0x48 C:/ncs/v3.4.0/nrfxlib/softdevice_controller/lib/nrf54lm_ns/soft-float/libsoftdevice_controller_peripheral.a(libsoftdevice_controller_s112_debug_soft__obfuscated.elf)
 .text          0x0008e280       0x10 C:/ncs/v3.4.0/nrfxlib/softdevice_controller/lib/nrf54lm_ns/soft-float/libsoftdevice_controller_peripheral.a(libsoftdevice_controller_s112_debug_soft__obfuscated.elf)
 .text          0x0008e290       0x50 C:/ncs/v3.4.0/nrfxlib/softdevice_controller/lib/nrf54lm_ns/soft-float/libsoftdevice_controller_peripheral.a(libsoftdevice_controller_s112_debug_soft__obfuscated.elf)
 .text          0x0008e2e0       0x24 C:/ncs/v3.4.0/nrfxlib/softdevice_controller/lib/nrf54lm_ns/soft-float/libsoftdevice_controller_peripheral.a(libsoftdevice_controller_s112_debug_soft__obfuscated.elf)
                0x0008e2e0                sym_4WIY2RAFLOZNOS4O5BEVWEYHIO3NV42IZ2Q2NWQ
 .text          0x0008e304       0x30 C:/ncs/v3.4.0/nrfxlib/softdevice_controller/lib/nrf54lm_ns/soft-float/libsoftdevice_controller_peripheral.a(libsoftdevice_controller_s112_debug_soft__obfuscated.elf)
                0x0008e304                sym_KC3JIKE7HTERE3Q3BXMRUIDPAENUZKVBIDO6ODY
 .text          0x0008e334       0x10 C:/ncs/v3.4.0/nrfxlib/softdevice_controller/lib/nrf54lm_ns/soft-float/libsoftdevice_controller_peripheral.a(libsoftdevice_controller_s112_debug_soft__obfuscated.elf)
                0x0008e334                sym_BPVIPCP3IMFHHNRASYWRUQPTOXIXQGWP3DTKXWI
 .text          0x0008e344       0x20 C:/ncs/v3.4.0/nrfxlib/softdevice_controller/lib/nrf54lm_ns/soft-float/libsoftdevice_controller_peripheral.a(libsoftdevice_controller_s112_debug_soft__obfuscated.elf)
                0x0008e344                sym_I72BLVRK23UDT6KM4GEW6EVDLN4L7QB2CLD4CMY
 .text          0x0008e364       0xa4 C:/ncs/v3.4.0/nrfxlib/softdevice_controller/lib/nrf54lm_ns/soft-float/libsoftdevice_controller_peripheral.a(libsoftdevice_controller_s112_debug_soft__obfuscated.elf)
                0x0008e364                sym_JIJASGQH4XEEPZL7D35VQHVPKKLANGDBS2M46NQ
 .text          0x0008e408      0x130 C:/ncs/v3.4.0/nrfxlib/softdevice_controller/lib/nrf54lm_ns/soft-float/libsoftdevice_controller_peripheral.a(libsoftdevice_controller_s112_debug_soft__obfuscated.elf)
                0x0008e408                sym_KBJ4SX4MJK4IAM4DI3ILSISVXIP6O72O62TW3OQ
 .text          0x0008e538       0x74 C:/ncs/v3.4.0/nrfxlib/softdevice_controller/lib/nrf54lm_ns/soft-float/libsoftdevice_controller_peripheral.a(libsoftdevice_controller_s112_debug_soft__obfuscated.elf)
 .text          0x0008e5ac       0x10 C:/ncs/v3.4.0/nrfxlib/softdevice_controller/lib/nrf54lm_ns/soft-float/libsoftdevice_controller_peripheral.a(libsoftdevice_controller_s112_debug_soft__obfuscated.elf)
                0x0008e5ac                sym_PY5KUATPBYOYJBMP6H7AVRPSEO7BZX2JK524O6A
 .text          0x0008e5bc       0x38 C:/ncs/v3.4.0/nrfxlib/softdevice_controller/lib/nrf54lm_ns/soft-float/libsoftdevice_controller_peripheral.a(libsoftdevice_controller_s112_debug_soft__obfuscated.elf)
                0x0008e5bc                sym_RPDYS5TXULS3Z2BQR7IFNSOINXPPN4LN764SRIY
 .text          0x0008e5f4        0x4 C:/ncs/v3.4.0/nrfxlib/softdevice_controller/lib/nrf54lm_ns/soft-float/libsoftdevice_controller_peripheral.a(libsoftdevice_controller_s112_debug_soft__obfuscated.elf)
 .text          0x0008e5f8        0x8 C:/ncs/v3.4.0/nrfxlib/softdevice_controller/lib/nrf54lm_ns/soft-float/libsoftdevice_controller_peripheral.a(libsoftdevice_controller_s112_debug_soft__obfuscated.elf)
 .text          0x0008e600        0x4 C:/ncs/v3.4.0/nrfxlib/softdevice_controller/lib/nrf54lm_ns/soft-float/libsoftdevice_controller_peripheral.a(libsoftdevice_controller_s112_debug_soft__obfuscated.elf)
 .text          0x0008e604       0x18 C:/ncs/v3.4.0/nrfxlib/softdevice_controller/lib/nrf54lm_ns/soft-float/libsoftdevice_controller_peripheral.a(libsoftdevice_controller_s112_debug_soft__obfuscated.elf)
 .text          0x0008e61c       0x40 C:/ncs/v3.4.0/nrfxlib/softdevice_controller/lib/nrf54lm_ns/soft-float/libsoftdevice_controller_peripheral.a(libsoftdevice_controller_s112_debug_soft__obfuscated.elf)
                0x0008e61c                sym_6FVWF5AWPR7EN7BPHS4APSIUXYFZQTTZCMRDKPY
 .text          0x0008e65c       0xac C:/ncs/v3.4.0/nrfxlib/softdevice_controller/lib/nrf54lm_ns/soft-float/libsoftdevice_controller_peripheral.a(libsoftdevice_controller_s112_debug_soft__obfuscated.elf)
 .text          0x0008e708       0x38 C:/ncs/v3.4.0/nrfxlib/softdevice_controller/lib/nrf54lm_ns/soft-float/libsoftdevice_controller_peripheral.a(libsoftdevice_controller_s112_debug_soft__obfuscated.elf)
 .text          0x0008e740      0x1ac C:/ncs/v3.4.0/nrfxlib/softdevice_controller/lib/nrf54lm_ns/soft-float/libsoftdevice_controller_peripheral.a(libsoftdevice_controller_s112_debug_soft__obfuscated.elf)
 .text          0x0008e8ec       0x84 C:/ncs/v3.4.0/nrfxlib/softdevice_controller/lib/nrf54lm_ns/soft-float/libsoftdevice_controller_peripheral.a(libsoftdevice_controller_s112_debug_soft__obfuscated.elf)
 .text          0x0008e970       0x90 C:/ncs/v3.4.0/nrfxlib/softdevice_controller/lib/nrf54lm_ns/soft-float/libsoftdevice_controller_peripheral.a(libsoftdevice_controller_s112_debug_soft__obfuscated.elf)
 .text          0x0008ea00       0x84 C:/ncs/v3.4.0/nrfxlib/softdevice_controller/lib/nrf54lm_ns/soft-float/libsoftdevice_controller_peripheral.a(libsoftdevice_controller_s112_debug_soft__obfuscated.elf)
                0x0008ea00                sym_PVCVFCIVK7I4BDGU46UNJJZCMRD7PQMGJLTK2PY
 .text          0x0008ea84      0x134 C:/ncs/v3.4.0/nrfxlib/softdevice_controller/lib/nrf54lm_ns/soft-float/libsoftdevice_controller_peripheral.a(libsoftdevice_controller_s112_debug_soft__obfuscated.elf)
                0x0008ea84                sym_GRKUQI62F6CK2HPCZKZRWSZ3PZVCGXTWPZAIMJA
 .text          0x0008ebb8      0x6c4 C:/ncs/v3.4.0/nrfxlib/softdevice_controller/lib/nrf54lm_ns/soft-float/libsoftdevice_controller_peripheral.a(libsoftdevice_controller_s112_debug_soft__obfuscated.elf)
 .text          0x0008f27c       0x6c C:/ncs/v3.4.0/nrfxlib/softdevice_controller/lib/nrf54lm_ns/soft-float/libsoftdevice_controller_peripheral.a(libsoftdevice_controller_s112_debug_soft__obfuscated.elf)
                0x0008f27c                sym_HT64RIVISXSWFJE3LL26YHKQRTRRXKVEDBUUUOQ
 .text          0x0008f2e8       0x24 C:/ncs/v3.4.0/nrfxlib/softdevice_controller/lib/nrf54lm_ns/soft-float/libsoftdevice_controller_peripheral.a(libsoftdevice_controller_s112_debug_soft__obfuscated.elf)
                0x0008f2e8                sym_MYZDSWHZMVTUGPWK7CFFVMNCPRPZBKC3UH2GTLQ
 .text          0x0008f30c       0x44 C:/ncs/v3.4.0/nrfxlib/softdevice_controller/lib/nrf54lm_ns/soft-float/libsoftdevice_controller_peripheral.a(libsoftdevice_controller_s112_debug_soft__obfuscated.elf)
                0x0008f30c                sym_ZIE6EQ2YDF5ZLLLNRMU6NPOFHB7VMBHYMI4646I
 .text          0x0008f350       0x10 C:/ncs/v3.4.0/nrfxlib/softdevice_controller/lib/nrf54lm_ns/soft-float/libsoftdevice_controller_peripheral.a(libsoftdevice_controller_s112_debug_soft__obfuscated.elf)
                0x0008f350                sym_JANNQMW3JZGYLNSOPAA2HBYBA6JBSX4W7VBR56Q
 .text          0x0008f360       0x20 C:/ncs/v3.4.0/nrfxlib/softdevice_controller/lib/nrf54lm_ns/soft-float/libsoftdevice_controller_peripheral.a(libsoftdevice_controller_s112_debug_soft__obfuscated.elf)
 .text          0x0008f380       0x14 C:/ncs/v3.4.0/nrfxlib/softdevice_controller/lib/nrf54lm_ns/soft-float/libsoftdevice_controller_peripheral.a(libsoftdevice_controller_s112_debug_soft__obfuscated.elf)
                0x0008f380                sym_LOTFHGQTFUFWGX7HOTL4Q2XATGIJRVIMCMOYRMA
 .text          0x0008f394       0x64 C:/ncs/v3.4.0/nrfxlib/softdevice_controller/lib/nrf54lm_ns/soft-float/libsoftdevice_controller_peripheral.a(libsoftdevice_controller_s112_debug_soft__obfuscated.elf)
                0x0008f394                sym_MDF364N4PQDEA5ZGP5CB3ZDZVZM5Q32KSEZZ5HI
 .text          0x0008f3f8       0x4c C:/ncs/v3.4.0/nrfxlib/softdevice_controller/lib/nrf54lm_ns/soft-float/libsoftdevice_controller_peripheral.a(libsoftdevice_controller_s112_debug_soft__obfuscated.elf)
                0x0008f3f8                sym_XCEN5K7VEI2CAO42XW7S3FKM3HKMOCDCUFDX25Y
 .text          0x0008f444       0x64 C:/ncs/v3.4.0/nrfxlib/softdevice_controller/lib/nrf54lm_ns/soft-float/libsoftdevice_controller_peripheral.a(libsoftdevice_controller_s112_debug_soft__obfuscated.elf)
                0x0008f444                sym_5DEPI2OGSPXE5OVFBPVFPSPYPRYUQ54QVVXIKNI
 .text          0x0008f4a8       0x30 C:/ncs/v3.4.0/nrfxlib/softdevice_controller/lib/nrf54lm_ns/soft-float/libsoftdevice_controller_peripheral.a(libsoftdevice_controller_s112_debug_soft__obfuscated.elf)
                0x0008f4a8                sym_KZ5CVONZGMGIGNMI7YD6HLN3FXAAJK6OMEJW6BQ
 .text          0x0008f4d8       0x20 C:/ncs/v3.4.0/nrfxlib/softdevice_controller/lib/nrf54lm_ns/soft-float/libsoftdevice_controller_peripheral.a(libsoftdevice_controller_s112_debug_soft__obfuscated.elf)
                0x0008f4d8                sym_ZQHB3ANU2DANFLJZLZL5U4SPQ2ZDVUAHI35744Y
 .text          0x0008f4f8       0x28 C:/ncs/v3.4.0/nrfxlib/softdevice_controller/lib/nrf54lm_ns/soft-float/libsoftdevice_controller_peripheral.a(libsoftdevice_controller_s112_debug_soft__obfuscated.elf)
 .text          0x0008f520       0x1c C:/ncs/v3.4.0/nrfxlib/softdevice_controller/lib/nrf54lm_ns/soft-float/libsoftdevice_controller_peripheral.a(libsoftdevice_controller_s112_debug_soft__obfuscated.elf)
                0x0008f520                sym_XPKSFPKFBNSTZZU4FUMGC3XRHAVS24BBL53HRMA
 .text          0x0008f53c       0x3c C:/ncs/v3.4.0/nrfxlib/softdevice_controller/lib/nrf54lm_ns/soft-float/libsoftdevice_controller_peripheral.a(libsoftdevice_controller_s112_debug_soft__obfuscated.elf)
                0x0008f53c                sym_6Q45YYTUN2KDQ5V5UGE3T2LTI5FNGX6WIJYLIDI
 .text          0x0008f578       0x10 C:/ncs/v3.4.0/nrfxlib/softdevice_controller/lib/nrf54lm_ns/soft-float/libsoftdevice_controller_peripheral.a(libsoftdevice_controller_s112_debug_soft__obfuscated.elf)
                0x0008f578                sym_VZTCNK7LPLGUYYITUFBRKT7IMIMSPIN7PNNZ2FA
 .text          0x0008f588       0x28 C:/ncs/v3.4.0/nrfxlib/softdevice_controller/lib/nrf54lm_ns/soft-float/libsoftdevice_controller_peripheral.a(libsoftdevice_controller_s112_debug_soft__obfuscated.elf)
                0x0008f588                sym_4QZZGSV4Q73MRWLGT2JUIEO54MWVQREPXC6OEZI
 .text          0x0008f5b0       0x34 C:/ncs/v3.4.0/nrfxlib/softdevice_controller/lib/nrf54lm_ns/soft-float/libsoftdevice_controller_peripheral.a(libsoftdevice_controller_s112_debug_soft__obfuscated.elf)
                0x0008f5b0                sym_7PGC4MOVTGXGCSJIIZLK7LXVVTIMRADTYZRCCLY
 .text          0x0008f5e4       0x34 C:/ncs/v3.4.0/nrfxlib/softdevice_controller/lib/nrf54lm_ns/soft-float/libsoftdevice_controller_peripheral.a(libsoftdevice_controller_s112_debug_soft__obfuscated.elf)
                0x0008f5e4                sym_TPGZXEEC7E4AAOPPZUXN6Z5FKNO7FYNLY6SIXUY
 .text          0x0008f618       0x20 C:/ncs/v3.4.0/nrfxlib/softdevice_controller/lib/nrf54lm_ns/soft-float/libsoftdevice_controller_peripheral.a(libsoftdevice_controller_s112_debug_soft__obfuscated.elf)
 .text          0x0008f638       0x54 C:/ncs/v3.4.0/nrfxlib/softdevice_controller/lib/nrf54lm_ns/soft-float/libsoftdevice_controller_peripheral.a(libsoftdevice_controller_s112_debug_soft__obfuscated.elf)
 .text          0x0008f68c       0x38 C:/ncs/v3.4.0/nrfxlib/softdevice_controller/lib/nrf54lm_ns/soft-float/libsoftdevice_controller_peripheral.a(libsoftdevice_controller_s112_debug_soft__obfuscated.elf)
 .text          0x0008f6c4       0x30 C:/ncs/v3.4.0/nrfxlib/softdevice_controller/lib/nrf54lm_ns/soft-float/libsoftdevice_controller_peripheral.a(libsoftdevice_controller_s112_debug_soft__obfuscated.elf)
 .text          0x0008f6f4       0x50 C:/ncs/v3.4.0/nrfxlib/softdevice_controller/lib/nrf54lm_ns/soft-float/libsoftdevice_controller_peripheral.a(libsoftdevice_controller_s112_debug_soft__obfuscated.elf)
 .text          0x0008f744       0x38 C:/ncs/v3.4.0/nrfxlib/softdevice_controller/lib/nrf54lm_ns/soft-float/libsoftdevice_controller_peripheral.a(libsoftdevice_controller_s112_debug_soft__obfuscated.elf)
 .text          0x0008f77c       0x34 C:/ncs/v3.4.0/nrfxlib/softdevice_controller/lib/nrf54lm_ns/soft-float/libsoftdevice_controller_peripheral.a(libsoftdevice_controller_s112_debug_soft__obfuscated.elf)
 .text          0x0008f7b0       0x5c C:/ncs/v3.4.0/nrfxlib/softdevice_controller/lib/nrf54lm_ns/soft-float/libsoftdevice_controller_peripheral.a(libsoftdevice_controller_s112_debug_soft__obfuscated.elf)
 .text          0x0008f80c       0xe4 C:/ncs/v3.4.0/nrfxlib/softdevice_controller/lib/nrf54lm_ns/soft-float/libsoftdevice_controller_peripheral.a(libsoftdevice_controller_s112_debug_soft__obfuscated.elf)
 .text          0x0008f8f0       0x10 C:/ncs/v3.4.0/nrfxlib/softdevice_controller/lib/nrf54lm_ns/soft-float/libsoftdevice_controller_peripheral.a(libsoftdevice_controller_s112_debug_soft__obfuscated.elf)
                0x0008f8f0                sym_RUQBFILZ5CHV2AAL6C3D2J5Y33TCCAPZTHBGZ3A
 .text          0x0008f900       0x10 C:/ncs/v3.4.0/nrfxlib/softdevice_controller/lib/nrf54lm_ns/soft-float/libsoftdevice_controller_peripheral.a(libsoftdevice_controller_s112_debug_soft__obfuscated.elf)
                0x0008f900                sym_DRIMECVE2FH7O6C2LQ25QRVJOICPHLA5GC6TM2I
 .text          0x0008f910       0x10 C:/ncs/v3.4.0/nrfxlib/softdevice_controller/lib/nrf54lm_ns/soft-float/libsoftdevice_controller_peripheral.a(libsoftdevice_controller_s112_debug_soft__obfuscated.elf)
                0x0008f910                sym_GI7KSEEMTJQ7HR2XTQJ6A3EAB54YYLMWKNL2RBA
 .text          0x0008f920       0x38 C:/ncs/v3.4.0/nrfxlib/softdevice_controller/lib/nrf54lm_ns/soft-float/libsoftdevice_controller_peripheral.a(libsoftdevice_controller_s112_debug_soft__obfuscated.elf)
                0x0008f920                sym_RSWA3KDPDNEX2QOFCEQGJOF7JZOR274BWTEY2JA
 .text          0x0008f958       0x58 C:/ncs/v3.4.0/nrfxlib/softdevice_controller/lib/nrf54lm_ns/soft-float/libsoftdevice_controller_peripheral.a(libsoftdevice_controller_s112_debug_soft__obfuscated.elf)
                0x0008f958                sym_5CHOZAQ75MOW32NPEGX5AYLDFVQR6HZCDXZY5PQ
 .text          0x0008f9b0       0xb4 C:/ncs/v3.4.0/nrfxlib/softdevice_controller/lib/nrf54lm_ns/soft-float/libsoftdevice_controller_peripheral.a(libsoftdevice_controller_s112_debug_soft__obfuscated.elf)
                0x0008f9b0                sym_JQ5GTNCJKXERB3SSKQRXLQOKWJQVRNEOVZZZVXI
 .text          0x0008fa64        0xc C:/ncs/v3.4.0/nrfxlib/softdevice_controller/lib/nrf54lm_ns/soft-float/libsoftdevice_controller_peripheral.a(libsoftdevice_controller_s112_debug_soft__obfuscated.elf)
                0x0008fa64                sym_HE5JGYEZFIITGQL7PMATDHSORSCK7HJIY5UXOZA
 .text          0x0008fa70       0x14 C:/ncs/v3.4.0/nrfxlib/softdevice_controller/lib/nrf54lm_ns/soft-float/libsoftdevice_controller_peripheral.a(libsoftdevice_controller_s112_debug_soft__obfuscated.elf)
                0x0008fa70                sym_YLRTPBVG5ROXKOW4KXUYITRUY3FD2MVZW5LF7ZA
 .text          0x0008fa84       0x1c C:/ncs/v3.4.0/nrfxlib/softdevice_controller/lib/nrf54lm_ns/soft-float/libsoftdevice_controller_peripheral.a(libsoftdevice_controller_s112_debug_soft__obfuscated.elf)
                0x0008fa84                sym_ZQE76VUU7S5U7DETTZA65E75LHFWL5PGRN4JPHI
 .text          0x0008faa0       0xe0 C:/ncs/v3.4.0/nrfxlib/softdevice_controller/lib/nrf54lm_ns/soft-float/libsoftdevice_controller_peripheral.a(libsoftdevice_controller_s112_debug_soft__obfuscated.elf)
                0x0008faa0                sym_6PPYXQQOLTVZ6DHASA45P4Y6MOJ5US37OHECCGI
 .text          0x0008fb80       0x28 C:/ncs/v3.4.0/nrfxlib/softdevice_controller/lib/nrf54lm_ns/soft-float/libsoftdevice_controller_peripheral.a(libsoftdevice_controller_s112_debug_soft__obfuscated.elf)
                0x0008fb80                sym_E7IS652W2J5N5UTHP752WOA4YNSR7E5S5H4J2AA
 .text          0x0008fba8       0xa8 C:/ncs/v3.4.0/nrfxlib/softdevice_controller/lib/nrf54lm_ns/soft-float/libsoftdevice_controller_peripheral.a(libsoftdevice_controller_s112_debug_soft__obfuscated.elf)
                0x0008fba8                sym_A5S3P57NWYYY5XJWBYERU6H4QSVP5TCTU7HKA5Y
 .text          0x0008fc50       0xb0 C:/ncs/v3.4.0/nrfxlib/softdevice_controller/lib/nrf54lm_ns/soft-float/libsoftdevice_controller_peripheral.a(libsoftdevice_controller_s112_debug_soft__obfuscated.elf)
                0x0008fc50                sym_2YSDS7VWGMSD5CN64D2VGQIYXBV3A6NJCHWFZEY
 .text          0x0008fd00       0x48 C:/ncs/v3.4.0/nrfxlib/softdevice_controller/lib/nrf54lm_ns/soft-float/libsoftdevice_controller_peripheral.a(libsoftdevice_controller_s112_debug_soft__obfuscated.elf)
 .text          0x0008fd48        0xc C:/ncs/v3.4.0/nrfxlib/softdevice_controller/lib/nrf54lm_ns/soft-float/libsoftdevice_controller_peripheral.a(libsoftdevice_controller_s112_debug_soft__obfuscated.elf)
                0x0008fd48                sym_XD56LJG2JTRU4Q2V7WCY72EI3VTZICA3O4ERV2A
 .text          0x0008fd54       0x10 C:/ncs/v3.4.0/nrfxlib/softdevice_controller/lib/nrf54lm_ns/soft-float/libsoftdevice_controller_peripheral.a(libsoftdevice_controller_s112_debug_soft__obfuscated.elf)
                0x0008fd54                sym_YG4UROEKVB7ZBE5TWHLNJHYKSFBTXGBYAX3RXRI
 .text          0x0008fd64       0x38 C:/ncs/v3.4.0/nrfxlib/softdevice_controller/lib/nrf54lm_ns/soft-float/libsoftdevice_controller_peripheral.a(libsoftdevice_controller_s112_debug_soft__obfuscated.elf)
                0x0008fd64                sym_LPFN6QJEOHBT4AP2K7MEYWDZW35U5VHIHXOA54I
 .text          0x0008fd9c       0x64 C:/ncs/v3.4.0/nrfxlib/softdevice_controller/lib/nrf54lm_ns/soft-float/libsoftdevice_controller_peripheral.a(libsoftdevice_controller_s112_debug_soft__obfuscated.elf)
                0x0008fd9c                sym_7CIQBS4FNO23MS6BAN7Q3LK45R62DBPT5FNCWOA
 .text          0x0008fe00       0x34 C:/ncs/v3.4.0/nrfxlib/softdevice_controller/lib/nrf54lm_ns/soft-float/libsoftdevice_controller_peripheral.a(libsoftdevice_controller_s112_debug_soft__obfuscated.elf)
                0x0008fe00                sym_Y6HXZQJARJ7FDWKGPREPQGRRGDOQMXHDALUK6KY
 .text          0x0008fe34       0x18 C:/ncs/v3.4.0/nrfxlib/softdevice_controller/lib/nrf54lm_ns/soft-float/libsoftdevice_controller_peripheral.a(libsoftdevice_controller_s112_debug_soft__obfuscated.elf)
                0x0008fe34                sym_RXYEX777ZXB2E2DXJWDBCV7AAHWTCHNTLOSENBY
 .text          0x0008fe4c       0x1c C:/ncs/v3.4.0/nrfxlib/softdevice_controller/lib/nrf54lm_ns/soft-float/libsoftdevice_controller_peripheral.a(libsoftdevice_controller_s112_debug_soft__obfuscated.elf)
                0x0008fe4c                sym_PCLF3MATC3G3MYGRPG4ATMGCS6N4B7M5CSF2C2Y
 .text          0x0008fe68       0x18 C:/ncs/v3.4.0/nrfxlib/softdevice_controller/lib/nrf54lm_ns/soft-float/libsoftdevice_controller_peripheral.a(libsoftdevice_controller_s112_debug_soft__obfuscated.elf)
                0x0008fe68                sym_EZCFQXKGAFHY5HQVJOXWDLO45XWMEJQY5WUGZNI
 .text          0x0008fe80       0x14 C:/ncs/v3.4.0/nrfxlib/softdevice_controller/lib/nrf54lm_ns/soft-float/libsoftdevice_controller_peripheral.a(libsoftdevice_controller_s112_debug_soft__obfuscated.elf)
                0x0008fe80                sym_2GNBSSSS7HPV6RZQ52VFCGRXSPA3KLWISQSF42I
 .text          0x0008fe94       0x20 C:/ncs/v3.4.0/nrfxlib/softdevice_controller/lib/nrf54lm_ns/soft-float/libsoftdevice_controller_peripheral.a(libsoftdevice_controller_s112_debug_soft__obfuscated.elf)
                0x0008fe94                sym_VEC44ISWPJAJ32J57NYIBEMC7Q6QEP7J6SVR4BQ
 .text          0x0008feb4       0x18 C:/ncs/v3.4.0/nrfxlib/softdevice_controller/lib/nrf54lm_ns/soft-float/libsoftdevice_controller_peripheral.a(libsoftdevice_controller_s112_debug_soft__obfuscated.elf)
                0x0008feb4                sym_LSYZDZOMTD6BKKRX25HIBNLFKSFDXBS3PS4UKOY
 .text          0x0008fecc      0x108 C:/ncs/v3.4.0/nrfxlib/softdevice_controller/lib/nrf54lm_ns/soft-float/libsoftdevice_controller_peripheral.a(libsoftdevice_controller_s112_debug_soft__obfuscated.elf)
                0x0008fecc                sym_EMR2H7KEGRFFKS6A4P3ZPPGOJSTVXLGRI25MEYQ
 .text          0x0008ffd4       0x10 C:/ncs/v3.4.0/nrfxlib/softdevice_controller/lib/nrf54lm_ns/soft-float/libsoftdevice_controller_peripheral.a(libsoftdevice_controller_s112_debug_soft__obfuscated.elf)
                0x0008ffd4                sym_V67AIMSO57NYVNGXZF2PDQSJQJLITHU4KD4CKAY
 .text          0x0008ffe4       0x10 C:/ncs/v3.4.0/nrfxlib/softdevice_controller/lib/nrf54lm_ns/soft-float/libsoftdevice_controller_peripheral.a(libsoftdevice_controller_s112_debug_soft__obfuscated.elf)
                0x0008ffe4                sym_UX6VBOIQ7ULLMX3I6UDFOFZ6IT2DVZKKVIEVRMY
 .text          0x0008fff4       0x68 C:/ncs/v3.4.0/nrfxlib/softdevice_controller/lib/nrf54lm_ns/soft-float/libsoftdevice_controller_peripheral.a(libsoftdevice_controller_s112_debug_soft__obfuscated.elf)
                0x0008fff4                sym_BXF55Z4QDXCJ7WSHCKD62WBL2OIHC54HSCFKRDY
 .text          0x0009005c       0xc8 C:/ncs/v3.4.0/nrfxlib/softdevice_controller/lib/nrf54lm_ns/soft-float/libsoftdevice_controller_peripheral.a(libsoftdevice_controller_s112_debug_soft__obfuscated.elf)
                0x0009005c                sym_L4JTLGMK2AWYAAPRB3O77773SG36X2NTZJ3FAHA
 .text          0x00090124       0x20 C:/ncs/v3.4.0/nrfxlib/softdevice_controller/lib/nrf54lm_ns/soft-float/libsoftdevice_controller_peripheral.a(libsoftdevice_controller_s112_debug_soft__obfuscated.elf)
                0x00090124                sym_WD6EQ3FQVKOAARDWHQJJC5SVKHQS7A2MF5YDCPA
 .text          0x00090144       0x1c C:/ncs/v3.4.0/nrfxlib/softdevice_controller/lib/nrf54lm_ns/soft-float/libsoftdevice_controller_peripheral.a(libsoftdevice_controller_s112_debug_soft__obfuscated.elf)
                0x00090144                sym_WGW6HZ6PNLYQSUJALICWZO27AY5UJWYCU6B6ACI
 .text          0x00090160       0x34 C:/ncs/v3.4.0/nrfxlib/softdevice_controller/lib/nrf54lm_ns/soft-float/libsoftdevice_controller_peripheral.a(libsoftdevice_controller_s112_debug_soft__obfuscated.elf)
                0x00090160                sym_7VLVVPDI26BVJ64XQBSGXOQYGQA4VH5APIPDGYA
 .text          0x00090194       0x38 C:/ncs/v3.4.0/nrfxlib/softdevice_controller/lib/nrf54lm_ns/soft-float/libsoftdevice_controller_peripheral.a(libsoftdevice_controller_s112_debug_soft__obfuscated.elf)
                0x00090194                sym_55XNA7W2CQFJPCH62ZAKHLPISYHJ7KMNREEN6EA
 .text          0x000901cc       0x10 C:/ncs/v3.4.0/nrfxlib/softdevice_controller/lib/nrf54lm_ns/soft-float/libsoftdevice_controller_peripheral.a(libsoftdevice_controller_s112_debug_soft__obfuscated.elf)
                0x000901cc                sym_TRMXENGHOH4VBQQZPIN222FLCEFU3Z3CD5C47DY
 .text          0x000901dc       0xc8 C:/ncs/v3.4.0/nrfxlib/softdevice_controller/lib/nrf54lm_ns/soft-float/libsoftdevice_controller_peripheral.a(libsoftdevice_controller_s112_debug_soft__obfuscated.elf)
                0x000901dc                sym_5I5MTMPTF2F4WI7MIXG5OG4TUPLUR53CB2QHVUA
 .text          0x000902a4       0xc4 C:/ncs/v3.4.0/nrfxlib/softdevice_controller/lib/nrf54lm_ns/soft-float/libsoftdevice_controller_peripheral.a(libsoftdevice_controller_s112_debug_soft__obfuscated.elf)
                0x000902a4                sym_34OQXU6XYDWKWHN5EMSCVCYRBEVOEZSUTYFYNWA
 .text          0x00090368       0xf4 C:/ncs/v3.4.0/nrfxlib/softdevice_controller/lib/nrf54lm_ns/soft-float/libsoftdevice_controller_peripheral.a(libsoftdevice_controller_s112_debug_soft__obfuscated.elf)
                0x00090368                sym_LZKUPPVFGF7KN7J3NAQQZHRWZPBIWIFOZAIRSWQ
 .text          0x0009045c       0x3c C:/ncs/v3.4.0/nrfxlib/softdevice_controller/lib/nrf54lm_ns/soft-float/libsoftdevice_controller_peripheral.a(libsoftdevice_controller_s112_debug_soft__obfuscated.elf)
                0x0009045c                sym_VIDE7XVSTT4HHX2MQJX6VUVABAKVNGIPRTLRLEQ
 .text          0x00090498       0x34 C:/ncs/v3.4.0/nrfxlib/softdevice_controller/lib/nrf54lm_ns/soft-float/libsoftdevice_controller_peripheral.a(libsoftdevice_controller_s112_debug_soft__obfuscated.elf)
                0x00090498                sym_FYMYD324TMLKJZE62CZN4WTXFSPL6FPU2SZH6CI
 .text          0x000904cc        0xc C:/ncs/v3.4.0/nrfxlib/softdevice_controller/lib/nrf54lm_ns/soft-float/libsoftdevice_controller_peripheral.a(libsoftdevice_controller_s112_debug_soft__obfuscated.elf)
                0x000904cc                sym_QQVHHHKNBN5TJBK4NCDSUYAMXMOEHFSL7HE7RRA
 .text          0x000904d8       0xa4 C:/ncs/v3.4.0/nrfxlib/softdevice_controller/lib/nrf54lm_ns/soft-float/libsoftdevice_controller_peripheral.a(libsoftdevice_controller_s112_debug_soft__obfuscated.elf)
                0x000904d8                sym_HFZHYA225GOHR3CNLTR6BRDMBVARDCSC72CK2GI
 .text          0x0009057c        0xc C:/ncs/v3.4.0/nrfxlib/mpsl/fem/common/lib/nrf54lm_ns/soft-float/libmpsl_fem_common.a(libmpsl_fem_common_debug_soft__obfuscated.elf)
                0x0009057c                mpsl_fem_caps_get
 .text          0x00090588        0xc C:/ncs/v3.4.0/nrfxlib/mpsl/fem/common/lib/nrf54lm_ns/soft-float/libmpsl_fem_common.a(libmpsl_fem_common_debug_soft__obfuscated.elf)
                0x00090588                mpsl_fem_enable
 .text          0x00090594        0xc C:/ncs/v3.4.0/nrfxlib/mpsl/fem/common/lib/nrf54lm_ns/soft-float/libmpsl_fem_common.a(libmpsl_fem_common_debug_soft__obfuscated.elf)
                0x00090594                mpsl_fem_disable
 .text          0x000905a0        0xc C:/ncs/v3.4.0/nrfxlib/mpsl/fem/common/lib/nrf54lm_ns/soft-float/libmpsl_fem_common.a(libmpsl_fem_common_debug_soft__obfuscated.elf)
                0x000905a0                mpsl_fem_pa_configuration_set
 .text          0x000905ac        0xc C:/ncs/v3.4.0/nrfxlib/mpsl/fem/common/lib/nrf54lm_ns/soft-float/libmpsl_fem_common.a(libmpsl_fem_common_debug_soft__obfuscated.elf)
                0x000905ac                mpsl_fem_lna_configuration_set
 .text          0x000905b8        0xc C:/ncs/v3.4.0/nrfxlib/mpsl/fem/common/lib/nrf54lm_ns/soft-float/libmpsl_fem_common.a(libmpsl_fem_common_debug_soft__obfuscated.elf)
                0x000905b8                mpsl_fem_pa_configuration_clear
 .text          0x000905c4        0xc C:/ncs/v3.4.0/nrfxlib/mpsl/fem/common/lib/nrf54lm_ns/soft-float/libmpsl_fem_common.a(libmpsl_fem_common_debug_soft__obfuscated.elf)
                0x000905c4                mpsl_fem_lna_configuration_clear
 .text          0x000905d0        0xc C:/ncs/v3.4.0/nrfxlib/mpsl/fem/common/lib/nrf54lm_ns/soft-float/libmpsl_fem_common.a(libmpsl_fem_common_debug_soft__obfuscated.elf)
                0x000905d0                mpsl_fem_pa_power_control_set
 .text          0x000905dc       0x18 C:/ncs/v3.4.0/nrfxlib/mpsl/fem/common/lib/nrf54lm_ns/soft-float/libmpsl_fem_common.a(libmpsl_fem_common_debug_soft__obfuscated.elf)
                0x000905dc                mpsl_fem_tx_power_split
 .text          0x000905f4       0x3c C:/ncs/v3.4.0/nrfxlib/mpsl/fem/common/lib/nrf54lm_ns/soft-float/libmpsl_fem_common.a(libmpsl_fem_common_debug_soft__obfuscated.elf)
                0x000905f4                mpsl_fem_utils_available_cc_channels_cache
 .text          0x00090630       0x40 C:/ncs/v3.4.0/nrfxlib/mpsl/fem/common/lib/nrf54lm_ns/soft-float/libmpsl_fem_common.a(libmpsl_fem_common_debug_soft__obfuscated.elf)
                0x00090630                sym_NIQMZN22R7GGCSNM3BZ25GTCR6D457XB3DIUGWA
 .text          0x00090670        0xc C:/ncs/v3.4.0/nrfxlib/mpsl/lib/nrf54lm_ns/soft-float/libmpsl.a(libmpsl_debug_soft__obfuscated.elf)
                0x00090670                sym_3NUECOSAIC227DBCPHAP4U7EQ3UBTGANU5ASIOA
 .text          0x0009067c       0x34 C:/ncs/v3.4.0/nrfxlib/mpsl/lib/nrf54lm_ns/soft-float/libmpsl.a(libmpsl_debug_soft__obfuscated.elf)
                0x0009067c                sym_QLJBNB55XHXGY3EZ4W3ZZ3U6AVPE2YGDOXRUZSQ
 .text          0x000906b0       0x38 C:/ncs/v3.4.0/nrfxlib/mpsl/lib/nrf54lm_ns/soft-float/libmpsl.a(libmpsl_debug_soft__obfuscated.elf)
                0x000906b0                sym_VWOYI7XCNXBFVPWSS6WFJ2CWKPJYCMRRQTU7QWQ
 .text          0x000906e8       0x20 C:/ncs/v3.4.0/nrfxlib/mpsl/lib/nrf54lm_ns/soft-float/libmpsl.a(libmpsl_debug_soft__obfuscated.elf)
                0x000906e8                mpsl_tx_power_radio_supported_power_adjust
 .text          0x00090708       0x28 C:/ncs/v3.4.0/nrfxlib/mpsl/lib/nrf54lm_ns/soft-float/libmpsl.a(libmpsl_debug_soft__obfuscated.elf)
                0x00090708                sym_4SCKUN7IRBDDM3D2RCMMHPR6OHBR3PQTBKCR77I
 .text          0x00090730       0x58 C:/ncs/v3.4.0/nrfxlib/mpsl/lib/nrf54lm_ns/soft-float/libmpsl.a(libmpsl_debug_soft__obfuscated.elf)
                0x00090730                sym_QQG7HJZF5RKNVZ5ORSKL5T523LPMNSUMOGD3C6I
 .text          0x00090788        0xc C:/ncs/v3.4.0/nrfxlib/mpsl/lib/nrf54lm_ns/soft-float/libmpsl.a(libmpsl_debug_soft__obfuscated.elf)
                0x00090788                sym_PIRI3CTIHOPR5MPDQRHBJRRZEA2NVOD4J3GXGOA
 .text          0x00090794       0x38 C:/ncs/v3.4.0/nrfxlib/mpsl/lib/nrf54lm_ns/soft-float/libmpsl.a(libmpsl_debug_soft__obfuscated.elf)
                0x00090794                sym_ANRUIR5GOVXEY2YOSMACTCMXBQZWQ3XNE43TVMQ
 .text          0x000907cc       0x10 C:/ncs/v3.4.0/nrfxlib/mpsl/lib/nrf54lm_ns/soft-float/libmpsl.a(libmpsl_debug_soft__obfuscated.elf)
                0x000907cc                sym_TIWHB6UQGI33JQCQDL7C2BRAEXCRAFYENVN6QEI
 .text          0x000907dc       0x10 C:/ncs/v3.4.0/nrfxlib/mpsl/lib/nrf54lm_ns/soft-float/libmpsl.a(libmpsl_debug_soft__obfuscated.elf)
                0x000907dc                sym_AL7FCNVVCF72BNYCTLA5UGAWCQFXFPGE2ULTWOA
 .text          0x000907ec       0x10 C:/ncs/v3.4.0/nrfxlib/mpsl/lib/nrf54lm_ns/soft-float/libmpsl.a(libmpsl_debug_soft__obfuscated.elf)
                0x000907ec                sym_7BUNPUBNWNFVXXIMNFFNK765OVON5LBIUZ66QRI
 .text          0x000907fc       0x24 C:/ncs/v3.4.0/nrfxlib/mpsl/lib/nrf54lm_ns/soft-float/libmpsl.a(libmpsl_debug_soft__obfuscated.elf)
                0x000907fc                sym_LZEJCP3HZIBKMJQC47UQXAHGCQ52QF47EXOH2WA
 .text          0x00090820       0x28 C:/ncs/v3.4.0/nrfxlib/mpsl/lib/nrf54lm_ns/soft-float/libmpsl.a(libmpsl_debug_soft__obfuscated.elf)
 .text          0x00090848       0x68 C:/ncs/v3.4.0/nrfxlib/mpsl/lib/nrf54lm_ns/soft-float/libmpsl.a(libmpsl_debug_soft__obfuscated.elf)
                0x00090848                sym_D6LBAH3FIHQ2AN26SDSJLEG4XAEK556FOQIW6HA
 .text          0x000908b0       0x18 C:/ncs/v3.4.0/nrfxlib/mpsl/lib/nrf54lm_ns/soft-float/libmpsl.a(libmpsl_debug_soft__obfuscated.elf)
                0x000908b0                sym_7QFYP6TVNTWMYUHAAVGAS6P7DNXRGA425JCWAYA
 .text          0x000908c8        0xc C:/ncs/v3.4.0/nrfxlib/mpsl/lib/nrf54lm_ns/soft-float/libmpsl.a(libmpsl_debug_soft__obfuscated.elf)
                0x000908c8                sym_3SZAYBC5OCNQZBIVUZYG7A3DU4BAGVEUO2Y2ZRA
 .text          0x000908d4        0xc C:/ncs/v3.4.0/nrfxlib/mpsl/lib/nrf54lm_ns/soft-float/libmpsl.a(libmpsl_debug_soft__obfuscated.elf)
                0x000908d4                sym_2KMHJG6IWTS4F37J76OPGV6TB6CGBJE6GPXD32Q
 .text          0x000908e0        0xc C:/ncs/v3.4.0/nrfxlib/mpsl/lib/nrf54lm_ns/soft-float/libmpsl.a(libmpsl_debug_soft__obfuscated.elf)
                0x000908e0                sym_NOQLYJY4KXAQRVVN7T7QV7ANR4MNJAXOKJCQGHI
 .text          0x000908ec       0x28 C:/ncs/v3.4.0/nrfxlib/mpsl/lib/nrf54lm_ns/soft-float/libmpsl.a(libmpsl_debug_soft__obfuscated.elf)
                0x000908ec                sym_G5J6GA5DO57F3RA6WFNEHNPECPBC7Z24DL4LMSI
 .text          0x00090914       0x58 C:/ncs/v3.4.0/nrfxlib/mpsl/lib/nrf54lm_ns/soft-float/libmpsl.a(libmpsl_debug_soft__obfuscated.elf)
                0x00090914                sym_KDG2QV44ALYOJ3VXK5EAFUKKY3P3LYTXXEA7CSI
 .text          0x0009096c       0x40 C:/ncs/v3.4.0/nrfxlib/mpsl/lib/nrf54lm_ns/soft-float/libmpsl.a(libmpsl_debug_soft__obfuscated.elf)
 .text          0x000909ac        0xc C:/ncs/v3.4.0/nrfxlib/mpsl/lib/nrf54lm_ns/soft-float/libmpsl.a(libmpsl_debug_soft__obfuscated.elf)
                0x000909ac                sym_7DNE4VCYG5OKI5GPV4IQMGPZD4CKYMLECHHGEMY
 .text          0x000909b8       0x1c C:/ncs/v3.4.0/nrfxlib/mpsl/lib/nrf54lm_ns/soft-float/libmpsl.a(libmpsl_debug_soft__obfuscated.elf)
                0x000909b8                sym_RZWVLWNUZLGTOWBNDDVHXWYK33CMYDMAW64JT2A
 .text          0x000909d4       0x3c C:/ncs/v3.4.0/nrfxlib/mpsl/lib/nrf54lm_ns/soft-float/libmpsl.a(libmpsl_debug_soft__obfuscated.elf)
                0x000909d4                sym_7KR3CRA2JBQKI2BE6KTZIERI7XZVU5ZKDRCM5WQ
 .text          0x00090a10       0x10 C:/ncs/v3.4.0/nrfxlib/mpsl/lib/nrf54lm_ns/soft-float/libmpsl.a(libmpsl_debug_soft__obfuscated.elf)
                0x00090a10                sym_SDHO22NE7WQFGQ4CQJRIJINUULFKMZETRQXV3VQ
 .text          0x00090a20       0x64 C:/ncs/v3.4.0/nrfxlib/mpsl/lib/nrf54lm_ns/soft-float/libmpsl.a(libmpsl_debug_soft__obfuscated.elf)
                0x00090a20                sym_KDVUZRFFNEKEYZUMWT3PLTLXHLI66NLVCZIQ63I
 .text          0x00090a84       0x6c C:/ncs/v3.4.0/nrfxlib/mpsl/lib/nrf54lm_ns/soft-float/libmpsl.a(libmpsl_debug_soft__obfuscated.elf)
                0x00090a84                sym_PPHZHUJXI7LPAEI5QUASSIIGHAIVT4H7EME7O3Y
 .text          0x00090af0      0x15c C:/ncs/v3.4.0/nrfxlib/mpsl/lib/nrf54lm_ns/soft-float/libmpsl.a(libmpsl_debug_soft__obfuscated.elf)
                0x00090af0                MPSL_IRQ_CLOCK_Handler
 .text          0x00090c4c       0x1c C:/ncs/v3.4.0/nrfxlib/mpsl/lib/nrf54lm_ns/soft-float/libmpsl.a(libmpsl_debug_soft__obfuscated.elf)
                0x00090c4c                sym_76IVKPQMZOZ7IXNJTGMWOSIWIVCASAX3TTNHN7I
 .text          0x00090c68      0x1d0 C:/ncs/v3.4.0/nrfxlib/mpsl/lib/nrf54lm_ns/soft-float/libmpsl.a(libmpsl_debug_soft__obfuscated.elf)
                0x00090c68                sym_GYXW4XY25R4ELPOOTEBFKAUAI3X7A5AGZZV7OTI
 .text          0x00090e38       0x40 C:/ncs/v3.4.0/nrfxlib/mpsl/lib/nrf54lm_ns/soft-float/libmpsl.a(libmpsl_debug_soft__obfuscated.elf)
                0x00090e38                mpsl_clock_hfclk_src_request
 .text          0x00090e78       0x38 C:/ncs/v3.4.0/nrfxlib/mpsl/lib/nrf54lm_ns/soft-float/libmpsl.a(libmpsl_debug_soft__obfuscated.elf)
                0x00090e78                mpsl_clock_hfclk_src_release
 .text          0x00090eb0       0x54 C:/ncs/v3.4.0/nrfxlib/mpsl/lib/nrf54lm_ns/soft-float/libmpsl.a(libmpsl_debug_soft__obfuscated.elf)
                0x00090eb0                sym_XEJLNUQGS5P4R5IXDJFF6NE6C2FZWRZYDQOGMPI
 .text          0x00090f04        0xc C:/ncs/v3.4.0/nrfxlib/mpsl/lib/nrf54lm_ns/soft-float/libmpsl.a(libmpsl_debug_soft__obfuscated.elf)
                0x00090f04                sym_PEUB6CZG5CWXXD4M2S6OVBXZGDFOG4XII7USUDQ
 .text          0x00090f10        0xc C:/ncs/v3.4.0/nrfxlib/mpsl/lib/nrf54lm_ns/soft-float/libmpsl.a(libmpsl_debug_soft__obfuscated.elf)
                0x00090f10                sym_AF5XKA2WT4DMFZTLKHOBWE7E2EZAMLDDFPQGGTQ
 .text          0x00090f1c        0xc C:/ncs/v3.4.0/nrfxlib/mpsl/lib/nrf54lm_ns/soft-float/libmpsl.a(libmpsl_debug_soft__obfuscated.elf)
                0x00090f1c                sym_DCDRLVBT43ANSLX3KNDZ4TST3Z3CVWXAQQUSXQQ
 .text          0x00090f28       0x20 C:/ncs/v3.4.0/nrfxlib/mpsl/lib/nrf54lm_ns/soft-float/libmpsl.a(libmpsl_debug_soft__obfuscated.elf)
                0x00090f28                mpsl_calibration_timer_handle
 .text          0x00090f48       0x14 C:/ncs/v3.4.0/nrfxlib/mpsl/lib/nrf54lm_ns/soft-float/libmpsl.a(libmpsl_debug_soft__obfuscated.elf)
                0x00090f48                sym_ETIE3PCEXQYLK2GIVZENQ6V7PLBRV57MB7BDMNY
 .text          0x00090f5c       0x14 C:/ncs/v3.4.0/nrfxlib/mpsl/lib/nrf54lm_ns/soft-float/libmpsl.a(libmpsl_debug_soft__obfuscated.elf)
                0x00090f5c                sym_5GIX3FGTOA3AFESAMMV6FULZ3AVI2Q2R6VR4L4A
 .text          0x00090f70       0x10 C:/ncs/v3.4.0/nrfxlib/mpsl/lib/nrf54lm_ns/soft-float/libmpsl.a(libmpsl_debug_soft__obfuscated.elf)
                0x00090f70                sym_A4JUKJUCTJV55V2WD6TXU63VO5GAMB4XA4EE56Q
 .text          0x00090f80        0xc C:/ncs/v3.4.0/nrfxlib/mpsl/lib/nrf54lm_ns/soft-float/libmpsl.a(libmpsl_debug_soft__obfuscated.elf)
                0x00090f80                sym_4PX37LW4KIUYQZ73JWLPH5GAGIRWAKTV3E6F62Q
 .text          0x00090f8c       0x98 C:/ncs/v3.4.0/nrfxlib/mpsl/lib/nrf54lm_ns/soft-float/libmpsl.a(libmpsl_debug_soft__obfuscated.elf)
                0x00090f8c                sym_FYHKZOVAJN6VDDHY43FT7PF4YLRDHWRTEWHFG6I
 .text          0x00091024       0x28 C:/ncs/v3.4.0/nrfxlib/mpsl/lib/nrf54lm_ns/soft-float/libmpsl.a(libmpsl_debug_soft__obfuscated.elf)
                0x00091024                mpsl_clock_hfclk_latency_set
 .text          0x0009104c       0x24 C:/ncs/v3.4.0/nrfxlib/mpsl/lib/nrf54lm_ns/soft-float/libmpsl.a(libmpsl_debug_soft__obfuscated.elf)
                0x0009104c                sym_AZF6WXJCN65YCD7ZAP7TGVQYTJ5FWOMJFQCRXXY
 .text          0x00091070       0x1c C:/ncs/v3.4.0/nrfxlib/mpsl/lib/nrf54lm_ns/soft-float/libmpsl.a(libmpsl_debug_soft__obfuscated.elf)
 .text          0x0009108c       0x10 C:/ncs/v3.4.0/nrfxlib/mpsl/lib/nrf54lm_ns/soft-float/libmpsl.a(libmpsl_debug_soft__obfuscated.elf)
                0x0009108c                sym_L3BWYCQWIETVHY7KA4HB4DY5VX35JKUQV3DDRQI
 .text          0x0009109c       0x80 C:/ncs/v3.4.0/nrfxlib/mpsl/lib/nrf54lm_ns/soft-float/libmpsl.a(libmpsl_debug_soft__obfuscated.elf)
                0x0009109c                sym_5UC6I2IFHRSO64HSQBXZGO3KJYKHBIJFZGOJVAQ
 .text          0x0009111c       0x50 C:/ncs/v3.4.0/nrfxlib/mpsl/lib/nrf54lm_ns/soft-float/libmpsl.a(libmpsl_debug_soft__obfuscated.elf)
                0x0009111c                sym_P6UKWXUEG2A2QOVDYCZXLZEWNE6FKCCKUQ7RSXQ
 .text          0x0009116c       0x10 C:/ncs/v3.4.0/nrfxlib/mpsl/lib/nrf54lm_ns/soft-float/libmpsl.a(libmpsl_debug_soft__obfuscated.elf)
                0x0009116c                sym_7YM64HZKJSZJ2NGD75BB2X7S77SP5MW3H47NBFQ
 .text          0x0009117c       0x64 C:/ncs/v3.4.0/nrfxlib/mpsl/lib/nrf54lm_ns/soft-float/libmpsl.a(libmpsl_debug_soft__obfuscated.elf)
 .text          0x000911e0       0x9c C:/ncs/v3.4.0/nrfxlib/mpsl/lib/nrf54lm_ns/soft-float/libmpsl.a(libmpsl_debug_soft__obfuscated.elf)
 .text          0x0009127c       0x28 C:/ncs/v3.4.0/nrfxlib/mpsl/lib/nrf54lm_ns/soft-float/libmpsl.a(libmpsl_debug_soft__obfuscated.elf)
 .text          0x000912a4       0x5c C:/ncs/v3.4.0/nrfxlib/mpsl/lib/nrf54lm_ns/soft-float/libmpsl.a(libmpsl_debug_soft__obfuscated.elf)
 .text          0x00091300      0x130 C:/ncs/v3.4.0/nrfxlib/mpsl/lib/nrf54lm_ns/soft-float/libmpsl.a(libmpsl_debug_soft__obfuscated.elf)
 .text          0x00091430       0x3c C:/ncs/v3.4.0/nrfxlib/mpsl/lib/nrf54lm_ns/soft-float/libmpsl.a(libmpsl_debug_soft__obfuscated.elf)
                0x00091430                sym_NAXHIIDB2OHTHT3Y3H6X2OTPPEM5W7LSTNSI73Q
 .text          0x0009146c       0x14 C:/ncs/v3.4.0/nrfxlib/mpsl/lib/nrf54lm_ns/soft-float/libmpsl.a(libmpsl_debug_soft__obfuscated.elf)
                0x0009146c                sym_C5J26E5S2LFIPDPNZOXPD63JBZN57EZGBRF2HIQ
 .text          0x00091480       0x2c C:/ncs/v3.4.0/nrfxlib/mpsl/lib/nrf54lm_ns/soft-float/libmpsl.a(libmpsl_debug_soft__obfuscated.elf)
                0x00091480                sym_ZOPRLHE544AAAOQWETJSYDQQYAWWWJXKNTSNVGA
 .text          0x000914ac       0x50 C:/ncs/v3.4.0/nrfxlib/mpsl/lib/nrf54lm_ns/soft-float/libmpsl.a(libmpsl_debug_soft__obfuscated.elf)
                0x000914ac                sym_6QFB7MDKADZ77L2VCGCE3NDXUGZBDHKLHID2BJA
 .text          0x000914fc       0xa4 C:/ncs/v3.4.0/nrfxlib/mpsl/lib/nrf54lm_ns/soft-float/libmpsl.a(libmpsl_debug_soft__obfuscated.elf)
                0x000914fc                sym_6W3JRFJFKWMHX5TF6XOWKXMCNHQXLMTODZI37OA
 .text          0x000915a0       0x1c C:/ncs/v3.4.0/nrfxlib/mpsl/lib/nrf54lm_ns/soft-float/libmpsl.a(libmpsl_debug_soft__obfuscated.elf)
                0x000915a0                sym_JV7ILQ3KWGAHJYOG3LBRTREVFC2XKOW6DAXBQEY
 .text          0x000915bc       0x58 C:/ncs/v3.4.0/nrfxlib/mpsl/lib/nrf54lm_ns/soft-float/libmpsl.a(libmpsl_debug_soft__obfuscated.elf)
                0x000915bc                sym_VYUIG5G7GY35JENLAM47M3J7YIGG7HW6HUGO6KQ
 .text          0x00091614       0x60 C:/ncs/v3.4.0/nrfxlib/mpsl/lib/nrf54lm_ns/soft-float/libmpsl.a(libmpsl_debug_soft__obfuscated.elf)
                0x00091614                sym_B2V4CDOC44GG7XX3H5MPZLGUPL7TEUR3AYKLLBQ
 .text          0x00091674       0x34 C:/ncs/v3.4.0/nrfxlib/mpsl/lib/nrf54lm_ns/soft-float/libmpsl.a(libmpsl_debug_soft__obfuscated.elf)
                0x00091674                sym_5JCST2ZL2CQUW54F7Y33QYQ7U6G6DOTLZEP3EWY
 .text          0x000916a8       0xcc C:/ncs/v3.4.0/nrfxlib/mpsl/lib/nrf54lm_ns/soft-float/libmpsl.a(libmpsl_debug_soft__obfuscated.elf)
                0x000916a8                sym_VWNWKQK3PM3PBLDVWENR67TH6FEMRVCKKZSIK2Q
 .text          0x00091774       0x10 C:/ncs/v3.4.0/nrfxlib/mpsl/lib/nrf54lm_ns/soft-float/libmpsl.a(libmpsl_debug_soft__obfuscated.elf)